Archive member included to satisfy reference by file (symbol)

/Applications/ArmGNUToolchain/13.2.Rel1/arm-none-eabi/bin/../lib/gcc/arm-none-eabi/13.2.1/thumb/v6-m/nofp/libgcc.a(_dvmd_tls.o)
                              CMakeFiles/blink_freertos.dir/Users/ycc-yfb/pico/pico-sdk/src/rp2_common/pico_divider/divider.S.obj (__aeabi_idiv0)
/Applications/ArmGNUToolchain/13.2.Rel1/arm-none-eabi/bin/../lib/gcc/arm-none-eabi/13.2.1/../../../../arm-none-eabi/lib/thumb/v6-m/nofp/libc.a(libc_a-calloc.o)
                              CMakeFiles/blink_freertos.dir/Users/ycc-yfb/pico/pico-sdk/src/rp2_common/pico_malloc/pico_malloc.c.obj (calloc)
/Applications/ArmGNUToolchain/13.2.Rel1/arm-none-eabi/bin/../lib/gcc/arm-none-eabi/13.2.1/../../../../arm-none-eabi/lib/thumb/v6-m/nofp/libc.a(libc_a-callocr.o)
                              /Applications/ArmGNUToolchain/13.2.Rel1/arm-none-eabi/bin/../lib/gcc/arm-none-eabi/13.2.1/../../../../arm-none-eabi/lib/thumb/v6-m/nofp/libc.a(libc_a-calloc.o) (_calloc_r)
/Applications/ArmGNUToolchain/13.2.Rel1/arm-none-eabi/bin/../lib/gcc/arm-none-eabi/13.2.1/../../../../arm-none-eabi/lib/thumb/v6-m/nofp/libc.a(libc_a-malloc.o)
                              CMakeFiles/blink_freertos.dir/Users/ycc-yfb/pico/pico-sdk/src/rp2_common/pico_malloc/pico_malloc.c.obj (malloc)
/Applications/ArmGNUToolchain/13.2.Rel1/arm-none-eabi/bin/../lib/gcc/arm-none-eabi/13.2.1/../../../../arm-none-eabi/lib/thumb/v6-m/nofp/libc.a(libc_a-mallocr.o)
                              /Applications/ArmGNUToolchain/13.2.Rel1/arm-none-eabi/bin/../lib/gcc/arm-none-eabi/13.2.1/../../../../arm-none-eabi/lib/thumb/v6-m/nofp/libc.a(libc_a-callocr.o) (_malloc_r)
/Applications/ArmGNUToolchain/13.2.Rel1/arm-none-eabi/bin/../lib/gcc/arm-none-eabi/13.2.1/../../../../arm-none-eabi/lib/thumb/v6-m/nofp/libc.a(libc_a-mlock.o)
                              /Applications/ArmGNUToolchain/13.2.Rel1/arm-none-eabi/bin/../lib/gcc/arm-none-eabi/13.2.1/../../../../arm-none-eabi/lib/thumb/v6-m/nofp/libc.a(libc_a-mallocr.o) (__malloc_lock)
/Applications/ArmGNUToolchain/13.2.Rel1/arm-none-eabi/bin/../lib/gcc/arm-none-eabi/13.2.1/../../../../arm-none-eabi/lib/thumb/v6-m/nofp/libc.a(libc_a-realloc.o)
                              CMakeFiles/blink_freertos.dir/Users/ycc-yfb/pico/pico-sdk/src/rp2_common/pico_malloc/pico_malloc.c.obj (realloc)
/Applications/ArmGNUToolchain/13.2.Rel1/arm-none-eabi/bin/../lib/gcc/arm-none-eabi/13.2.1/../../../../arm-none-eabi/lib/thumb/v6-m/nofp/libc.a(libc_a-reallocr.o)
                              /Applications/ArmGNUToolchain/13.2.Rel1/arm-none-eabi/bin/../lib/gcc/arm-none-eabi/13.2.1/../../../../arm-none-eabi/lib/thumb/v6-m/nofp/libc.a(libc_a-realloc.o) (_realloc_r)
/Applications/ArmGNUToolchain/13.2.Rel1/arm-none-eabi/bin/../lib/gcc/arm-none-eabi/13.2.1/../../../../arm-none-eabi/lib/thumb/v6-m/nofp/libc.a(libc_a-memcmp.o)
                              CMakeFiles/blink_freertos.dir/Users/ycc-yfb/pico/pico-sdk/lib/cyw43-driver/src/cyw43_ll.c.obj (memcmp)
/Applications/ArmGNUToolchain/13.2.Rel1/arm-none-eabi/bin/../lib/gcc/arm-none-eabi/13.2.1/../../../../arm-none-eabi/lib/thumb/v6-m/nofp/libc.a(libc_a-memmove.o)
                              CMakeFiles/blink_freertos.dir/Users/ycc-yfb/pico/pico-sdk/lib/cyw43-driver/src/cyw43_ll.c.obj (memmove)
/Applications/ArmGNUToolchain/13.2.Rel1/arm-none-eabi/bin/../lib/gcc/arm-none-eabi/13.2.1/../../../../arm-none-eabi/lib/thumb/v6-m/nofp/libc.a(libc_a-strncmp.o)
                              CMakeFiles/blink_freertos.dir/Users/ycc-yfb/pico/pico-sdk/lib/cyw43-driver/src/cyw43_ll.c.obj (strncmp)
/Applications/ArmGNUToolchain/13.2.Rel1/arm-none-eabi/bin/../lib/gcc/arm-none-eabi/13.2.1/../../../../arm-none-eabi/lib/thumb/v6-m/nofp/libc.a(libc_a-impure.o)
                              /Applications/ArmGNUToolchain/13.2.Rel1/arm-none-eabi/bin/../lib/gcc/arm-none-eabi/13.2.1/../../../../arm-none-eabi/lib/thumb/v6-m/nofp/libc.a(libc_a-calloc.o) (_impure_ptr)
/Applications/ArmGNUToolchain/13.2.Rel1/arm-none-eabi/bin/../lib/gcc/arm-none-eabi/13.2.1/../../../../arm-none-eabi/lib/thumb/v6-m/nofp/libc.a(libc_a-sbrkr.o)
                              /Applications/ArmGNUToolchain/13.2.Rel1/arm-none-eabi/bin/../lib/gcc/arm-none-eabi/13.2.1/../../../../arm-none-eabi/lib/thumb/v6-m/nofp/libc.a(libc_a-mallocr.o) (_sbrk_r)
/Applications/ArmGNUToolchain/13.2.Rel1/arm-none-eabi/bin/../lib/gcc/arm-none-eabi/13.2.1/../../../../arm-none-eabi/lib/thumb/v6-m/nofp/libc.a(libc_a-errno.o)
                              /Applications/ArmGNUToolchain/13.2.Rel1/arm-none-eabi/bin/../lib/gcc/arm-none-eabi/13.2.1/../../../../arm-none-eabi/lib/thumb/v6-m/nofp/libc.a(libc_a-callocr.o) (__errno)
/Applications/ArmGNUToolchain/13.2.Rel1/arm-none-eabi/bin/../lib/gcc/arm-none-eabi/13.2.1/../../../../arm-none-eabi/lib/thumb/v6-m/nofp/libc.a(libc_a-sysconf.o)
[...]
Memory Configuration

Name             Origin             Length             Attributes
FLASH            0x10000000         0x00200000         xr
RAM              0x20000000         0x00040000         xrw
SCRATCH_X        0x20040000         0x00001000         xrw
SCRATCH_Y        0x20041000         0x00001000         xrw
*default*        0x00000000         0xffffffff

Linker script and memory map

LOAD /Applications/ArmGNUToolchain/13.2.Rel1/arm-none-eabi/bin/../lib/gcc/arm-none-eabi/13.2.1/thumb/v6-m/nofp/crti.o
LOAD /Applications/ArmGNUToolchain/13.2.Rel1/arm-none-eabi/bin/../lib/gcc/arm-none-eabi/13.2.1/thumb/v6-m/nofp/crtbegin.o
LOAD /Applications/ArmGNUToolchain/13.2.Rel1/arm-none-eabi/bin/../lib/gcc/arm-none-eabi/13.2.1/../../../../arm-none-eabi/lib/thumb/v6-m/nofp/crt0.o

.flash_begin    0x10000000        0x0
                0x10000000                        __flash_binary_start = .

.boot2          0x10000000      0x100
                0x10000000                        __boot2_start__ = .
 *(.boot2)
 .boot2         0x10000000      0x100 /var/folders/g7/lmy6cnzn3ns6pdyr95mp5mp00000gn/T//ccjo1hUA.o
                0x10000100                        __boot2_end__ = .
                0x00000001                        ASSERT (((__boot2_end__ - __boot2_start__) == 0x100), ERROR: Pico second stage bootloader must be 256 bytes in size)

.text           0x10000100     0xe5b8
                0x10000100                        __logical_binary_start = .
 *(.vectors)
 .vectors       0x10000100       0xd4 CMakeFiles/blink_freertos.dir/Users/ycc-yfb/pico/pico-sdk/src/rp2_common/pico_standard_link/crt0.S.obj
                0x10000100                __VECTOR_TABLE
                0x10000100                __vectors
                0x100001c0                __default_isrs_start
                0x100001c0                isr_invalid
                0x100001c2                isr_nmi
                0x100001c4                isr_hardfault
                0x100001c6                isr_svcall
                0x100001c8                isr_pendsv
                0x100001ca                isr_systick
                0x100001cc                isr_irq28
                0x100001cc                isr_irq19
                0x100001cc                isr_irq0
                0x100001cc                isr_irq6
                0x100001cc                isr_irq22
                0x100001cc                isr_irq17
                0x100001cc                isr_irq14
                0x100001cc                isr_irq2
                0x100001cc                isr_irq10
                0x100001cc                isr_irq8
                0x100001cc                isr_irq24
                0x100001cc                isr_irq1
                0x100001cc                isr_irq7
                0x100001cc                isr_irq21
                0x100001cc                isr_irq20
                0x100001cc                isr_irq15
                0x100001cc                isr_irq25
                0x100001cc                isr_irq4
                0x100001cc                isr_irq16
                0x100001cc                isr_irq29
                0x100001cc                isr_irq26
                0x100001cc                __default_isrs_end
                0x100001cc                isr_irq3
                0x100001cc                isr_irq9
                0x100001cc                __unhandled_user_irq
                0x100001cc                isr_irq13
                0x100001cc                isr_irq27
                0x100001cc                isr_irq31
                0x100001cc                isr_irq5
                0x100001cc                isr_irq11
                0x100001cc                isr_irq23
                0x100001cc                isr_irq18
                0x100001cc                isr_irq30
                0x100001cc                isr_irq12
                0x100001d2                unhandled_user_irq_num_in_r0
 *(.binary_info_header)
 .binary_info_header
                0x100001d4       0x14 CMakeFiles/blink_freertos.dir/Users/ycc-yfb/pico/pico-sdk/src/rp2_common/pico_standard_link/crt0.S.obj
                0x100001e8                        __binary_info_header_end = .
 *(.reset)
 .reset         0x100001e8       0xa0 CMakeFiles/blink_freertos.dir/Users/ycc-yfb/pico/pico-sdk/src/rp2_common/pico_standard_link/crt0.S.obj
                0x100001e8                _entry_point
 .reset         0x10000288       0x30 CMakeFiles/blink_freertos.dir/Users/ycc-yfb/pico/pico-sdk/src/rp2_common/pico_standard_link/binary_info.c.obj
 *(.init)
 .init          0x100002b8        0x4 /Applications/ArmGNUToolchain/13.2.Rel1/arm-none-eabi/bin/../lib/gcc/arm-none-eabi/13.2.1/thumb/v6-m/nofp/crti.o
                0x100002b8                _init
 *(EXCLUDE_FILE(*libm.a: *libc.a:*lib_a-mem*.o *libgcc.a:) .text*)
 .text.register_tm_clones
                0x100002bc       0x28 /Applications/ArmGNUToolchain/13.2.Rel1/arm-none-eabi/bin/../lib/gcc/arm-none-eabi/13.2.1/thumb/v6-m/nofp/crtbegin.o
 .text.frame_dummy
                0x100002e4       0x24 /Applications/ArmGNUToolchain/13.2.Rel1/arm-none-eabi/bin/../lib/gcc/arm-none-eabi/13.2.1/thumb/v6-m/nofp/crtbegin.o
 .text.led_task
                0x10000308       0x20 CMakeFiles/blink_freertos.dir/blink_freertos.c.obj
                0x10000308                led_task
 .text.sayHelloWorld
                0x10000328       0x18 CMakeFiles/blink_freertos.dir/blink_freertos.c.obj
                0x10000328                sayHelloWorld
 .text.startup.main
                0x10000340       0x60 CMakeFiles/blink_freertos.dir/blink_freertos.c.obj
                0x10000340                main
 .text.gpio_set_function
                0x100003a0       0x30 CMakeFiles/blink_freertos.dir/Users/ycc-yfb/pico/pico-sdk/src/rp2_common/hardware_gpio/gpio.c.obj
                0x100003a0                gpio_set_function
 .text.gpio_set_pulls
                0x100003d0       0x24 CMakeFiles/blink_freertos.dir/Users/ycc-yfb/pico/pico-sdk/src/rp2_common/hardware_gpio/gpio.c.obj
                0x100003d0                gpio_set_pulls
 .text.gpio_set_input_hysteresis_enabled
                0x100003f4       0x28 CMakeFiles/blink_freertos.dir/Users/ycc-yfb/pico/pico-sdk/src/rp2_common/hardware_gpio/gpio.c.obj
                0x100003f4                gpio_set_input_hysteresis_enabled
 .text.gpio_set_irq_enabled
                0x1000041c       0x54 CMakeFiles/blink_freertos.dir/Users/ycc-yfb/pico/pico-sdk/src/rp2_common/hardware_gpio/gpio.c.obj
                0x1000041c                gpio_set_irq_enabled
 .text.gpio_add_raw_irq_handler_with_order_priority_masked
                0x10000470       0x44 CMakeFiles/blink_freertos.dir/Users/ycc-yfb/pico/pico-sdk/src/rp2_common/hardware_gpio/gpio.c.obj
                0x10000470                gpio_add_raw_irq_handler_with_order_priority_masked
 .text.gpio_remove_raw_irq_handler_masked
                0x100004b4       0x20 CMakeFiles/blink_freertos.dir/Users/ycc-yfb/pico/pico-sdk/src/rp2_common/hardware_gpio/gpio.c.obj
                0x100004b4                gpio_remove_raw_irq_handler_masked
 .text.gpio_init
                0x100004d4       0x3c CMakeFiles/blink_freertos.dir/Users/ycc-yfb/pico/pico-sdk/src/rp2_common/hardware_gpio/gpio.c.obj
                0x100004d4                gpio_init
 .text.running_on_fpga
                0x10000510       0x10 CMakeFiles/blink_freertos.dir/Users/ycc-yfb/pico/pico-sdk/src/rp2_common/pico_platform/platform.c.obj
                0x10000510                running_on_fpga
 .text.hw_claim_lock
                0x10000520       0x18 CMakeFiles/blink_freertos.dir/Users/ycc-yfb/pico/pico-sdk/src/rp2_common/hardware_claim/claim.c.obj
                0x10000520                hw_claim_lock
 .text.hw_claim_unlock
                0x10000538       0x14 CMakeFiles/blink_freertos.dir/Users/ycc-yfb/pico/pico-sdk/src/rp2_common/hardware_claim/claim.c.obj
                0x10000538                hw_claim_unlock
 .text.hw_claim_or_assert
                0x1000054c       0x44 CMakeFiles/blink_freertos.dir/Users/ycc-yfb/pico/pico-sdk/src/rp2_common/hardware_claim/claim.c.obj
                0x1000054c                hw_claim_or_assert
 .text.hw_claim_unused_from_range
                0x10000590       0x9c CMakeFiles/blink_freertos.dir/Users/ycc-yfb/pico/pico-sdk/src/rp2_common/hardware_claim/claim.c.obj
                0x10000590                hw_claim_unused_from_range
 .text.hw_claim_clear
                0x1000062c       0x38 CMakeFiles/blink_freertos.dir/Users/ycc-yfb/pico/pico-sdk/src/rp2_common/hardware_claim/claim.c.obj
                0x1000062c                hw_claim_clear
 .text.spin_locks_reset
                0x10000664       0x1c CMakeFiles/blink_freertos.dir/Users/ycc-yfb/pico/pico-sdk/src/rp2_common/hardware_sync/sync.c.obj
                0x10000664                spin_locks_reset
 .text.next_striped_spin_lock_num
                0x10000680       0x18 CMakeFiles/blink_freertos.dir/Users/ycc-yfb/pico/pico-sdk/src/rp2_common/hardware_sync/sync.c.obj
                0x10000680                next_striped_spin_lock_num
 .text.spin_lock_claim
                0x10000698       0x18 CMakeFiles/blink_freertos.dir/Users/ycc-yfb/pico/pico-sdk/src/rp2_common/hardware_sync/sync.c.obj
                0x10000698                spin_lock_claim
 .text.spin_lock_claim_unused
                0x100006b0       0x24 CMakeFiles/blink_freertos.dir/Users/ycc-yfb/pico/pico-sdk/src/rp2_common/hardware_sync/sync.c.obj
                0x100006b0                spin_lock_claim_unused
 .text.irq_set_enabled
                0x100006d4       0x24 CMakeFiles/blink_freertos.dir/Users/ycc-yfb/pico/pico-sdk/src/rp2_common/hardware_irq/irq.c.obj
                0x100006d4                irq_set_enabled
 .text.irq_is_enabled
                0x100006f8       0x18 CMakeFiles/blink_freertos.dir/Users/ycc-yfb/pico/pico-sdk/src/rp2_common/hardware_irq/irq.c.obj
                0x100006f8                irq_is_enabled
 .text.irq_set_pending
                0x10000710       0x10 CMakeFiles/blink_freertos.dir/Users/ycc-yfb/pico/pico-sdk/src/rp2_common/hardware_irq/irq.c.obj
                0x10000710                irq_set_pending
 .text.irq_has_shared_handler
                0x10000720       0x2c CMakeFiles/blink_freertos.dir/Users/ycc-yfb/pico/pico-sdk/src/rp2_common/hardware_irq/irq.c.obj
                0x10000720                irq_has_shared_handler
 .text.irq_get_vtable_handler
                0x1000074c       0x10 CMakeFiles/blink_freertos.dir/Users/ycc-yfb/pico/pico-sdk/src/rp2_common/hardware_irq/irq.c.obj
                0x1000074c                irq_get_vtable_handler
 .text.irq_set_exclusive_handler
                0x1000075c       0x54 CMakeFiles/blink_freertos.dir/Users/ycc-yfb/pico/pico-sdk/src/rp2_common/hardware_irq/irq.c.obj
                0x1000075c                irq_set_exclusive_handler
 .text.irq_add_shared_handler
                0x100007b0      0x1f4 CMakeFiles/blink_freertos.dir/Users/ycc-yfb/pico/pico-sdk/src/rp2_common/hardware_irq/irq.c.obj
                0x100007b0                irq_add_shared_handler
 .text.irq_remove_handler
                0x100009a4      0x1c4 CMakeFiles/blink_freertos.dir/Users/ycc-yfb/pico/pico-sdk/src/rp2_common/hardware_irq/irq.c.obj
                0x100009a4                irq_remove_handler
 .text.irq_set_priority
                0x10000b68       0x28 CMakeFiles/blink_freertos.dir/Users/ycc-yfb/pico/pico-sdk/src/rp2_common/hardware_irq/irq.c.obj
                0x10000b68                irq_set_priority
 .text.irq_add_tail_to_free_list
                0x10000b90       0xb4 CMakeFiles/blink_freertos.dir/Users/ycc-yfb/pico/pico-sdk/src/rp2_common/hardware_irq/irq.c.obj
                0x10000b90                irq_add_tail_to_free_list
 .text.irq_init_priorities
                0x10000c44       0x24 CMakeFiles/blink_freertos.dir/Users/ycc-yfb/pico/pico-sdk/src/rp2_common/hardware_irq/irq.c.obj
                0x10000c44                irq_init_priorities
 .text.user_irq_unclaim
                0x10000c68       0x14 CMakeFiles/blink_freertos.dir/Users/ycc-yfb/pico/pico-sdk/src/rp2_common/hardware_irq/irq.c.obj
                0x10000c68                user_irq_unclaim
 .text.user_irq_claim_unused
                0x10000c7c       0x2c CMakeFiles/blink_freertos.dir/Users/ycc-yfb/pico/pico-sdk/src/rp2_common/hardware_irq/irq.c.obj
                0x10000c7c                user_irq_claim_unused
 .text.sem_init
                0x10000ca8       0x20 CMakeFiles/blink_freertos.dir/Users/ycc-yfb/pico/pico-sdk/src/common/pico_sync/sem.c.obj
                0x10000ca8                sem_init
 .text.lock_init
                0x10000cc8       0x10 CMakeFiles/blink_freertos.dir/Users/ycc-yfb/pico/pico-sdk/src/common/pico_sync/lock_core.c.obj
                0x10000cc8                lock_init
 .text.mutex_init
                0x10000cd8       0x1c CMakeFiles/blink_freertos.dir/Users/ycc-yfb/pico/pico-sdk/src/common/pico_sync/mutex.c.obj
                0x10000cd8                mutex_init
 .text.recursive_mutex_init
                0x10000cf4       0x20 CMakeFiles/blink_freertos.dir/Users/ycc-yfb/pico/pico-sdk/src/common/pico_sync/mutex.c.obj
                0x10000cf4                recursive_mutex_init
 .text.critical_section_init
                0x10000d14       0x1c CMakeFiles/blink_freertos.dir/Users/ycc-yfb/pico/pico-sdk/src/common/pico_sync/critical_section.c.obj
                0x10000d14                critical_section_init
 .text.critical_section_init_with_lock_num
                0x10000d30       0x14 CMakeFiles/blink_freertos.dir/Users/ycc-yfb/pico/pico-sdk/src/common/pico_sync/critical_section.c.obj
                0x10000d30                critical_section_init_with_lock_num
 .text.timer_pool_entry_comparator
                0x10000d44       0x34 CMakeFiles/blink_freertos.dir/Users/ycc-yfb/pico/pico-sdk/src/common/pico_time/time.c.obj
                0x10000d44                timer_pool_entry_comparator
 .text.sleep_until_callback
                0x10000d78       0x24 CMakeFiles/blink_freertos.dir/Users/ycc-yfb/pico/pico-sdk/src/common/pico_time/time.c.obj
 .text.add_alarm_under_lock.isra.0
                0x10000d9c      0x100 CMakeFiles/blink_freertos.dir/Users/ycc-yfb/pico/pico-sdk/src/common/pico_time/time.c.obj
 .text.alarm_pool_alarm_callback
                0x10000e9c      0x1c0 CMakeFiles/blink_freertos.dir/Users/ycc-yfb/pico/pico-sdk/src/common/pico_time/time.c.obj
 .text.alarm_pool_init_default
                0x1000105c       0x6c CMakeFiles/blink_freertos.dir/Users/ycc-yfb/pico/pico-sdk/src/common/pico_time/time.c.obj
                0x1000105c                alarm_pool_init_default
 .text.alarm_pool_get_default
                0x100010c8        0x8 CMakeFiles/blink_freertos.dir/Users/ycc-yfb/pico/pico-sdk/src/common/pico_time/time.c.obj
                0x100010c8                alarm_pool_get_default
 .text.alarm_pool_create_with_unused_hardware_alarm
                0x100010d0       0x74 CMakeFiles/blink_freertos.dir/Users/ycc-yfb/pico/pico-sdk/src/common/pico_time/time.c.obj
                0x100010d0                alarm_pool_create_with_unused_hardware_alarm
 .text.alarm_pool_destroy
                0x10001144       0x44 CMakeFiles/blink_freertos.dir/Users/ycc-yfb/pico/pico-sdk/src/common/pico_time/time.c.obj
                0x10001144                alarm_pool_destroy
 .text.alarm_pool_add_alarm_at
                0x10001188      0x17c CMakeFiles/blink_freertos.dir/Users/ycc-yfb/pico/pico-sdk/src/common/pico_time/time.c.obj
                0x10001188                alarm_pool_add_alarm_at
 .text.alarm_pool_add_alarm_at_force_in_context
                0x10001304      0x114 CMakeFiles/blink_freertos.dir/Users/ycc-yfb/pico/pico-sdk/src/common/pico_time/time.c.obj
                0x10001304                alarm_pool_add_alarm_at_force_in_context
 .text.alarm_pool_cancel_alarm
                0x10001418       0x70 CMakeFiles/blink_freertos.dir/Users/ycc-yfb/pico/pico-sdk/src/common/pico_time/time.c.obj
                0x10001418                alarm_pool_cancel_alarm
 .text.alarm_pool_core_num
                0x10001488        0x4 CMakeFiles/blink_freertos.dir/Users/ycc-yfb/pico/pico-sdk/src/common/pico_time/time.c.obj
                0x10001488                alarm_pool_core_num
 .text.sleep_until
                0x1000148c       0xbc CMakeFiles/blink_freertos.dir/Users/ycc-yfb/pico/pico-sdk/src/common/pico_time/time.c.obj
                0x1000148c                sleep_until
 .text.sleep_ms
                0x10001548       0x38 CMakeFiles/blink_freertos.dir/Users/ycc-yfb/pico/pico-sdk/src/common/pico_time/time.c.obj
                0x10001548                sleep_ms
 .text.best_effort_wfe_or_timeout
                0x10001580       0xcc CMakeFiles/blink_freertos.dir/Users/ycc-yfb/pico/pico-sdk/src/common/pico_time/time.c.obj
                0x10001580                best_effort_wfe_or_timeout
 .text.hardware_alarm_irq_handler
                0x1000164c       0xbc CMakeFiles/blink_freertos.dir/Users/ycc-yfb/pico/pico-sdk/src/rp2_common/hardware_timer/timer.c.obj
 .text.hardware_alarm_claim
                0x10001708       0x18 CMakeFiles/blink_freertos.dir/Users/ycc-yfb/pico/pico-sdk/src/rp2_common/hardware_timer/timer.c.obj
                0x10001708                hardware_alarm_claim
 .text.hardware_alarm_unclaim
                0x10001720       0x14 CMakeFiles/blink_freertos.dir/Users/ycc-yfb/pico/pico-sdk/src/rp2_common/hardware_timer/timer.c.obj
                0x10001720                hardware_alarm_unclaim
 .text.hardware_alarm_claim_unused
                0x10001734       0x24 CMakeFiles/blink_freertos.dir/Users/ycc-yfb/pico/pico-sdk/src/rp2_common/hardware_timer/timer.c.obj
                0x10001734                hardware_alarm_claim_unused
 .text.time_us_64
                0x10001758       0x14 CMakeFiles/blink_freertos.dir/Users/ycc-yfb/pico/pico-sdk/src/rp2_common/hardware_timer/timer.c.obj
                0x10001758                time_us_64
 .text.busy_wait_until
                0x1000176c       0x20 CMakeFiles/blink_freertos.dir/Users/ycc-yfb/pico/pico-sdk/src/rp2_common/hardware_timer/timer.c.obj
                0x1000176c                busy_wait_until
 .text.hardware_alarm_set_callback
                0x1000178c       0x8c CMakeFiles/blink_freertos.dir/Users/ycc-yfb/pico/pico-sdk/src/rp2_common/hardware_timer/timer.c.obj
                0x1000178c                hardware_alarm_set_callback
 .text.hardware_alarm_set_target
                0x10001818       0xd0 CMakeFiles/blink_freertos.dir/Users/ycc-yfb/pico/pico-sdk/src/rp2_common/hardware_timer/timer.c.obj
                0x10001818                hardware_alarm_set_target
 .text.hardware_alarm_cancel
                0x100018e8       0x3c CMakeFiles/blink_freertos.dir/Users/ycc-yfb/pico/pico-sdk/src/rp2_common/hardware_timer/timer.c.obj
                0x100018e8                hardware_alarm_cancel
 .text.hardware_alarm_force_irq
                0x10001924       0x3c CMakeFiles/blink_freertos.dir/Users/ycc-yfb/pico/pico-sdk/src/rp2_common/hardware_timer/timer.c.obj
                0x10001924                hardware_alarm_force_irq
 .text.ph_merge_nodes
                0x10001960       0x58 CMakeFiles/blink_freertos.dir/Users/ycc-yfb/pico/pico-sdk/src/common/pico_util/pheap.c.obj
 .text.ph_create
                0x100019b8       0x60 CMakeFiles/blink_freertos.dir/Users/ycc-yfb/pico/pico-sdk/src/common/pico_util/pheap.c.obj
                0x100019b8                ph_create
 .text.ph_post_alloc_init
                0x10001a18       0x3c CMakeFiles/blink_freertos.dir/Users/ycc-yfb/pico/pico-sdk/src/common/pico_util/pheap.c.obj
                0x10001a18                ph_post_alloc_init
 .text.ph_destroy
                0x10001a54       0x14 CMakeFiles/blink_freertos.dir/Users/ycc-yfb/pico/pico-sdk/src/common/pico_util/pheap.c.obj
                0x10001a54                ph_destroy
 .text.ph_merge_two_pass
                0x10001a68       0x8c CMakeFiles/blink_freertos.dir/Users/ycc-yfb/pico/pico-sdk/src/common/pico_util/pheap.c.obj
                0x10001a68                ph_merge_two_pass
 .text.ph_remove_any_head
                0x10001af4      0x100 CMakeFiles/blink_freertos.dir/Users/ycc-yfb/pico/pico-sdk/src/common/pico_util/pheap.c.obj
 .text.ph_remove_head
                0x10001bf4      0x104 CMakeFiles/blink_freertos.dir/Users/ycc-yfb/pico/pico-sdk/src/common/pico_util/pheap.c.obj
                0x10001bf4                ph_remove_head
 .text.ph_remove_and_free_node
                0x10001cf8       0x78 CMakeFiles/blink_freertos.dir/Users/ycc-yfb/pico/pico-sdk/src/common/pico_util/pheap.c.obj
                0x10001cf8                ph_remove_and_free_node
 .text.clocks_init
                0x10001d70      0x2c8 CMakeFiles/blink_freertos.dir/Users/ycc-yfb/pico/pico-sdk/src/rp2_common/hardware_clocks/clocks.c.obj
                0x10001d70                clocks_init
 .text.clock_get_hz
                0x10002038        0xc CMakeFiles/blink_freertos.dir/Users/ycc-yfb/pico/pico-sdk/src/rp2_common/hardware_clocks/clocks.c.obj
                0x10002038                clock_get_hz
 .text.pll_init
                0x10002044       0xa4 CMakeFiles/blink_freertos.dir/Users/ycc-yfb/pico/pico-sdk/src/rp2_common/hardware_pll/pll.c.obj
                0x10002044                pll_init
 .text.watchdog_start_tick
                0x100020e8       0x10 CMakeFiles/blink_freertos.dir/Users/ycc-yfb/pico/pico-sdk/src/rp2_common/hardware_watchdog/watchdog.c.obj
                0x100020e8                watchdog_start_tick
 .text.watchdog_reboot
                0x100020f8       0x9c CMakeFiles/blink_freertos.dir/Users/ycc-yfb/pico/pico-sdk/src/rp2_common/hardware_watchdog/watchdog.c.obj
                0x100020f8                watchdog_reboot
 .text.xosc_init
                0x10002194       0x28 CMakeFiles/blink_freertos.dir/Users/ycc-yfb/pico/pico-sdk/src/rp2_common/hardware_xosc/xosc.c.obj
                0x10002194                xosc_init
 .text.runtime_init
                0x100021bc       0xf0 CMakeFiles/blink_freertos.dir/Users/ycc-yfb/pico/pico-sdk/src/rp2_common/pico_runtime/runtime.c.obj
                0x100021bc                runtime_init
 .text._exit    0x100022ac        0x4 CMakeFiles/blink_freertos.dir/Users/ycc-yfb/pico/pico-sdk/src/rp2_common/pico_runtime/runtime.c.obj
                0x100022ac                _exit
 .text._sbrk    0x100022b0       0x34 CMakeFiles/blink_freertos.dir/Users/ycc-yfb/pico/pico-sdk/src/rp2_common/pico_runtime/runtime.c.obj
                0x100022b0                _sbrk
 .text.exit     0x100022e4        0x8 CMakeFiles/blink_freertos.dir/Users/ycc-yfb/pico/pico-sdk/src/rp2_common/pico_runtime/runtime.c.obj
                0x100022e4                exit
 .text.panic    0x100022ec       0x30 CMakeFiles/blink_freertos.dir/Users/ycc-yfb/pico/pico-sdk/src/rp2_common/pico_runtime/runtime.c.obj
                0x100022ec                panic
 .text.panic_unsupported
                0x1000231c        0xc CMakeFiles/blink_freertos.dir/Users/ycc-yfb/pico/pico-sdk/src/rp2_common/pico_runtime/runtime.c.obj
                0x1000231c                panic_unsupported
 .text.hard_assertion_failure
                0x10002328        0xc CMakeFiles/blink_freertos.dir/Users/ycc-yfb/pico/pico-sdk/src/rp2_common/pico_runtime/runtime.c.obj
                0x10002328                hard_assertion_failure
 .text._out_null
                0x10002334        0x4 CMakeFiles/blink_freertos.dir/Users/ycc-yfb/pico/pico-sdk/src/rp2_common/pico_printf/printf.c.obj
 .text._out_rev
                0x10002338       0xac CMakeFiles/blink_freertos.dir/Users/ycc-yfb/pico/pico-sdk/src/rp2_common/pico_printf/printf.c.obj
 .text._ntoa_format
                0x100023e4      0x250 CMakeFiles/blink_freertos.dir/Users/ycc-yfb/pico/pico-sdk/src/rp2_common/pico_printf/printf.c.obj
 .text._out_char
                0x10002634       0x10 CMakeFiles/blink_freertos.dir/Users/ycc-yfb/pico/pico-sdk/src/rp2_common/pico_printf/printf.c.obj
 .text._out_fct
                0x10002644       0x10 CMakeFiles/blink_freertos.dir/Users/ycc-yfb/pico/pico-sdk/src/rp2_common/pico_printf/printf.c.obj
 .text._etoa    0x10002654      0x464 CMakeFiles/blink_freertos.dir/Users/ycc-yfb/pico/pico-sdk/src/rp2_common/pico_printf/printf.c.obj
 .text._ftoa    0x10002ab8      0x3c0 CMakeFiles/blink_freertos.dir/Users/ycc-yfb/pico/pico-sdk/src/rp2_common/pico_printf/printf.c.obj
 .text._vsnprintf
                0x10002e78      0xbc8 CMakeFiles/blink_freertos.dir/Users/ycc-yfb/pico/pico-sdk/src/rp2_common/pico_printf/printf.c.obj
 .text.vfctprintf
                0x10003a40       0x20 CMakeFiles/blink_freertos.dir/Users/ycc-yfb/pico/pico-sdk/src/rp2_common/pico_printf/printf.c.obj
                0x10003a40                vfctprintf
 .text.weak_raw_vprintf
                0x10003a60       0x30 CMakeFiles/blink_freertos.dir/Users/ycc-yfb/pico/pico-sdk/src/rp2_common/pico_printf/printf.c.obj
                0x10003a60                weak_raw_vprintf
 .text          0x10003a90       0x10 CMakeFiles/blink_freertos.dir/Users/ycc-yfb/pico/pico-sdk/src/rp2_common/pico_bit_ops/bit_ops_aeabi.S.obj
 .text.clzsi    0x10003aa0        0xc CMakeFiles/blink_freertos.dir/Users/ycc-yfb/pico/pico-sdk/src/rp2_common/pico_bit_ops/bit_ops_aeabi.S.obj
                0x10003aa0                __wrap___clz
                0x10003aa0                __wrap___clzsi2
                0x10003aa0                __wrap___clzl
 .text.ctzsi    0x10003aac        0xc CMakeFiles/blink_freertos.dir/Users/ycc-yfb/pico/pico-sdk/src/rp2_common/pico_bit_ops/bit_ops_aeabi.S.obj
                0x10003aac                __wrap___ctzsi2
 .text.rom_func_lookup
                0x10003ab8       0x10 CMakeFiles/blink_freertos.dir/Users/ycc-yfb/pico/pico-sdk/src/rp2_common/pico_bootrom/bootrom.c.obj
                0x10003ab8                rom_func_lookup
 .text.rom_data_lookup
                0x10003ac8       0x10 CMakeFiles/blink_freertos.dir/Users/ycc-yfb/pico/pico-sdk/src/rp2_common/pico_bootrom/bootrom.c.obj
                0x10003ac8                rom_data_lookup
 .text.rom_funcs_lookup
                0x10003ad8       0x44 CMakeFiles/blink_freertos.dir/Users/ycc-yfb/pico/pico-sdk/src/rp2_common/pico_bootrom/bootrom.c.obj
                0x10003ad8                rom_funcs_lookup
 .text.__wrap___aeabi_idiv
                0x10003b1c       0x50 CMakeFiles/blink_freertos.dir/Users/ycc-yfb/pico/pico-sdk/src/rp2_common/pico_divider/divider.S.obj
                0x10003b1c                __wrap___aeabi_idivmod
                0x10003b1c                divmod_s32s32
                0x10003b1c                div_s32s32
                0x10003b1c                __wrap___aeabi_idiv
                0x10003b24                divmod_s32s32_unsafe
                0x10003b50                divmod_s32s32_savestate
 .text.__wrap___aeabi_uidiv
                0x10003b6c       0x4c CMakeFiles/blink_freertos.dir/Users/ycc-yfb/pico/pico-sdk/src/rp2_common/pico_divider/divider.S.obj
                0x10003b6c                __wrap___aeabi_uidiv
                0x10003b6c                __wrap___aeabi_uidivmod
                0x10003b6c                div_u32u32
                0x10003b6c                divmod_u32u32
                0x10003b74                divmod_u32u32_unsafe
                0x10003b9c                divmod_u32u32_savestate
 .text.__wrap___aeabi_ldiv
                0x10003bb8      0x424 CMakeFiles/blink_freertos.dir/Users/ycc-yfb/pico/pico-sdk/src/rp2_common/pico_divider/divider.S.obj
                0x10003bb8                __wrap___aeabi_ldivmod
                0x10003bb8                div_s64s64
                0x10003bb8                divmod_s64s64
                0x10003be8                divmod_u64u64
                0x10003be8                div_u64u64
                0x10003be8                __wrap___aeabi_uldivmod
                0x10003bf8                divmod_u64u64_savestate
                0x10003c18                divmod_s64s64_unsafe
                0x10003ca0                divmod_u64u64_unsafe
 .text.__wrap___aeabi_darithmetic
                0x10003fdc       0x60 CMakeFiles/blink_freertos.dir/Users/ycc-yfb/pico/pico-sdk/src/rp2_common/pico_double/double_aeabi.S.obj
                0x10003fdc                __wrap___aeabi_drsub
                0x10003fe2                __wrap___aeabi_dsub
                0x10003fec                __wrap___aeabi_dadd
                0x10003ff6                __wrap___aeabi_ddiv
                0x1000402a                __wrap___aeabi_dmul
 .text.__wrap___aeabi_cdcmple
                0x1000403c       0x6c CMakeFiles/blink_freertos.dir/Users/ycc-yfb/pico/pico-sdk/src/rp2_common/pico_double/double_aeabi.S.obj
                0x1000403c                __wrap___aeabi_cdrcmple
                0x1000404c                __wrap___aeabi_cdcmple
                0x1000404c                __wrap___aeabi_cdcmpeq
 .text.__wrap___aeabi_dcmplt
                0x100040a8        0xc CMakeFiles/blink_freertos.dir/Users/ycc-yfb/pico/pico-sdk/src/rp2_common/pico_double/double_aeabi.S.obj
                0x100040a8                __wrap___aeabi_dcmplt
 .text.__wrap___aeabi_dcmpge
                0x100040b4       0x10 CMakeFiles/blink_freertos.dir/Users/ycc-yfb/pico/pico-sdk/src/rp2_common/pico_double/double_aeabi.S.obj
                0x100040b4                __wrap___aeabi_dcmpge
 .text.__wrap___aeabi_dcmpgt
                0x100040c4        0xa CMakeFiles/blink_freertos.dir/Users/ycc-yfb/pico/pico-sdk/src/rp2_common/pico_double/double_aeabi.S.obj
                0x100040c4                __wrap___aeabi_dcmpgt
 .text.__wrap___aeabi_dcmpun
                0x100040ce       0x1c CMakeFiles/blink_freertos.dir/Users/ycc-yfb/pico/pico-sdk/src/rp2_common/pico_double/double_aeabi.S.obj
                0x100040ce                __wrap___aeabi_dcmpun
 *fill*         0x100040ea        0x2 
 .text.__wrap___aeabi_i2d
                0x100040ec       0x38 CMakeFiles/blink_freertos.dir/Users/ycc-yfb/pico/pico-sdk/src/rp2_common/pico_double/double_aeabi.S.obj
                0x100040ec                __wrap___aeabi_ui2d
                0x100040f4                __wrap___aeabi_i2d
 .text.__wrap___aeabi_d2iz
                0x10004124       0x48 CMakeFiles/blink_freertos.dir/Users/ycc-yfb/pico/pico-sdk/src/rp2_common/pico_double/double_aeabi.S.obj
                0x10004124                __wrap___aeabi_d2iz
                0x10004124                double2int_z
 .text.__wrap___aeabi_d2uiz
                0x1000416c       0x10 CMakeFiles/blink_freertos.dir/Users/ycc-yfb/pico/pico-sdk/src/rp2_common/pico_double/double_aeabi.S.obj
                0x1000416c                double2uint
                0x1000416c                __wrap___aeabi_d2uiz
 .text.missing_double_func_shim
                0x1000417c        0xc CMakeFiles/blink_freertos.dir/Users/ycc-yfb/pico/pico-sdk/src/rp2_common/pico_double/double_init_rom.c.obj
 .text.__aeabi_double_init
                0x10004188       0x94 CMakeFiles/blink_freertos.dir/Users/ycc-yfb/pico/pico-sdk/src/rp2_common/pico_double/double_init_rom.c.obj
                0x10004188                __aeabi_double_init
 .text.double_table_shim_on_use_helper
                0x1000421c       0x2c CMakeFiles/blink_freertos.dir/Users/ycc-yfb/pico/pico-sdk/src/rp2_common/pico_double/double_v1_rom_shim.S.obj
                0x1000421c                double_table_shim_on_use_helper
 .text.__aeabi_lmul
                0x10004248       0x32 CMakeFiles/blink_freertos.dir/Users/ycc-yfb/pico/pico-sdk/src/rp2_common/pico_int64_ops/pico_int64_ops_aeabi.S.obj
                0x10004248                __wrap___aeabi_lmul
 *fill*         0x1000427a        0x2 
 .text.missing_float_func_shim
                0x1000427c        0xc CMakeFiles/blink_freertos.dir/Users/ycc-yfb/pico/pico-sdk/src/rp2_common/pico_float/float_init_rom.c.obj
 .text.__aeabi_float_init
                0x10004288       0x5c CMakeFiles/blink_freertos.dir/Users/ycc-yfb/pico/pico-sdk/src/rp2_common/pico_float/float_init_rom.c.obj
                0x10004288                __aeabi_float_init
 .text.__wrap_malloc
                0x100042e4       0x3c CMakeFiles/blink_freertos.dir/Users/ycc-yfb/pico/pico-sdk/src/rp2_common/pico_malloc/pico_malloc.c.obj
                0x100042e4                __wrap_malloc
 .text.__wrap_calloc
                0x10004320       0x40 CMakeFiles/blink_freertos.dir/Users/ycc-yfb/pico/pico-sdk/src/rp2_common/pico_malloc/pico_malloc.c.obj
                0x10004320                __wrap_calloc
 .text.__wrap_free
                0x10004360       0x20 CMakeFiles/blink_freertos.dir/Users/ycc-yfb/pico/pico-sdk/src/rp2_common/pico_malloc/pico_malloc.c.obj
                0x10004360                __wrap_free
 .text          0x10004380       0x10 CMakeFiles/blink_freertos.dir/Users/ycc-yfb/pico/pico-sdk/src/rp2_common/pico_mem_ops/mem_ops_aeabi.S.obj
                0x10004380                __aeabi_mem_init
 .text.memset   0x10004390        0xc CMakeFiles/blink_freertos.dir/Users/ycc-yfb/pico/pico-sdk/src/rp2_common/pico_mem_ops/mem_ops_aeabi.S.obj
                0x10004390                __wrap_memset
 .text.memcpy   0x1000439c        0xc CMakeFiles/blink_freertos.dir/Users/ycc-yfb/pico/pico-sdk/src/rp2_common/pico_mem_ops/mem_ops_aeabi.S.obj
                0x1000439c                __wrap___aeabi_memcpy
                0x1000439c                __wrap_memcpy
 .text.stdio_out_chars_crlf
                0x100043a8       0x94 CMakeFiles/blink_freertos.dir/Users/ycc-yfb/pico/pico-sdk/src/rp2_common/pico_stdio/stdio.c.obj
 .text.stdio_buffered_printer
                0x1000443c       0x64 CMakeFiles/blink_freertos.dir/Users/ycc-yfb/pico/pico-sdk/src/rp2_common/pico_stdio/stdio.c.obj
 .text.__wrap_putchar
                0x100044a0       0x98 CMakeFiles/blink_freertos.dir/Users/ycc-yfb/pico/pico-sdk/src/rp2_common/pico_stdio/stdio.c.obj
                0x100044a0                __wrap_putchar
 .text.__wrap_puts
                0x10004538       0xe0 CMakeFiles/blink_freertos.dir/Users/ycc-yfb/pico/pico-sdk/src/rp2_common/pico_stdio/stdio.c.obj
                0x10004538                __wrap_puts
 .text.stdio_set_driver_enabled
                0x10004618       0x30 CMakeFiles/blink_freertos.dir/Users/ycc-yfb/pico/pico-sdk/src/rp2_common/pico_stdio/stdio.c.obj
                0x10004618                stdio_set_driver_enabled
 .text.__wrap_vprintf
                0x10004648       0xd4 CMakeFiles/blink_freertos.dir/Users/ycc-yfb/pico/pico-sdk/src/rp2_common/pico_stdio/stdio.c.obj
                0x10004648                __wrap_vprintf
 .text.__wrap_printf
                0x1000471c       0x18 CMakeFiles/blink_freertos.dir/Users/ycc-yfb/pico/pico-sdk/src/rp2_common/pico_stdio/stdio.c.obj
                0x1000471c                __wrap_printf
 .text.stdio_init_all
                0x10004734        0x8 CMakeFiles/blink_freertos.dir/Users/ycc-yfb/pico/pico-sdk/src/rp2_common/pico_stdio/stdio.c.obj
                0x10004734                stdio_init_all
 .text.resetd_init
                0x1000473c        0x4 CMakeFiles/blink_freertos.dir/Users/ycc-yfb/pico/pico-sdk/src/rp2_common/pico_stdio_usb/reset_interface.c.obj
 .text.resetd_reset
                0x10004740        0xc CMakeFiles/blink_freertos.dir/Users/ycc-yfb/pico/pico-sdk/src/rp2_common/pico_stdio_usb/reset_interface.c.obj
 .text.resetd_open
                0x1000474c       0x28 CMakeFiles/blink_freertos.dir/Users/ycc-yfb/pico/pico-sdk/src/rp2_common/pico_stdio_usb/reset_interface.c.obj
 .text.resetd_xfer_cb
                0x10004774        0x4 CMakeFiles/blink_freertos.dir/Users/ycc-yfb/pico/pico-sdk/src/rp2_common/pico_stdio_usb/reset_interface.c.obj
 .text.resetd_control_xfer_cb
                0x10004778       0x60 CMakeFiles/blink_freertos.dir/Users/ycc-yfb/pico/pico-sdk/src/rp2_common/pico_stdio_usb/reset_interface.c.obj
 .text.usbd_app_driver_get_cb
                0x100047d8        0xc CMakeFiles/blink_freertos.dir/Users/ycc-yfb/pico/pico-sdk/src/rp2_common/pico_stdio_usb/reset_interface.c.obj
                0x100047d8                usbd_app_driver_get_cb
 .text.tud_cdc_line_coding_cb
                0x100047e4       0x34 CMakeFiles/blink_freertos.dir/Users/ycc-yfb/pico/pico-sdk/src/rp2_common/pico_stdio_usb/reset_interface.c.obj
                0x100047e4                tud_cdc_line_coding_cb
 .text.stdio_usb_set_chars_available_callback
                0x10004818       0x14 CMakeFiles/blink_freertos.dir/Users/ycc-yfb/pico/pico-sdk/src/rp2_common/pico_stdio_usb/stdio_usb.c.obj
                0x10004818                stdio_usb_set_chars_available_callback
 .text.usb_irq  0x1000482c       0x10 CMakeFiles/blink_freertos.dir/Users/ycc-yfb/pico/pico-sdk/src/rp2_common/pico_stdio_usb/stdio_usb.c.obj
 .text.timer_task
                0x1000483c       0x54 CMakeFiles/blink_freertos.dir/Users/ycc-yfb/pico/pico-sdk/src/rp2_common/pico_stdio_usb/stdio_usb.c.obj
 .text.stdio_usb_in_chars
                0x10004890       0x90 CMakeFiles/blink_freertos.dir/Users/ycc-yfb/pico/pico-sdk/src/rp2_common/pico_stdio_usb/stdio_usb.c.obj
                0x10004890                stdio_usb_in_chars
 .text.stdio_usb_out_chars
                0x10004920      0x104 CMakeFiles/blink_freertos.dir/Users/ycc-yfb/pico/pico-sdk/src/rp2_common/pico_stdio_usb/stdio_usb.c.obj
 .text.low_priority_worker_irq
                0x10004a24       0xa8 CMakeFiles/blink_freertos.dir/Users/ycc-yfb/pico/pico-sdk/src/rp2_common/pico_stdio_usb/stdio_usb.c.obj
 .text.tud_cdc_rx_cb
                0x10004acc       0x20 CMakeFiles/blink_freertos.dir/Users/ycc-yfb/pico/pico-sdk/src/rp2_common/pico_stdio_usb/stdio_usb.c.obj
                0x10004acc                tud_cdc_rx_cb
 .text.stdio_usb_init
                0x10004aec       0xe0 CMakeFiles/blink_freertos.dir/Users/ycc-yfb/pico/pico-sdk/src/rp2_common/pico_stdio_usb/stdio_usb.c.obj
                0x10004aec                stdio_usb_init
 .text.tud_descriptor_device_cb
                0x10004bcc        0x8 CMakeFiles/blink_freertos.dir/Users/ycc-yfb/pico/pico-sdk/src/rp2_common/pico_stdio_usb/stdio_usb_descriptors.c.obj
                0x10004bcc                tud_descriptor_device_cb
 .text.tud_descriptor_configuration_cb
                0x10004bd4        0x8 CMakeFiles/blink_freertos.dir/Users/ycc-yfb/pico/pico-sdk/src/rp2_common/pico_stdio_usb/stdio_usb_descriptors.c.obj
                0x10004bd4                tud_descriptor_configuration_cb
 .text.tud_descriptor_string_cb
                0x10004bdc       0x78 CMakeFiles/blink_freertos.dir/Users/ycc-yfb/pico/pico-sdk/src/rp2_common/pico_stdio_usb/stdio_usb_descriptors.c.obj
                0x10004bdc                tud_descriptor_string_cb
 .text.startup._retrieve_unique_id_on_boot
                0x10004c54       0x10 CMakeFiles/blink_freertos.dir/Users/ycc-yfb/pico/pico-sdk/src/rp2_common/pico_unique_id/unique_id.c.obj
 .text.pico_get_unique_board_id
                0x10004c64       0x10 CMakeFiles/blink_freertos.dir/Users/ycc-yfb/pico/pico-sdk/src/rp2_common/pico_unique_id/unique_id.c.obj
                0x10004c64                pico_get_unique_board_id
 .text.pico_get_unique_board_id_string
                0x10004c74      0x1a8 CMakeFiles/blink_freertos.dir/Users/ycc-yfb/pico/pico-sdk/src/rp2_common/pico_unique_id/unique_id.c.obj
                0x10004c74                pico_get_unique_board_id_string
 .text.flash_get_unique_id
                0x10004e1c       0x3c CMakeFiles/blink_freertos.dir/Users/ycc-yfb/pico/pico-sdk/src/rp2_common/hardware_flash/flash.c.obj
                0x10004e1c                flash_get_unique_id
 .text.dcd_int_enable
                0x10004e58        0xc CMakeFiles/blink_freertos.dir/Users/ycc-yfb/pico/pico-sdk/lib/tinyusb/src/portable/raspberrypi/rp2040/dcd_rp2040.c.obj
                0x10004e58                dcd_int_enable
 .text.dcd_set_address
                0x10004e64       0x14 CMakeFiles/blink_freertos.dir/Users/ycc-yfb/pico/pico-sdk/lib/tinyusb/src/portable/raspberrypi/rp2040/dcd_rp2040.c.obj
                0x10004e64                dcd_set_address
 .text.dcd_connect
                0x10004e78       0x10 CMakeFiles/blink_freertos.dir/Users/ycc-yfb/pico/pico-sdk/lib/tinyusb/src/portable/raspberrypi/rp2040/dcd_rp2040.c.obj
                0x10004e78                dcd_connect
 .text.dcd_init
                0x10004e88       0x98 CMakeFiles/blink_freertos.dir/Users/ycc-yfb/pico/pico-sdk/lib/tinyusb/src/portable/raspberrypi/rp2040/dcd_rp2040.c.obj
                0x10004e88                dcd_init
 .text.dcd_edpt0_status_complete
                0x10004f20       0x1c CMakeFiles/blink_freertos.dir/Users/ycc-yfb/pico/pico-sdk/lib/tinyusb/src/portable/raspberrypi/rp2040/dcd_rp2040.c.obj
                0x10004f20                dcd_edpt0_status_complete
 .text.dcd_edpt_open
                0x10004f3c      0x108 CMakeFiles/blink_freertos.dir/Users/ycc-yfb/pico/pico-sdk/lib/tinyusb/src/portable/raspberrypi/rp2040/dcd_rp2040.c.obj
                0x10004f3c                dcd_edpt_open
 .text.dcd_edpt_close_all
                0x10005044        0x8 CMakeFiles/blink_freertos.dir/Users/ycc-yfb/pico/pico-sdk/lib/tinyusb/src/portable/raspberrypi/rp2040/dcd_rp2040.c.obj
                0x10005044                dcd_edpt_close_all
 .text.dcd_edpt_xfer
                0x1000504c       0x24 CMakeFiles/blink_freertos.dir/Users/ycc-yfb/pico/pico-sdk/lib/tinyusb/src/portable/raspberrypi/rp2040/dcd_rp2040.c.obj
                0x1000504c                dcd_edpt_xfer
 .text.dcd_edpt_stall
                0x10005070       0x34 CMakeFiles/blink_freertos.dir/Users/ycc-yfb/pico/pico-sdk/lib/tinyusb/src/portable/raspberrypi/rp2040/dcd_rp2040.c.obj
                0x10005070                dcd_edpt_stall
 .text.dcd_edpt_clear_stall
                0x100050a4       0x30 CMakeFiles/blink_freertos.dir/Users/ycc-yfb/pico/pico-sdk/lib/tinyusb/src/portable/raspberrypi/rp2040/dcd_rp2040.c.obj
                0x100050a4                dcd_edpt_clear_stall
 .text.rp2040_usb_init
                0x100050d4       0x4c CMakeFiles/blink_freertos.dir/Users/ycc-yfb/pico/pico-sdk/lib/tinyusb/src/portable/raspberrypi/rp2040/rp2040_usb.c.obj
                0x100050d4                rp2040_usb_init
 .text.hw_endpoint_xfer_start
                0x10005120       0x40 CMakeFiles/blink_freertos.dir/Users/ycc-yfb/pico/pico-sdk/lib/tinyusb/src/portable/raspberrypi/rp2040/rp2040_usb.c.obj
                0x10005120                hw_endpoint_xfer_start
 .text.tud_mounted
                0x10005160       0x10 CMakeFiles/blink_freertos.dir/Users/ycc-yfb/pico/pico-sdk/lib/tinyusb/src/device/usbd.c.obj
                0x10005160                tud_mounted
 .text.tud_suspended
                0x10005170       0x10 CMakeFiles/blink_freertos.dir/Users/ycc-yfb/pico/pico-sdk/lib/tinyusb/src/device/usbd.c.obj
                0x10005170                tud_suspended
 .text.tud_inited
                0x10005180       0x14 CMakeFiles/blink_freertos.dir/Users/ycc-yfb/pico/pico-sdk/lib/tinyusb/src/device/usbd.c.obj
                0x10005180                tud_inited
 .text.tud_init
                0x10005194       0xdc CMakeFiles/blink_freertos.dir/Users/ycc-yfb/pico/pico-sdk/lib/tinyusb/src/device/usbd.c.obj
                0x10005194                tud_init
 .text.tud_task_ext
                0x10005270      0x850 CMakeFiles/blink_freertos.dir/Users/ycc-yfb/pico/pico-sdk/lib/tinyusb/src/device/usbd.c.obj
                0x10005270                tud_task_ext
 .text.usbd_open_edpt_pair
                0x10005ac0       0x9c CMakeFiles/blink_freertos.dir/Users/ycc-yfb/pico/pico-sdk/lib/tinyusb/src/device/usbd.c.obj
                0x10005ac0                usbd_open_edpt_pair
 .text.usbd_defer_func
                0x10005b5c       0x48 CMakeFiles/blink_freertos.dir/Users/ycc-yfb/pico/pico-sdk/lib/tinyusb/src/device/usbd.c.obj
                0x10005b5c                usbd_defer_func
 .text.usbd_edpt_open
                0x10005ba4       0x34 CMakeFiles/blink_freertos.dir/Users/ycc-yfb/pico/pico-sdk/lib/tinyusb/src/device/usbd.c.obj
                0x10005ba4                usbd_edpt_open
 .text.usbd_edpt_claim
                0x10005bd8       0x28 CMakeFiles/blink_freertos.dir/Users/ycc-yfb/pico/pico-sdk/lib/tinyusb/src/device/usbd.c.obj
                0x10005bd8                usbd_edpt_claim
 .text.usbd_edpt_release
                0x10005c00       0x28 CMakeFiles/blink_freertos.dir/Users/ycc-yfb/pico/pico-sdk/lib/tinyusb/src/device/usbd.c.obj
                0x10005c00                usbd_edpt_release
 .text.usbd_edpt_xfer
                0x10005c28       0x4c CMakeFiles/blink_freertos.dir/Users/ycc-yfb/pico/pico-sdk/lib/tinyusb/src/device/usbd.c.obj
                0x10005c28                usbd_edpt_xfer
 .text.tud_control_status
                0x10005c74       0x2c CMakeFiles/blink_freertos.dir/Users/ycc-yfb/pico/pico-sdk/lib/tinyusb/src/device/usbd_control.c.obj
                0x10005c74                tud_control_status
 .text.tud_control_xfer
                0x10005ca0       0xac CMakeFiles/blink_freertos.dir/Users/ycc-yfb/pico/pico-sdk/lib/tinyusb/src/device/usbd_control.c.obj
                0x10005ca0                tud_control_xfer
 .text.usbd_control_reset
                0x10005d4c       0x14 CMakeFiles/blink_freertos.dir/Users/ycc-yfb/pico/pico-sdk/lib/tinyusb/src/device/usbd_control.c.obj
                0x10005d4c                usbd_control_reset
 .text.usbd_control_set_complete_callback
                0x10005d60        0xc CMakeFiles/blink_freertos.dir/Users/ycc-yfb/pico/pico-sdk/lib/tinyusb/src/device/usbd_control.c.obj
                0x10005d60                usbd_control_set_complete_callback
 .text.usbd_control_set_request
                0x10005d6c       0x1c CMakeFiles/blink_freertos.dir/Users/ycc-yfb/pico/pico-sdk/lib/tinyusb/src/device/usbd_control.c.obj
                0x10005d6c                usbd_control_set_request
 .text.usbd_control_xfer_cb
                0x10005d88       0xf4 CMakeFiles/blink_freertos.dir/Users/ycc-yfb/pico/pico-sdk/lib/tinyusb/src/device/usbd_control.c.obj
                0x10005d88                usbd_control_xfer_cb
 .text.tud_cdc_n_connected
                0x10005e7c       0x30 CMakeFiles/blink_freertos.dir/Users/ycc-yfb/pico/pico-sdk/lib/tinyusb/src/class/cdc/cdc_device.c.obj
                0x10005e7c                tud_cdc_n_connected
 .text.tud_cdc_n_available
                0x10005eac       0x18 CMakeFiles/blink_freertos.dir/Users/ycc-yfb/pico/pico-sdk/lib/tinyusb/src/class/cdc/cdc_device.c.obj
                0x10005eac                tud_cdc_n_available
 .text.tud_cdc_n_read
                0x10005ec4       0x70 CMakeFiles/blink_freertos.dir/Users/ycc-yfb/pico/pico-sdk/lib/tinyusb/src/class/cdc/cdc_device.c.obj
                0x10005ec4                tud_cdc_n_read
 .text.tud_cdc_n_write_flush
                0x10005f34       0x78 CMakeFiles/blink_freertos.dir/Users/ycc-yfb/pico/pico-sdk/lib/tinyusb/src/class/cdc/cdc_device.c.obj
                0x10005f34                tud_cdc_n_write_flush
 .text.tud_cdc_n_write
                0x10005fac       0x34 CMakeFiles/blink_freertos.dir/Users/ycc-yfb/pico/pico-sdk/lib/tinyusb/src/class/cdc/cdc_device.c.obj
                0x10005fac                tud_cdc_n_write
 .text.tud_cdc_n_write_available
                0x10005fe0       0x18 CMakeFiles/blink_freertos.dir/Users/ycc-yfb/pico/pico-sdk/lib/tinyusb/src/class/cdc/cdc_device.c.obj
                0x10005fe0                tud_cdc_n_write_available
 .text.cdcd_init
                0x10005ff8       0x7c CMakeFiles/blink_freertos.dir/Users/ycc-yfb/pico/pico-sdk/lib/tinyusb/src/class/cdc/cdc_device.c.obj
                0x10005ff8                cdcd_init
 .text.cdcd_reset
                0x10006074       0x2c CMakeFiles/blink_freertos.dir/Users/ycc-yfb/pico/pico-sdk/lib/tinyusb/src/class/cdc/cdc_device.c.obj
                0x10006074                cdcd_reset
 .text.cdcd_open
                0x100060a0       0xe4 CMakeFiles/blink_freertos.dir/Users/ycc-yfb/pico/pico-sdk/lib/tinyusb/src/class/cdc/cdc_device.c.obj
                0x100060a0                cdcd_open
 .text.cdcd_control_xfer_cb
                0x10006184       0xe4 CMakeFiles/blink_freertos.dir/Users/ycc-yfb/pico/pico-sdk/lib/tinyusb/src/class/cdc/cdc_device.c.obj
                0x10006184                cdcd_control_xfer_cb
 .text.cdcd_xfer_cb
                0x10006268      0x13c CMakeFiles/blink_freertos.dir/Users/ycc-yfb/pico/pico-sdk/lib/tinyusb/src/class/cdc/cdc_device.c.obj
                0x10006268                cdcd_xfer_cb
 .text.tusb_init
                0x100063a4        0xc CMakeFiles/blink_freertos.dir/Users/ycc-yfb/pico/pico-sdk/lib/tinyusb/src/tusb.c.obj
                0x100063a4                tusb_init
 .text.tusb_inited
                0x100063b0        0x8 CMakeFiles/blink_freertos.dir/Users/ycc-yfb/pico/pico-sdk/lib/tinyusb/src/tusb.c.obj
                0x100063b0                tusb_inited
 .text.tu_edpt_claim
                0x100063b8       0x50 CMakeFiles/blink_freertos.dir/Users/ycc-yfb/pico/pico-sdk/lib/tinyusb/src/tusb.c.obj
                0x100063b8                tu_edpt_claim
 .text.tu_edpt_release
                0x10006408       0x38 CMakeFiles/blink_freertos.dir/Users/ycc-yfb/pico/pico-sdk/lib/tinyusb/src/tusb.c.obj
                0x10006408                tu_edpt_release
 .text.tu_edpt_validate
                0x10006440       0x7c CMakeFiles/blink_freertos.dir/Users/ycc-yfb/pico/pico-sdk/lib/tinyusb/src/tusb.c.obj
                0x10006440                tu_edpt_validate
 .text.tu_edpt_bind_driver
                0x100064bc       0x34 CMakeFiles/blink_freertos.dir/Users/ycc-yfb/pico/pico-sdk/lib/tinyusb/src/tusb.c.obj
                0x100064bc                tu_edpt_bind_driver
 .text.tu_fifo_config
                0x100064f0       0x6c CMakeFiles/blink_freertos.dir/Users/ycc-yfb/pico/pico-sdk/lib/tinyusb/src/common/tusb_fifo.c.obj
                0x100064f0                tu_fifo_config
 .text.tu_fifo_count
                0x1000655c       0x2c CMakeFiles/blink_freertos.dir/Users/ycc-yfb/pico/pico-sdk/lib/tinyusb/src/common/tusb_fifo.c.obj
                0x1000655c                tu_fifo_count
 .text.tu_fifo_empty
                0x10006588       0x10 CMakeFiles/blink_freertos.dir/Users/ycc-yfb/pico/pico-sdk/lib/tinyusb/src/common/tusb_fifo.c.obj
                0x10006588                tu_fifo_empty
 .text.tu_fifo_remaining
                0x10006598       0x2c CMakeFiles/blink_freertos.dir/Users/ycc-yfb/pico/pico-sdk/lib/tinyusb/src/common/tusb_fifo.c.obj
                0x10006598                tu_fifo_remaining
 .text.tu_fifo_read
                0x100065c4       0x9c CMakeFiles/blink_freertos.dir/Users/ycc-yfb/pico/pico-sdk/lib/tinyusb/src/common/tusb_fifo.c.obj
                0x100065c4                tu_fifo_read
 .text.tu_fifo_read_n
                0x10006660       0xe8 CMakeFiles/blink_freertos.dir/Users/ycc-yfb/pico/pico-sdk/lib/tinyusb/src/common/tusb_fifo.c.obj
                0x10006660                tu_fifo_read_n
 .text.tu_fifo_write
                0x10006748       0xa8 CMakeFiles/blink_freertos.dir/Users/ycc-yfb/pico/pico-sdk/lib/tinyusb/src/common/tusb_fifo.c.obj
                0x10006748                tu_fifo_write
 .text.tu_fifo_write_n
                0x100067f0      0x178 CMakeFiles/blink_freertos.dir/Users/ycc-yfb/pico/pico-sdk/lib/tinyusb/src/common/tusb_fifo.c.obj
                0x100067f0                tu_fifo_write_n
 .text.tu_fifo_clear
                0x10006968       0x40 CMakeFiles/blink_freertos.dir/Users/ycc-yfb/pico/pico-sdk/lib/tinyusb/src/common/tusb_fifo.c.obj
                0x10006968                tu_fifo_clear
 .text.tu_fifo_set_overwritable
                0x100069a8       0x48 CMakeFiles/blink_freertos.dir/Users/ycc-yfb/pico/pico-sdk/lib/tinyusb/src/common/tusb_fifo.c.obj
                0x100069a8                tu_fifo_set_overwritable
 .text.cyw43_arch_set_async_context
                0x100069f0        0xc CMakeFiles/blink_freertos.dir/Users/ycc-yfb/pico/pico-sdk/src/rp2_common/pico_cyw43_arch/cyw43_arch.c.obj
                0x100069f0                cyw43_arch_set_async_context
 .text.cyw43_arch_gpio_put
                0x100069fc       0x14 CMakeFiles/blink_freertos.dir/Users/ycc-yfb/pico/pico-sdk/src/rp2_common/pico_cyw43_arch/cyw43_arch.c.obj
                0x100069fc                cyw43_arch_gpio_put
 .text.cyw43_arch_async_context
                0x10006a10        0xc CMakeFiles/blink_freertos.dir/Users/ycc-yfb/pico/pico-sdk/src/rp2_common/pico_cyw43_arch/cyw43_arch.c.obj
                0x10006a10                cyw43_arch_async_context
 .text.cyw43_arch_init
                0x10006a1c       0x64 CMakeFiles/blink_freertos.dir/Users/ycc-yfb/pico/pico-sdk/src/rp2_common/pico_cyw43_arch/cyw43_arch_threadsafe_background.c.obj
                0x10006a1c                cyw43_arch_init
 .text.ns_delay.constprop.0
                0x10006a80       0x20 CMakeFiles/blink_freertos.dir/Users/ycc-yfb/pico/pico-sdk/src/rp2_common/pico_cyw43_driver/cyw43_bus_pio_spi.c.obj
 .text.cyw43_spi_deinit
                0x10006aa0       0x7c CMakeFiles/blink_freertos.dir/Users/ycc-yfb/pico/pico-sdk/src/rp2_common/pico_cyw43_driver/cyw43_bus_pio_spi.c.obj
                0x10006aa0                cyw43_spi_deinit
 .text.cyw43_spi_init
                0x10006b1c      0x14c CMakeFiles/blink_freertos.dir/Users/ycc-yfb/pico/pico-sdk/src/rp2_common/pico_cyw43_driver/cyw43_bus_pio_spi.c.obj
                0x10006b1c                cyw43_spi_init
 .text.cyw43_spi_transfer
                0x10006c68      0x3e0 CMakeFiles/blink_freertos.dir/Users/ycc-yfb/pico/pico-sdk/src/rp2_common/pico_cyw43_driver/cyw43_bus_pio_spi.c.obj
                0x10006c68                cyw43_spi_transfer
 .text.cyw43_spi_gpio_setup
                0x10007048       0x3c CMakeFiles/blink_freertos.dir/Users/ycc-yfb/pico/pico-sdk/src/rp2_common/pico_cyw43_driver/cyw43_bus_pio_spi.c.obj
                0x10007048                cyw43_spi_gpio_setup
 .text.cyw43_spi_reset
                0x10007084       0x28 CMakeFiles/blink_freertos.dir/Users/ycc-yfb/pico/pico-sdk/src/rp2_common/pico_cyw43_driver/cyw43_bus_pio_spi.c.obj
                0x10007084                cyw43_spi_reset
 .text.read_reg_u32_swap
                0x100070ac       0x3c CMakeFiles/blink_freertos.dir/Users/ycc-yfb/pico/pico-sdk/src/rp2_common/pico_cyw43_driver/cyw43_bus_pio_spi.c.obj
                0x100070ac                read_reg_u32_swap
 .text.cyw43_read_reg_u32
                0x100070e8       0x50 CMakeFiles/blink_freertos.dir/Users/ycc-yfb/pico/pico-sdk/src/rp2_common/pico_cyw43_driver/cyw43_bus_pio_spi.c.obj
                0x100070e8                cyw43_read_reg_u32
 .text.cyw43_read_reg_u16
                0x10007138       0x50 CMakeFiles/blink_freertos.dir/Users/ycc-yfb/pico/pico-sdk/src/rp2_common/pico_cyw43_driver/cyw43_bus_pio_spi.c.obj
                0x10007138                cyw43_read_reg_u16
 .text.cyw43_read_reg_u8
                0x10007188       0x50 CMakeFiles/blink_freertos.dir/Users/ycc-yfb/pico/pico-sdk/src/rp2_common/pico_cyw43_driver/cyw43_bus_pio_spi.c.obj
                0x10007188                cyw43_read_reg_u8
 .text.write_reg_u32_swap
                0x100071d8      0x1e8 CMakeFiles/blink_freertos.dir/Users/ycc-yfb/pico/pico-sdk/src/rp2_common/pico_cyw43_driver/cyw43_bus_pio_spi.c.obj
                0x100071d8                write_reg_u32_swap
 .text.cyw43_write_reg_u32
                0x100073c0      0x208 CMakeFiles/blink_freertos.dir/Users/ycc-yfb/pico/pico-sdk/src/rp2_common/pico_cyw43_driver/cyw43_bus_pio_spi.c.obj
                0x100073c0                cyw43_write_reg_u32
 .text.cyw43_write_reg_u16
                0x100075c8      0x208 CMakeFiles/blink_freertos.dir/Users/ycc-yfb/pico/pico-sdk/src/rp2_common/pico_cyw43_driver/cyw43_bus_pio_spi.c.obj
                0x100075c8                cyw43_write_reg_u16
 .text.cyw43_write_reg_u8
                0x100077d0      0x208 CMakeFiles/blink_freertos.dir/Users/ycc-yfb/pico/pico-sdk/src/rp2_common/pico_cyw43_driver/cyw43_bus_pio_spi.c.obj
                0x100077d0                cyw43_write_reg_u8
 .text.cyw43_read_bytes
                0x100079d8       0x78 CMakeFiles/blink_freertos.dir/Users/ycc-yfb/pico/pico-sdk/src/rp2_common/pico_cyw43_driver/cyw43_bus_pio_spi.c.obj
                0x100079d8                cyw43_read_bytes
 .text.cyw43_write_bytes
                0x10007a50       0xc0 CMakeFiles/blink_freertos.dir/Users/ycc-yfb/pico/pico-sdk/src/rp2_common/pico_cyw43_driver/cyw43_bus_pio_spi.c.obj
                0x10007a50                cyw43_write_bytes
 .text.cyw43_set_backplane_window
                0x10007b10       0x68 CMakeFiles/blink_freertos.dir/Users/ycc-yfb/pico/pico-sdk/lib/cyw43-driver/src/cyw43_ll.c.obj
 .text.cyw43_ll_parse_async_event
                0x10007b78      0x134 CMakeFiles/blink_freertos.dir/Users/ycc-yfb/pico/pico-sdk/lib/cyw43-driver/src/cyw43_ll.c.obj
 .text.cyw43_kso_set
                0x10007cac       0x80 CMakeFiles/blink_freertos.dir/Users/ycc-yfb/pico/pico-sdk/lib/cyw43-driver/src/cyw43_ll.c.obj
 .text.cyw43_ll_sdpcm_poll_device
                0x10007d2c      0x238 CMakeFiles/blink_freertos.dir/Users/ycc-yfb/pico/pico-sdk/lib/cyw43-driver/src/cyw43_ll.c.obj
 .text.cyw43_sdpcm_send_common
                0x10007f64       0xf4 CMakeFiles/blink_freertos.dir/Users/ycc-yfb/pico/pico-sdk/lib/cyw43-driver/src/cyw43_ll.c.obj
 .text.cyw43_do_ioctl
                0x10008058      0x110 CMakeFiles/blink_freertos.dir/Users/ycc-yfb/pico/pico-sdk/lib/cyw43-driver/src/cyw43_ll.c.obj
 .text.cyw43_do_ioctl.constprop.0
                0x10008168      0x108 CMakeFiles/blink_freertos.dir/Users/ycc-yfb/pico/pico-sdk/lib/cyw43-driver/src/cyw43_ll.c.obj
 .text.cyw43_read_backplane.constprop.0
                0x10008270       0xe4 CMakeFiles/blink_freertos.dir/Users/ycc-yfb/pico/pico-sdk/lib/cyw43-driver/src/cyw43_ll.c.obj
 .text.reset_device_core.constprop.0
                0x10008354      0x410 CMakeFiles/blink_freertos.dir/Users/ycc-yfb/pico/pico-sdk/lib/cyw43-driver/src/cyw43_ll.c.obj
 .text.cyw43_ll_init
                0x10008764       0x1c CMakeFiles/blink_freertos.dir/Users/ycc-yfb/pico/pico-sdk/lib/cyw43-driver/src/cyw43_ll.c.obj
                0x10008764                cyw43_ll_init
 .text.cyw43_ll_deinit
                0x10008780        0x8 CMakeFiles/blink_freertos.dir/Users/ycc-yfb/pico/pico-sdk/lib/cyw43-driver/src/cyw43_ll.c.obj
                0x10008780                cyw43_ll_deinit
 .text.cyw43_ll_process_packets
                0x10008788       0x54 CMakeFiles/blink_freertos.dir/Users/ycc-yfb/pico/pico-sdk/lib/cyw43-driver/src/cyw43_ll.c.obj
                0x10008788                cyw43_ll_process_packets
 .text.cyw43_ll_ioctl
                0x100087dc       0x20 CMakeFiles/blink_freertos.dir/Users/ycc-yfb/pico/pico-sdk/lib/cyw43-driver/src/cyw43_ll.c.obj
                0x100087dc                cyw43_ll_ioctl
 .text.cyw43_ll_bus_sleep
                0x100087fc       0x34 CMakeFiles/blink_freertos.dir/Users/ycc-yfb/pico/pico-sdk/lib/cyw43-driver/src/cyw43_ll.c.obj
                0x100087fc                cyw43_ll_bus_sleep
 .text.cyw43_ll_bus_init
                0x10008830      0xb6c CMakeFiles/blink_freertos.dir/Users/ycc-yfb/pico/pico-sdk/lib/cyw43-driver/src/cyw43_ll.c.obj
                0x10008830                cyw43_ll_bus_init
 .text.cyw43_ll_wifi_get_mac
                0x1000939c       0x40 CMakeFiles/blink_freertos.dir/Users/ycc-yfb/pico/pico-sdk/lib/cyw43-driver/src/cyw43_ll.c.obj
                0x1000939c                cyw43_ll_wifi_get_mac
 .text.cyw43_ll_wifi_set_wpa_auth
                0x100093dc       0x2c CMakeFiles/blink_freertos.dir/Users/ycc-yfb/pico/pico-sdk/lib/cyw43-driver/src/cyw43_ll.c.obj
                0x100093dc                cyw43_ll_wifi_set_wpa_auth
 .text.cyw43_ll_wifi_rejoin
                0x10009408       0x1c CMakeFiles/blink_freertos.dir/Users/ycc-yfb/pico/pico-sdk/lib/cyw43-driver/src/cyw43_ll.c.obj
                0x10009408                cyw43_ll_wifi_rejoin
 .text.cyw43_ll_gpio_set
                0x10009424       0x68 CMakeFiles/blink_freertos.dir/Users/ycc-yfb/pico/pico-sdk/lib/cyw43-driver/src/cyw43_ll.c.obj
                0x10009424                cyw43_ll_gpio_set
 .text.cyw43_ll_has_work
                0x1000948c       0x14 CMakeFiles/blink_freertos.dir/Users/ycc-yfb/pico/pico-sdk/lib/cyw43-driver/src/cyw43_ll.c.obj
                0x1000948c                cyw43_ll_has_work
 .text.cyw43_poll_func
                0x100094a0       0xc0 CMakeFiles/blink_freertos.dir/Users/ycc-yfb/pico/pico-sdk/lib/cyw43-driver/src/cyw43_ctrl.c.obj
 .text.cyw43_init
                0x10009560       0x6c CMakeFiles/blink_freertos.dir/Users/ycc-yfb/pico/pico-sdk/lib/cyw43-driver/src/cyw43_ctrl.c.obj
                0x10009560                cyw43_init
 .text.cyw43_deinit
                0x100095cc       0x90 CMakeFiles/blink_freertos.dir/Users/ycc-yfb/pico/pico-sdk/lib/cyw43-driver/src/cyw43_ctrl.c.obj
                0x100095cc                cyw43_deinit
 .text.cyw43_cb_read_host_interrupt_pin
                0x1000965c        0xc CMakeFiles/blink_freertos.dir/Users/ycc-yfb/pico/pico-sdk/lib/cyw43-driver/src/cyw43_ctrl.c.obj
                0x1000965c                cyw43_cb_read_host_interrupt_pin
 .text.cyw43_cb_ensure_awake
                0x10009668        0xc CMakeFiles/blink_freertos.dir/Users/ycc-yfb/pico/pico-sdk/lib/cyw43-driver/src/cyw43_ctrl.c.obj
                0x10009668                cyw43_cb_ensure_awake
 .text.cyw43_cb_process_async_event
                0x10009674      0x214 CMakeFiles/blink_freertos.dir/Users/ycc-yfb/pico/pico-sdk/lib/cyw43-driver/src/cyw43_ctrl.c.obj
                0x10009674                cyw43_cb_process_async_event
 .text.cyw43_gpio_set
                0x10009888       0xa0 CMakeFiles/blink_freertos.dir/Users/ycc-yfb/pico/pico-sdk/lib/cyw43-driver/src/cyw43_ctrl.c.obj
                0x10009888                cyw43_gpio_set
 .text.pio_sm_unclaim
                0x10009928       0x20 CMakeFiles/blink_freertos.dir/Users/ycc-yfb/pico/pico-sdk/src/rp2_common/hardware_pio/pio.c.obj
                0x10009928                pio_sm_unclaim
 .text.pio_claim_unused_sm
                0x10009948       0x3c CMakeFiles/blink_freertos.dir/Users/ycc-yfb/pico/pico-sdk/src/rp2_common/hardware_pio/pio.c.obj
                0x10009948                pio_claim_unused_sm
 .text.pio_can_add_program
                0x10009984       0x68 CMakeFiles/blink_freertos.dir/Users/ycc-yfb/pico/pico-sdk/src/rp2_common/hardware_pio/pio.c.obj
                0x10009984                pio_can_add_program
 .text.pio_add_program
                0x100099ec       0xf0 CMakeFiles/blink_freertos.dir/Users/ycc-yfb/pico/pico-sdk/src/rp2_common/hardware_pio/pio.c.obj
                0x100099ec                pio_add_program
 .text.pio_remove_program
                0x10009adc       0x34 CMakeFiles/blink_freertos.dir/Users/ycc-yfb/pico/pico-sdk/src/rp2_common/hardware_pio/pio.c.obj
                0x10009adc                pio_remove_program
 .text.pio_sm_set_pindirs_with_mask
                0x10009b10       0xa8 CMakeFiles/blink_freertos.dir/Users/ycc-yfb/pico/pico-sdk/src/rp2_common/hardware_pio/pio.c.obj
                0x10009b10                pio_sm_set_pindirs_with_mask
 .text.pio_sm_set_consecutive_pindirs
                0x10009bb8       0xa8 CMakeFiles/blink_freertos.dir/Users/ycc-yfb/pico/pico-sdk/src/rp2_common/hardware_pio/pio.c.obj
                0x10009bb8                pio_sm_set_consecutive_pindirs
 .text.dma_channel_unclaim
                0x10009c60       0x14 CMakeFiles/blink_freertos.dir/Users/ycc-yfb/pico/pico-sdk/src/rp2_common/hardware_dma/dma.c.obj
                0x10009c60                dma_channel_unclaim
 .text.dma_claim_unused_channel
                0x10009c74       0x24 CMakeFiles/blink_freertos.dir/Users/ycc-yfb/pico/pico-sdk/src/rp2_common/hardware_dma/dma.c.obj
                0x10009c74                dma_claim_unused_channel
 .text.dma_channel_cleanup
                0x10009c98       0x60 CMakeFiles/blink_freertos.dir/Users/ycc-yfb/pico/pico-sdk/src/rp2_common/hardware_dma/dma.c.obj
                0x10009c98                dma_channel_cleanup
 .text.exception_set_exclusive_handler
                0x10009cf8       0x48 CMakeFiles/blink_freertos.dir/Users/ycc-yfb/pico/pico-sdk/src/rp2_common/hardware_exception/exception.c.obj
                0x10009cf8                exception_set_exclusive_handler
 .text.cyw43_sleep_timeout_reached
                0x10009d40       0x10 CMakeFiles/blink_freertos.dir/Users/ycc-yfb/pico/pico-sdk/src/rp2_common/pico_cyw43_driver/cyw43_driver.c.obj
 .text.cyw43_irq_init
                0x10009d50       0x28 CMakeFiles/blink_freertos.dir/Users/ycc-yfb/pico/pico-sdk/src/rp2_common/pico_cyw43_driver/cyw43_driver.c.obj
                0x10009d50                cyw43_irq_init
 .text.cyw43_irq_deinit
                0x10009d78       0x20 CMakeFiles/blink_freertos.dir/Users/ycc-yfb/pico/pico-sdk/src/rp2_common/pico_cyw43_driver/cyw43_driver.c.obj
                0x10009d78                cyw43_irq_deinit
 .text.cyw43_gpio_irq_handler
                0x10009d98       0x44 CMakeFiles/blink_freertos.dir/Users/ycc-yfb/pico/pico-sdk/src/rp2_common/pico_cyw43_driver/cyw43_driver.c.obj
 .text.cyw43_do_poll
                0x10009ddc       0x70 CMakeFiles/blink_freertos.dir/Users/ycc-yfb/pico/pico-sdk/src/rp2_common/pico_cyw43_driver/cyw43_driver.c.obj
 .text.cyw43_post_poll_hook
                0x10009e4c       0x10 CMakeFiles/blink_freertos.dir/Users/ycc-yfb/pico/pico-sdk/src/rp2_common/pico_cyw43_driver/cyw43_driver.c.obj
                0x10009e4c                cyw43_post_poll_hook
 .text.cyw43_schedule_internal_poll_dispatch
                0x10009e5c       0x18 CMakeFiles/blink_freertos.dir/Users/ycc-yfb/pico/pico-sdk/src/rp2_common/pico_cyw43_driver/cyw43_driver.c.obj
                0x10009e5c                cyw43_schedule_internal_poll_dispatch
 .text.cyw43_driver_init
                0x10009e74       0x38 CMakeFiles/blink_freertos.dir/Users/ycc-yfb/pico/pico-sdk/src/rp2_common/pico_cyw43_driver/cyw43_driver.c.obj
                0x10009e74                cyw43_driver_init
 .text.cyw43_driver_deinit
                0x10009eac       0x44 CMakeFiles/blink_freertos.dir/Users/ycc-yfb/pico/pico-sdk/src/rp2_common/pico_cyw43_driver/cyw43_driver.c.obj
                0x10009eac                cyw43_driver_deinit
 .text.cyw43_hal_generate_laa_mac
                0x10009ef0       0x28 CMakeFiles/blink_freertos.dir/Users/ycc-yfb/pico/pico-sdk/src/rp2_common/pico_cyw43_driver/cyw43_driver.c.obj
                0x10009ef0                cyw43_hal_generate_laa_mac
 .text.cyw43_thread_enter
                0x10009f18       0x14 CMakeFiles/blink_freertos.dir/Users/ycc-yfb/pico/pico-sdk/src/rp2_common/pico_cyw43_driver/cyw43_driver.c.obj
                0x10009f18                cyw43_thread_enter
 .text.cyw43_thread_exit
                0x10009f2c       0x14 CMakeFiles/blink_freertos.dir/Users/ycc-yfb/pico/pico-sdk/src/rp2_common/pico_cyw43_driver/cyw43_driver.c.obj
                0x10009f2c                cyw43_thread_exit
 .text.cyw43_await_background_or_timeout_us
                0x10009f40       0x34 CMakeFiles/blink_freertos.dir/Users/ycc-yfb/pico/pico-sdk/src/rp2_common/pico_cyw43_driver/cyw43_driver.c.obj
                0x10009f40                cyw43_await_background_or_timeout_us
 .text.cyw43_delay_ms
                0x10009f74       0x48 CMakeFiles/blink_freertos.dir/Users/ycc-yfb/pico/pico-sdk/src/rp2_common/pico_cyw43_driver/cyw43_driver.c.obj
                0x10009f74                cyw43_delay_ms
 .text.cyw43_cb_tcpip_deinit
                0x10009fbc        0x4 CMakeFiles/blink_freertos.dir/Users/ycc-yfb/pico/pico-sdk/src/rp2_common/pico_cyw43_driver/cyw43_driver.c.obj
                0x10009fbc                cyw43_cb_tcpip_deinit
 .text.cyw43_cb_tcpip_set_link_up
                0x10009fc0        0xc CMakeFiles/blink_freertos.dir/Users/ycc-yfb/pico/pico-sdk/src/rp2_common/pico_cyw43_driver/cyw43_driver.c.obj
                0x10009fc0                cyw43_cb_tcpip_set_link_up
 .text.cyw43_cb_tcpip_set_link_down
                0x10009fcc        0xc CMakeFiles/blink_freertos.dir/Users/ycc-yfb/pico/pico-sdk/src/rp2_common/pico_cyw43_driver/cyw43_driver.c.obj
                0x10009fcc                cyw43_cb_tcpip_set_link_down
 .text.cyw43_cb_process_ethernet
                0x10009fd8        0xc CMakeFiles/blink_freertos.dir/Users/ycc-yfb/pico/pico-sdk/src/rp2_common/pico_cyw43_driver/cyw43_driver.c.obj
                0x10009fd8                cyw43_cb_process_ethernet
 .text.handle_sync_func_call
                0x10009fe4       0x24 CMakeFiles/blink_freertos.dir/Users/ycc-yfb/pico/pico-sdk/src/rp2_common/pico_async_context/async_context_threadsafe_background.c.obj
 .text.async_context_threadsafe_background_acquire_lock_blocking
                0x1000a008        0xc CMakeFiles/blink_freertos.dir/Users/ycc-yfb/pico/pico-sdk/src/rp2_common/pico_async_context/async_context_threadsafe_background.c.obj
 .text.process_under_lock
                0x1000a014       0xcc CMakeFiles/blink_freertos.dir/Users/ycc-yfb/pico/pico-sdk/src/rp2_common/pico_async_context/async_context_threadsafe_background.c.obj
 .text.async_context_threadsafe_background_deinit
                0x1000a0e0       0x64 CMakeFiles/blink_freertos.dir/Users/ycc-yfb/pico/pico-sdk/src/rp2_common/pico_async_context/async_context_threadsafe_background.c.obj
 .text.low_priority_irq_handler
                0x1000a144       0x3c CMakeFiles/blink_freertos.dir/Users/ycc-yfb/pico/pico-sdk/src/rp2_common/pico_async_context/async_context_threadsafe_background.c.obj
 .text.async_context_threadsafe_background_wait_for_work_until
                0x1000a180        0xc CMakeFiles/blink_freertos.dir/Users/ycc-yfb/pico/pico-sdk/src/rp2_common/pico_async_context/async_context_threadsafe_background.c.obj
 .text.async_context_threadsafe_background_wait_until
                0x1000a18c       0x1c CMakeFiles/blink_freertos.dir/Users/ycc-yfb/pico/pico-sdk/src/rp2_common/pico_async_context/async_context_threadsafe_background.c.obj
 .text.async_context_threadsafe_background_execute_sync
                0x1000a1a8       0xe4 CMakeFiles/blink_freertos.dir/Users/ycc-yfb/pico/pico-sdk/src/rp2_common/pico_async_context/async_context_threadsafe_background.c.obj
                0x1000a1a8                async_context_threadsafe_background_execute_sync
 .text.async_context_threadsafe_background_lock_check
                0x1000a28c       0x24 CMakeFiles/blink_freertos.dir/Users/ycc-yfb/pico/pico-sdk/src/rp2_common/pico_async_context/async_context_threadsafe_background.c.obj
 .text.async_context_threadsafe_background_set_work_pending
                0x1000a2b0       0x50 CMakeFiles/blink_freertos.dir/Users/ycc-yfb/pico/pico-sdk/src/rp2_common/pico_async_context/async_context_threadsafe_background.c.obj
 .text.alarm_handler
                0x1000a300       0x58 CMakeFiles/blink_freertos.dir/Users/ycc-yfb/pico/pico-sdk/src/rp2_common/pico_async_context/async_context_threadsafe_background.c.obj
 .text.async_context_threadsafe_background_release_lock
                0x1000a358       0x7c CMakeFiles/blink_freertos.dir/Users/ycc-yfb/pico/pico-sdk/src/rp2_common/pico_async_context/async_context_threadsafe_background.c.obj
 .text.async_context_threadsafe_background_when_pending_worker
                0x1000a3d4       0x90 CMakeFiles/blink_freertos.dir/Users/ycc-yfb/pico/pico-sdk/src/rp2_common/pico_async_context/async_context_threadsafe_background.c.obj
 .text.async_context_threadsafe_background_add_at_time_worker
                0x1000a464       0x90 CMakeFiles/blink_freertos.dir/Users/ycc-yfb/pico/pico-sdk/src/rp2_common/pico_async_context/async_context_threadsafe_background.c.obj
 .text.async_context_threadsafe_background_remove_at_time_worker
                0x1000a4f4       0x90 CMakeFiles/blink_freertos.dir/Users/ycc-yfb/pico/pico-sdk/src/rp2_common/pico_async_context/async_context_threadsafe_background.c.obj
 .text.async_context_threadsafe_background_add_when_pending_worker
                0x1000a584       0x90 CMakeFiles/blink_freertos.dir/Users/ycc-yfb/pico/pico-sdk/src/rp2_common/pico_async_context/async_context_threadsafe_background.c.obj
 .text.async_context_threadsafe_background_default_config
                0x1000a614        0xc CMakeFiles/blink_freertos.dir/Users/ycc-yfb/pico/pico-sdk/src/rp2_common/pico_async_context/async_context_threadsafe_background.c.obj
                0x1000a614                async_context_threadsafe_background_default_config
 .text.async_context_threadsafe_background_init
                0x1000a620       0xa4 CMakeFiles/blink_freertos.dir/Users/ycc-yfb/pico/pico-sdk/src/rp2_common/pico_async_context/async_context_threadsafe_background.c.obj
                0x1000a620                async_context_threadsafe_background_init
 .text.async_context_base_add_at_time_worker
                0x1000a6c4       0x24 CMakeFiles/blink_freertos.dir/Users/ycc-yfb/pico/pico-sdk/src/rp2_common/pico_async_context/async_context_base.c.obj
                0x1000a6c4                async_context_base_add_at_time_worker
 .text.async_context_base_remove_at_time_worker
                0x1000a6e8       0x28 CMakeFiles/blink_freertos.dir/Users/ycc-yfb/pico/pico-sdk/src/rp2_common/pico_async_context/async_context_base.c.obj
                0x1000a6e8                async_context_base_remove_at_time_worker
 .text.async_context_base_add_when_pending_worker
                0x1000a710       0x24 CMakeFiles/blink_freertos.dir/Users/ycc-yfb/pico/pico-sdk/src/rp2_common/pico_async_context/async_context_base.c.obj
                0x1000a710                async_context_base_add_when_pending_worker
 .text.async_context_base_remove_when_pending_worker
                0x1000a734       0x28 CMakeFiles/blink_freertos.dir/Users/ycc-yfb/pico/pico-sdk/src/rp2_common/pico_async_context/async_context_base.c.obj
                0x1000a734                async_context_base_remove_when_pending_worker
 .text.async_context_base_execute_once
                0x1000a75c      0x108 CMakeFiles/blink_freertos.dir/Users/ycc-yfb/pico/pico-sdk/src/rp2_common/pico_async_context/async_context_base.c.obj
                0x1000a75c                async_context_base_execute_once
 .text.async_context_base_needs_servicing
                0x1000a864       0x54 CMakeFiles/blink_freertos.dir/Users/ycc-yfb/pico/pico-sdk/src/rp2_common/pico_async_context/async_context_base.c.obj
                0x1000a864                async_context_base_needs_servicing
 .text.pvPortMalloc
                0x1000a8b8      0x17c CMakeFiles/blink_freertos.dir/Users/ycc-yfb/FreeRTOS-Kernel/portable/MemMang/heap_4.c.obj
                0x1000a8b8                pvPortMalloc
 .text.vPortFree
                0x1000aa34       0x9c CMakeFiles/blink_freertos.dir/Users/ycc-yfb/FreeRTOS-Kernel/portable/MemMang/heap_4.c.obj
                0x1000aa34                vPortFree
 .text.vPortSVCHandler
                0x1000aad0        0x4 CMakeFiles/blink_freertos.dir/Users/ycc-yfb/FreeRTOS-Kernel/portable/ThirdParty/GCC/RP2040/port.c.obj
                0x1000aad0                vPortSVCHandler
 *fill*         0x1000aad4        0xc 
 .text.vPortStartFirstTask
                0x1000aae0       0x38 CMakeFiles/blink_freertos.dir/Users/ycc-yfb/FreeRTOS-Kernel/portable/ThirdParty/GCC/RP2040/port.c.obj
 .text.prvFIFOInterruptHandler
                0x1000ab18       0x2c CMakeFiles/blink_freertos.dir/Users/ycc-yfb/FreeRTOS-Kernel/portable/ThirdParty/GCC/RP2040/port.c.obj
 *fill*         0x1000ab44        0xc 
 .text.xPortPendSVHandler
                0x1000ab50       0x78 CMakeFiles/blink_freertos.dir/Users/ycc-yfb/FreeRTOS-Kernel/portable/ThirdParty/GCC/RP2040/port.c.obj
                0x1000ab50                xPortPendSVHandler
 .text.xPortSysTickHandler
                0x1000abc8       0x2c CMakeFiles/blink_freertos.dir/Users/ycc-yfb/FreeRTOS-Kernel/portable/ThirdParty/GCC/RP2040/port.c.obj
                0x1000abc8                xPortSysTickHandler
 .text.prvTaskExitError
                0x1000abf4        0x8 CMakeFiles/blink_freertos.dir/Users/ycc-yfb/FreeRTOS-Kernel/portable/ThirdParty/GCC/RP2040/port.c.obj
 .text.pxPortInitialiseStack
                0x1000abfc       0x20 CMakeFiles/blink_freertos.dir/Users/ycc-yfb/FreeRTOS-Kernel/portable/ThirdParty/GCC/RP2040/port.c.obj
                0x1000abfc                pxPortInitialiseStack
 .text.vPortYield
                0x1000ac1c       0x18 CMakeFiles/blink_freertos.dir/Users/ycc-yfb/FreeRTOS-Kernel/portable/ThirdParty/GCC/RP2040/port.c.obj
                0x1000ac1c                vPortYield
 .text.vPortEnableInterrupts
                0x1000ac34       0x30 CMakeFiles/blink_freertos.dir/Users/ycc-yfb/FreeRTOS-Kernel/portable/ThirdParty/GCC/RP2040/port.c.obj
                0x1000ac34                vPortEnableInterrupts
 .text.vYieldCore
                0x1000ac64        0xc CMakeFiles/blink_freertos.dir/Users/ycc-yfb/FreeRTOS-Kernel/portable/ThirdParty/GCC/RP2040/port.c.obj
                0x1000ac64                vYieldCore
 .text.vPortSetupTimerInterrupt
                0x1000ac70       0x34 CMakeFiles/blink_freertos.dir/Users/ycc-yfb/FreeRTOS-Kernel/portable/ThirdParty/GCC/RP2040/port.c.obj
                0x1000ac70                vPortSetupTimerInterrupt
 .text.xPortStartSchedulerOnCore.isra.0
                0x1000aca4       0xac CMakeFiles/blink_freertos.dir/Users/ycc-yfb/FreeRTOS-Kernel/portable/ThirdParty/GCC/RP2040/port.c.obj
 .text.prvDisableInterruptsAndPortStartSchedulerOnCore
                0x1000ad50        0xc CMakeFiles/blink_freertos.dir/Users/ycc-yfb/FreeRTOS-Kernel/portable/ThirdParty/GCC/RP2040/port.c.obj
 .text.xPortStartScheduler
                0x1000ad5c       0x28 CMakeFiles/blink_freertos.dir/Users/ycc-yfb/FreeRTOS-Kernel/portable/ThirdParty/GCC/RP2040/port.c.obj
                0x1000ad5c                xPortStartScheduler
 .text.ulPortLockGetCurrentOwnerId
                0x1000ad84       0x30 CMakeFiles/blink_freertos.dir/Users/ycc-yfb/FreeRTOS-Kernel/portable/ThirdParty/GCC/RP2040/port.c.obj
                0x1000ad84                ulPortLockGetCurrentOwnerId
 .text.vPortLockInternalSpinUnlockWithWait
                0x1000adb4       0x68 CMakeFiles/blink_freertos.dir/Users/ycc-yfb/FreeRTOS-Kernel/portable/ThirdParty/GCC/RP2040/port.c.obj
                0x1000adb4                vPortLockInternalSpinUnlockWithWait
 .text.vPortLockInternalSpinUnlockWithNotify
                0x1000ae1c       0x84 CMakeFiles/blink_freertos.dir/Users/ycc-yfb/FreeRTOS-Kernel/portable/ThirdParty/GCC/RP2040/port.c.obj
                0x1000ae1c                vPortLockInternalSpinUnlockWithNotify
 .text.xPortLockInternalSpinUnlockWithBestEffortWaitOrTimeout
                0x1000aea0       0xec CMakeFiles/blink_freertos.dir/Users/ycc-yfb/FreeRTOS-Kernel/portable/ThirdParty/GCC/RP2040/port.c.obj
                0x1000aea0                xPortLockInternalSpinUnlockWithBestEffortWaitOrTimeout
 .text.startup.prvRuntimeInitializer
                0x1000af8c       0x10 CMakeFiles/blink_freertos.dir/Users/ycc-yfb/FreeRTOS-Kernel/portable/ThirdParty/GCC/RP2040/port.c.obj
 .text.vEventGroupSetBitsCallback
                0x1000af9c       0x90 CMakeFiles/blink_freertos.dir/Users/ycc-yfb/FreeRTOS-Kernel/event_groups.c.obj
                0x1000af9c                vEventGroupSetBitsCallback
 .text.xEventGroupCreate
                0x1000b02c       0x18 CMakeFiles/blink_freertos.dir/Users/ycc-yfb/FreeRTOS-Kernel/event_groups.c.obj
                0x1000b02c                xEventGroupCreate
 .text.xEventGroupWaitBits
                0x1000b044       0xb8 CMakeFiles/blink_freertos.dir/Users/ycc-yfb/FreeRTOS-Kernel/event_groups.c.obj
                0x1000b044                xEventGroupWaitBits
 .text.xEventGroupSetBits
                0x1000b0fc       0x94 CMakeFiles/blink_freertos.dir/Users/ycc-yfb/FreeRTOS-Kernel/event_groups.c.obj
                0x1000b0fc                xEventGroupSetBits
 .text.xEventGroupSetBitsFromISR
                0x1000b190       0x18 CMakeFiles/blink_freertos.dir/Users/ycc-yfb/FreeRTOS-Kernel/event_groups.c.obj
                0x1000b190                xEventGroupSetBitsFromISR
 .text.vListInitialise
                0x1000b1a8       0x18 CMakeFiles/blink_freertos.dir/Users/ycc-yfb/FreeRTOS-Kernel/list.c.obj
                0x1000b1a8                vListInitialise
 .text.vListInitialiseItem
                0x1000b1c0        0x8 CMakeFiles/blink_freertos.dir/Users/ycc-yfb/FreeRTOS-Kernel/list.c.obj
                0x1000b1c0                vListInitialiseItem
 .text.vListInsertEnd
                0x1000b1c8       0x18 CMakeFiles/blink_freertos.dir/Users/ycc-yfb/FreeRTOS-Kernel/list.c.obj
                0x1000b1c8                vListInsertEnd
 .text.vListInsert
                0x1000b1e0       0x30 CMakeFiles/blink_freertos.dir/Users/ycc-yfb/FreeRTOS-Kernel/list.c.obj
                0x1000b1e0                vListInsert
 .text.uxListRemove
                0x1000b210       0x24 CMakeFiles/blink_freertos.dir/Users/ycc-yfb/FreeRTOS-Kernel/list.c.obj
                0x1000b210                uxListRemove
 .text.prvUnlockQueue
                0x1000b234      0x180 CMakeFiles/blink_freertos.dir/Users/ycc-yfb/FreeRTOS-Kernel/queue.c.obj
 .text.prvNotifyQueueSetContainer
                0x1000b3b4       0x88 CMakeFiles/blink_freertos.dir/Users/ycc-yfb/FreeRTOS-Kernel/queue.c.obj
 .text.xQueueGenericCreate
                0x1000b43c       0x6c CMakeFiles/blink_freertos.dir/Users/ycc-yfb/FreeRTOS-Kernel/queue.c.obj
                0x1000b43c                xQueueGenericCreate
 .text.xQueueGenericSend
                0x1000b4a8      0x1d8 CMakeFiles/blink_freertos.dir/Users/ycc-yfb/FreeRTOS-Kernel/queue.c.obj
                0x1000b4a8                xQueueGenericSend
 .text.xQueueGenericSendFromISR
                0x1000b680      0x12c CMakeFiles/blink_freertos.dir/Users/ycc-yfb/FreeRTOS-Kernel/queue.c.obj
                0x1000b680                xQueueGenericSendFromISR
 .text.xQueueReceive
                0x1000b7ac      0x11c CMakeFiles/blink_freertos.dir/Users/ycc-yfb/FreeRTOS-Kernel/queue.c.obj
                0x1000b7ac                xQueueReceive
 .text.vQueueAddToRegistry
                0x1000b8c8       0x60 CMakeFiles/blink_freertos.dir/Users/ycc-yfb/FreeRTOS-Kernel/queue.c.obj
                0x1000b8c8                vQueueAddToRegistry
 .text.vQueueWaitForMessageRestricted
                0x1000b928       0x48 CMakeFiles/blink_freertos.dir/Users/ycc-yfb/FreeRTOS-Kernel/queue.c.obj
                0x1000b928                vQueueWaitForMessageRestricted
 .text.prvMinimalIdleTask
                0x1000b970       0x18 CMakeFiles/blink_freertos.dir/Users/ycc-yfb/FreeRTOS-Kernel/tasks.c.obj
 .text.prvAddCurrentTaskToDelayedList
                0x1000b988       0xe0 CMakeFiles/blink_freertos.dir/Users/ycc-yfb/FreeRTOS-Kernel/tasks.c.obj
 .text.prvCheckForRunStateChange.part.0
                0x1000ba68      0x194 CMakeFiles/blink_freertos.dir/Users/ycc-yfb/FreeRTOS-Kernel/tasks.c.obj
 .text.vTaskSuspendAll.part.0
                0x1000bbfc       0xf0 CMakeFiles/blink_freertos.dir/Users/ycc-yfb/FreeRTOS-Kernel/tasks.c.obj
 .text.prvYieldForTask
                0x1000bcec       0xe0 CMakeFiles/blink_freertos.dir/Users/ycc-yfb/FreeRTOS-Kernel/tasks.c.obj
 .text.vTaskSuspendAll
                0x1000bdcc      0x100 CMakeFiles/blink_freertos.dir/Users/ycc-yfb/FreeRTOS-Kernel/tasks.c.obj
                0x1000bdcc                vTaskSuspendAll
 .text.xTaskGetTickCount
                0x1000becc        0xc CMakeFiles/blink_freertos.dir/Users/ycc-yfb/FreeRTOS-Kernel/tasks.c.obj
                0x1000becc                xTaskGetTickCount
 .text.vTaskSwitchContext
                0x1000bed8      0x340 CMakeFiles/blink_freertos.dir/Users/ycc-yfb/FreeRTOS-Kernel/tasks.c.obj
                0x1000bed8                vTaskSwitchContext
 .text.vTaskPlaceOnEventList
                0x1000c218       0xe0 CMakeFiles/blink_freertos.dir/Users/ycc-yfb/FreeRTOS-Kernel/tasks.c.obj
                0x1000c218                vTaskPlaceOnEventList
 .text.vTaskPlaceOnUnorderedEventList
                0x1000c2f8       0x48 CMakeFiles/blink_freertos.dir/Users/ycc-yfb/FreeRTOS-Kernel/tasks.c.obj
                0x1000c2f8                vTaskPlaceOnUnorderedEventList
 .text.vTaskPlaceOnEventListRestricted
                0x1000c340      0x100 CMakeFiles/blink_freertos.dir/Users/ycc-yfb/FreeRTOS-Kernel/tasks.c.obj
                0x1000c340                vTaskPlaceOnEventListRestricted
 .text.xTaskRemoveFromEventList
                0x1000c440      0x154 CMakeFiles/blink_freertos.dir/Users/ycc-yfb/FreeRTOS-Kernel/tasks.c.obj
                0x1000c440                xTaskRemoveFromEventList
 .text.vTaskInternalSetTimeOutState
                0x1000c594       0x18 CMakeFiles/blink_freertos.dir/Users/ycc-yfb/FreeRTOS-Kernel/tasks.c.obj
                0x1000c594                vTaskInternalSetTimeOutState
 .text.xTaskCheckForTimeOut
                0x1000c5ac      0x280 CMakeFiles/blink_freertos.dir/Users/ycc-yfb/FreeRTOS-Kernel/tasks.c.obj
                0x1000c5ac                xTaskCheckForTimeOut
 .text.vTaskMissedYield
                0x1000c82c       0x14 CMakeFiles/blink_freertos.dir/Users/ycc-yfb/FreeRTOS-Kernel/tasks.c.obj
                0x1000c82c                vTaskMissedYield
 .text.xTaskGetCurrentTaskHandle
                0x1000c840       0x1c CMakeFiles/blink_freertos.dir/Users/ycc-yfb/FreeRTOS-Kernel/tasks.c.obj
                0x1000c840                xTaskGetCurrentTaskHandle
 .text.xTaskGetSchedulerState
                0x1000c85c      0x1ec CMakeFiles/blink_freertos.dir/Users/ycc-yfb/FreeRTOS-Kernel/tasks.c.obj
                0x1000c85c                xTaskGetSchedulerState
 .text.xTaskPriorityDisinherit
                0x1000ca48       0x58 CMakeFiles/blink_freertos.dir/Users/ycc-yfb/FreeRTOS-Kernel/tasks.c.obj
                0x1000ca48                xTaskPriorityDisinherit
 .text.vTaskYieldWithinAPI
                0x1000caa0       0x34 CMakeFiles/blink_freertos.dir/Users/ycc-yfb/FreeRTOS-Kernel/tasks.c.obj
                0x1000caa0                vTaskYieldWithinAPI
 .text.vTaskEnterCritical
                0x1000cad4      0x10c CMakeFiles/blink_freertos.dir/Users/ycc-yfb/FreeRTOS-Kernel/tasks.c.obj
                0x1000cad4                vTaskEnterCritical
 .text.vTaskExitCritical
                0x1000cbe0       0xe4 CMakeFiles/blink_freertos.dir/Users/ycc-yfb/FreeRTOS-Kernel/tasks.c.obj
                0x1000cbe0                vTaskExitCritical
 .text.prvIdleTask
                0x1000ccc4      0x188 CMakeFiles/blink_freertos.dir/Users/ycc-yfb/FreeRTOS-Kernel/tasks.c.obj
 .text.xTaskCreateAffinitySet
                0x1000ce4c      0x290 CMakeFiles/blink_freertos.dir/Users/ycc-yfb/FreeRTOS-Kernel/tasks.c.obj
                0x1000ce4c                xTaskCreateAffinitySet
 .text.xTaskCreate
                0x1000d0dc       0x1c CMakeFiles/blink_freertos.dir/Users/ycc-yfb/FreeRTOS-Kernel/tasks.c.obj
                0x1000d0dc                xTaskCreate
 .text.vTaskStartScheduler
                0x1000d0f8       0x94 CMakeFiles/blink_freertos.dir/Users/ycc-yfb/FreeRTOS-Kernel/tasks.c.obj
                0x1000d0f8                vTaskStartScheduler
 .text.xTaskIncrementTick
                0x1000d18c      0x218 CMakeFiles/blink_freertos.dir/Users/ycc-yfb/FreeRTOS-Kernel/tasks.c.obj
                0x1000d18c                xTaskIncrementTick
 .text.xTaskResumeAll.part.0
                0x1000d3a4      0x118 CMakeFiles/blink_freertos.dir/Users/ycc-yfb/FreeRTOS-Kernel/tasks.c.obj
 .text.xTaskResumeAll
                0x1000d4bc       0x18 CMakeFiles/blink_freertos.dir/Users/ycc-yfb/FreeRTOS-Kernel/tasks.c.obj
                0x1000d4bc                xTaskResumeAll
 .text.vTaskDelay
                0x1000d4d4       0x70 CMakeFiles/blink_freertos.dir/Users/ycc-yfb/FreeRTOS-Kernel/tasks.c.obj
                0x1000d4d4                vTaskDelay
 .text.vTaskRemoveFromUnorderedEventList
                0x1000d544       0x50 CMakeFiles/blink_freertos.dir/Users/ycc-yfb/FreeRTOS-Kernel/tasks.c.obj
                0x1000d544                vTaskRemoveFromUnorderedEventList
 .text.uxTaskResetEventItemValue
                0x1000d594       0x48 CMakeFiles/blink_freertos.dir/Users/ycc-yfb/FreeRTOS-Kernel/tasks.c.obj
                0x1000d594                uxTaskResetEventItemValue
 .text.prvSwitchTimerLists
                0x1000d5dc       0x94 CMakeFiles/blink_freertos.dir/Users/ycc-yfb/FreeRTOS-Kernel/timers.c.obj
 .text.prvTimerTask
                0x1000d670      0x24c CMakeFiles/blink_freertos.dir/Users/ycc-yfb/FreeRTOS-Kernel/timers.c.obj
 .text.xTimerCreateTimerTask
                0x1000d8bc       0x8c CMakeFiles/blink_freertos.dir/Users/ycc-yfb/FreeRTOS-Kernel/timers.c.obj
                0x1000d8bc                xTimerCreateTimerTask
 .text.xTimerPendFunctionCallFromISR
                0x1000d948       0x28 CMakeFiles/blink_freertos.dir/Users/ycc-yfb/FreeRTOS-Kernel/timers.c.obj
                0x1000d948                xTimerPendFunctionCallFromISR
 .text.core1_trampoline
                0x1000d970        0x4 CMakeFiles/blink_freertos.dir/Users/ycc-yfb/pico/pico-sdk/src/rp2_common/pico_multicore/multicore.c.obj
 .text.core1_wrapper
                0x1000d974        0xc CMakeFiles/blink_freertos.dir/Users/ycc-yfb/pico/pico-sdk/src/rp2_common/pico_multicore/multicore.c.obj
                0x1000d974                core1_wrapper
 .text.multicore_launch_core1_raw
                0x1000d980       0x84 CMakeFiles/blink_freertos.dir/Users/ycc-yfb/pico/pico-sdk/src/rp2_common/pico_multicore/multicore.c.obj
                0x1000d980                multicore_launch_core1_raw
 .text.multicore_launch_core1
                0x1000da04       0x58 CMakeFiles/blink_freertos.dir/Users/ycc-yfb/pico/pico-sdk/src/rp2_common/pico_multicore/multicore.c.obj
                0x1000da04                multicore_launch_core1
 .text.calloc   0x1000da5c       0x18 /Applications/ArmGNUToolchain/13.2.Rel1/arm-none-eabi/bin/../lib/gcc/arm-none-eabi/13.2.1/../../../../arm-none-eabi/lib/thumb/v6-m/nofp/libc.a(libc_a-calloc.o)
                0x1000da5c                calloc
 .text._calloc_r
                0x1000da74       0xa8 /Applications/ArmGNUToolchain/13.2.Rel1/arm-none-eabi/bin/../lib/gcc/arm-none-eabi/13.2.1/../../../../arm-none-eabi/lib/thumb/v6-m/nofp/libc.a(libc_a-callocr.o)
                0x1000da74                _calloc_r
 .text.malloc   0x1000db1c       0x14 /Applications/ArmGNUToolchain/13.2.Rel1/arm-none-eabi/bin/../lib/gcc/arm-none-eabi/13.2.1/../../../../arm-none-eabi/lib/thumb/v6-m/nofp/libc.a(libc_a-malloc.o)
                0x1000db1c                malloc
 .text.free     0x1000db30       0x14 /Applications/ArmGNUToolchain/13.2.Rel1/arm-none-eabi/bin/../lib/gcc/arm-none-eabi/13.2.1/../../../../arm-none-eabi/lib/thumb/v6-m/nofp/libc.a(libc_a-malloc.o)
                0x1000db30                free
 .text._malloc_r
                0x1000db44      0x5c4 /Applications/ArmGNUToolchain/13.2.Rel1/arm-none-eabi/bin/../lib/gcc/arm-none-eabi/13.2.1/../../../../arm-none-eabi/lib/thumb/v6-m/nofp/libc.a(libc_a-mallocr.o)
                0x1000db44                _malloc_r
 .text.__malloc_lock
                0x1000e108       0x10 /Applications/ArmGNUToolchain/13.2.Rel1/arm-none-eabi/bin/../lib/gcc/arm-none-eabi/13.2.1/../../../../arm-none-eabi/lib/thumb/v6-m/nofp/libc.a(libc_a-mlock.o)
                0x1000e108                __malloc_lock
 .text.__malloc_unlock
                0x1000e118       0x10 /Applications/ArmGNUToolchain/13.2.Rel1/arm-none-eabi/bin/../lib/gcc/arm-none-eabi/13.2.1/../../../../arm-none-eabi/lib/thumb/v6-m/nofp/libc.a(libc_a-mlock.o)
                0x1000e118                __malloc_unlock
 .text.memmove  0x1000e128       0xb0 /Applications/ArmGNUToolchain/13.2.Rel1/arm-none-eabi/bin/../lib/gcc/arm-none-eabi/13.2.1/../../../../arm-none-eabi/lib/thumb/v6-m/nofp/libc.a(libc_a-memmove.o)
                0x1000e128                memmove
 .text.strncmp  0x1000e1d8       0x74 /Applications/ArmGNUToolchain/13.2.Rel1/arm-none-eabi/bin/../lib/gcc/arm-none-eabi/13.2.1/../../../../arm-none-eabi/lib/thumb/v6-m/nofp/libc.a(libc_a-strncmp.o)
                0x1000e1d8                strncmp
 .text._sbrk_r  0x1000e24c       0x24 /Applications/ArmGNUToolchain/13.2.Rel1/arm-none-eabi/bin/../lib/gcc/arm-none-eabi/13.2.1/../../../../arm-none-eabi/lib/thumb/v6-m/nofp/libc.a(libc_a-sbrkr.o)
                0x1000e24c                _sbrk_r
 .text.__errno  0x1000e270        0xc /Applications/ArmGNUToolchain/13.2.Rel1/arm-none-eabi/bin/../lib/gcc/arm-none-eabi/13.2.1/../../../../arm-none-eabi/lib/thumb/v6-m/nofp/libc.a(libc_a-errno.o)
                0x1000e270                __errno
 .text.sysconf  0x1000e27c       0x1c /Applications/ArmGNUToolchain/13.2.Rel1/arm-none-eabi/bin/../lib/gcc/arm-none-eabi/13.2.1/../../../../arm-none-eabi/lib/thumb/v6-m/nofp/libc.a(libc_a-sysconf.o)
                0x1000e27c                sysconf
 .text.__retarget_lock_acquire_recursive
                0x1000e298        0x4 /Applications/ArmGNUToolchain/13.2.Rel1/arm-none-eabi/bin/../lib/gcc/arm-none-eabi/13.2.1/../../../../arm-none-eabi/lib/thumb/v6-m/nofp/libc.a(libc_a-lock.o)
                0x1000e298                __retarget_lock_acquire_recursive
 .text.__retarget_lock_release_recursive
                0x1000e29c        0x4 /Applications/ArmGNUToolchain/13.2.Rel1/arm-none-eabi/bin/../lib/gcc/arm-none-eabi/13.2.1/../../../../arm-none-eabi/lib/thumb/v6-m/nofp/libc.a(libc_a-lock.o)
                0x1000e29c                __retarget_lock_release_recursive
 .text.strlen   0x1000e2a0       0x5c /Applications/ArmGNUToolchain/13.2.Rel1/arm-none-eabi/bin/../lib/gcc/arm-none-eabi/13.2.1/../../../../arm-none-eabi/lib/thumb/v6-m/nofp/libc.a(libc_a-strlen-stub.o)
                0x1000e2a0                strlen
 .text._malloc_trim_r
                0x1000e2fc       0xb4 /Applications/ArmGNUToolchain/13.2.Rel1/arm-none-eabi/bin/../lib/gcc/arm-none-eabi/13.2.1/../../../../arm-none-eabi/lib/thumb/v6-m/nofp/libc.a(libc_a-freer.o)
                0x1000e2fc                _malloc_trim_r
 .text._free_r  0x1000e3b0      0x1d4 /Applications/ArmGNUToolchain/13.2.Rel1/arm-none-eabi/bin/../lib/gcc/arm-none-eabi/13.2.1/../../../../arm-none-eabi/lib/thumb/v6-m/nofp/libc.a(libc_a-freer.o)
                0x1000e3b0                _free_r
 *(.fini)