Archive member included to satisfy reference by file (symbol)

/Applications/ArmGNUToolchain/13.2.Rel1/arm-none-eabi/bin/../lib/gcc/arm-none-eabi/13.2.1/thumb/v6-m/nofp/libgcc.a(_dvmd_tls.o)
                              CMakeFiles/blink.dir/Users/ycc-yfb/pico/pico-sdk/src/rp2_common/pico_divider/divider.S.obj (__aeabi_idiv0)
/Applications/ArmGNUToolchain/13.2.Rel1/arm-none-eabi/bin/../lib/gcc/arm-none-eabi/13.2.1/../../../../arm-none-eabi/lib/thumb/v6-m/nofp/libc.a(libc_a-calloc.o)
                              CMakeFiles/blink.dir/Users/ycc-yfb/pico/pico-sdk/src/rp2_common/pico_malloc/pico_malloc.c.obj (calloc)
/Applications/ArmGNUToolchain/13.2.Rel1/arm-none-eabi/bin/../lib/gcc/arm-none-eabi/13.2.1/../../../../arm-none-eabi/lib/thumb/v6-m/nofp/libc.a(libc_a-callocr.o)
                              /Applications/ArmGNUToolchain/13.2.Rel1/arm-none-eabi/bin/../lib/gcc/arm-none-eabi/13.2.1/../../../../arm-none-eabi/lib/thumb/v6-m/nofp/libc.a(libc_a-calloc.o) (_calloc_r)
/Applications/ArmGNUToolchain/13.2.Rel1/arm-none-eabi/bin/../lib/gcc/arm-none-eabi/13.2.1/../../../../arm-none-eabi/lib/thumb/v6-m/nofp/libc.a(libc_a-malloc.o)
                              CMakeFiles/blink.dir/Users/ycc-yfb/pico/pico-sdk/src/rp2_common/pico_malloc/pico_malloc.c.obj (malloc)
/Applications/ArmGNUToolchain/13.2.Rel1/arm-none-eabi/bin/../lib/gcc/arm-none-eabi/13.2.1/../../../../arm-none-eabi/lib/thumb/v6-m/nofp/libc.a(libc_a-mallocr.o)
                              /Applications/ArmGNUToolchain/13.2.Rel1/arm-none-eabi/bin/../lib/gcc/arm-none-eabi/13.2.1/../../../../arm-none-eabi/lib/thumb/v6-m/nofp/libc.a(libc_a-callocr.o) (_malloc_r)
/Applications/ArmGNUToolchain/13.2.Rel1/arm-none-eabi/bin/../lib/gcc/arm-none-eabi/13.2.1/../../../../arm-none-eabi/lib/thumb/v6-m/nofp/libc.a(libc_a-mlock.o)
                              /Applications/ArmGNUToolchain/13.2.Rel1/arm-none-eabi/bin/../lib/gcc/arm-none-eabi/13.2.1/../../../../arm-none-eabi/lib/thumb/v6-m/nofp/libc.a(libc_a-mallocr.o) (__malloc_lock)
/Applications/ArmGNUToolchain/13.2.Rel1/arm-none-eabi/bin/../lib/gcc/arm-none-eabi/13.2.1/../../../../arm-none-eabi/lib/thumb/v6-m/nofp/libc.a(libc_a-realloc.o)
                              CMakeFiles/blink.dir/Users/ycc-yfb/pico/pico-sdk/src/rp2_common/pico_malloc/pico_malloc.c.obj (realloc)
/Applications/ArmGNUToolchain/13.2.Rel1/arm-none-eabi/bin/../lib/gcc/arm-none-eabi/13.2.1/../../../../arm-none-eabi/lib/thumb/v6-m/nofp/libc.a(libc_a-reallocr.o)
                              /Applications/ArmGNUToolchain/13.2.Rel1/arm-none-eabi/bin/../lib/gcc/arm-none-eabi/13.2.1/../../../../arm-none-eabi/lib/thumb/v6-m/nofp/libc.a(libc_a-realloc.o) (_realloc_r)
/Applications/ArmGNUToolchain/13.2.Rel1/arm-none-eabi/bin/../lib/gcc/arm-none-eabi/13.2.1/../../../../arm-none-eabi/lib/thumb/v6-m/nofp/libc.a(libc_a-memcmp.o)
                              CMakeFiles/blink.dir/Users/ycc-yfb/pico/pico-sdk/lib/cyw43-driver/src/cyw43_ll.c.obj (memcmp)
/Applications/ArmGNUToolchain/13.2.Rel1/arm-none-eabi/bin/../lib/gcc/arm-none-eabi/13.2.1/../../../../arm-none-eabi/lib/thumb/v6-m/nofp/libc.a(libc_a-memmove.o)
                              CMakeFiles/blink.dir/Users/ycc-yfb/pico/pico-sdk/lib/cyw43-driver/src/cyw43_ll.c.obj (memmove)
/Applications/ArmGNUToolchain/13.2.Rel1/arm-none-eabi/bin/../lib/gcc/arm-none-eabi/13.2.1/../../../../arm-none-eabi/lib/thumb/v6-m/nofp/libc.a(libc_a-strncmp.o)
                              CMakeFiles/blink.dir/Users/ycc-yfb/pico/pico-sdk/lib/cyw43-driver/src/cyw43_ll.c.obj (strncmp)
/Applications/ArmGNUToolchain/13.2.Rel1/arm-none-eabi/bin/../lib/gcc/arm-none-eabi/13.2.1/../../../../arm-none-eabi/lib/thumb/v6-m/nofp/libc.a(libc_a-impure.o)
                              /Applications/ArmGNUToolchain/13.2.Rel1/arm-none-eabi/bin/../lib/gcc/arm-none-eabi/13.2.1/../../../../arm-none-eabi/lib/thumb/v6-m/nofp/libc.a(libc_a-calloc.o) (_impure_ptr)
/Applications/ArmGNUToolchain/13.2.Rel1/arm-none-eabi/bin/../lib/gcc/arm-none-eabi/13.2.1/../../../../arm-none-eabi/lib/thumb/v6-m/nofp/libc.a(libc_a-sbrkr.o)
                              /Applications/ArmGNUToolchain/13.2.Rel1/arm-none-eabi/bin/../lib/gcc/arm-none-eabi/13.2.1/../../../../arm-none-eabi/lib/thumb/v6-m/nofp/libc.a(libc_a-mallocr.o) (_sbrk_r)
/Applications/ArmGNUToolchain/13.2.Rel1/arm-none-eabi/bin/../lib/gcc/arm-none-eabi/13.2.1/../../../../arm-none-eabi/lib/thumb/v6-m/nofp/libc.a(libc_a-errno.o)
                              /Applications/ArmGNUToolchain/13.2.Rel1/arm-none-eabi/bin/../lib/gcc/arm-none-eabi/13.2.1/../../../../arm-none-eabi/lib/thumb/v6-m/nofp/libc.a(libc_a-callocr.o) (__errno)
/Applications/ArmGNUToolchain/13.2.Rel1/arm-none-eabi/bin/../lib/gcc/arm-none-eabi/13.2.1/../../../../arm-none-eabi/lib/thumb/v6-m/nofp/libc.a(libc_a-sysconf.o)
                              /Applications/ArmGNUToolchain/13.2.Rel1/arm-none-eabi/bin/../lib/gcc/arm-none-eabi/13.2.1/../../../../arm-none-eabi/lib/thumb/v6-m/nofp/libc.a(libc_a-mallocr.o) (sysconf)
[...]
Memory Configuration

Name             Origin             Length             Attributes
FLASH            0x10000000         0x00200000         xr
RAM              0x20000000         0x00040000         xrw
SCRATCH_X        0x20040000         0x00001000         xrw
SCRATCH_Y        0x20041000         0x00001000         xrw
*default*        0x00000000         0xffffffff

Linker script and memory map

LOAD /Applications/ArmGNUToolchain/13.2.Rel1/arm-none-eabi/bin/../lib/gcc/arm-none-eabi/13.2.1/thumb/v6-m/nofp/crti.o
LOAD /Applications/ArmGNUToolchain/13.2.Rel1/arm-none-eabi/bin/../lib/gcc/arm-none-eabi/13.2.1/thumb/v6-m/nofp/crtbegin.o
LOAD /Applications/ArmGNUToolchain/13.2.Rel1/arm-none-eabi/bin/../lib/gcc/arm-none-eabi/13.2.1/../../../../arm-none-eabi/lib/thumb/v6-m/nofp/crt0.o

.flash_begin    0x10000000        0x0
                0x10000000                        __flash_binary_start = .

.boot2          0x10000000      0x100
                0x10000000                        __boot2_start__ = .
 *(.boot2)
 .boot2         0x10000000      0x100 /var/folders/g7/lmy6cnzn3ns6pdyr95mp5mp00000gn/T//ccHISXZt.o
                0x10000100                        __boot2_end__ = .
                0x00000001                        ASSERT (((__boot2_end__ - __boot2_start__) == 0x100), ERROR: Pico second stage bootloader must be 256 bytes in size)

.text           0x10000100     0xa260
                0x10000100                        __logical_binary_start = .
 *(.vectors)
 .vectors       0x10000100       0xd4 CMakeFiles/blink.dir/Users/ycc-yfb/pico/pico-sdk/src/rp2_common/pico_standard_link/crt0.S.obj
                0x10000100                __VECTOR_TABLE
                0x10000100                __vectors
                0x100001c0                __default_isrs_start
                0x100001c0                isr_invalid
                0x100001c2                isr_nmi
                0x100001c4                isr_hardfault
                0x100001c6                isr_svcall
                0x100001c8                isr_pendsv
                0x100001ca                isr_systick
                0x100001cc                isr_irq28
                0x100001cc                isr_irq19
                0x100001cc                isr_irq0
                0x100001cc                isr_irq6
                0x100001cc                isr_irq22
                0x100001cc                isr_irq17
                0x100001cc                isr_irq14
                0x100001cc                isr_irq2
                0x100001cc                isr_irq10
                0x100001cc                isr_irq8
                0x100001cc                isr_irq24
                0x100001cc                isr_irq1
                0x100001cc                isr_irq7
                0x100001cc                isr_irq21
                0x100001cc                isr_irq20
                0x100001cc                isr_irq15
                0x100001cc                isr_irq25
                0x100001cc                isr_irq4
                0x100001cc                isr_irq16
                0x100001cc                isr_irq29
                0x100001cc                isr_irq26
                0x100001cc                __default_isrs_end
                0x100001cc                isr_irq3
                0x100001cc                isr_irq9
                0x100001cc                __unhandled_user_irq
                0x100001cc                isr_irq13
                0x100001cc                isr_irq27
                0x100001cc                isr_irq31
                0x100001cc                isr_irq5
                0x100001cc                isr_irq11
                0x100001cc                isr_irq23
                0x100001cc                isr_irq18
                0x100001cc                isr_irq30
                0x100001cc                isr_irq12
                0x100001d2                unhandled_user_irq_num_in_r0
 *(.binary_info_header)
 .binary_info_header
                0x100001d4       0x14 CMakeFiles/blink.dir/Users/ycc-yfb/pico/pico-sdk/src/rp2_common/pico_standard_link/crt0.S.obj
                0x100001e8                        __binary_info_header_end = .
 *(.reset)
 .reset         0x100001e8       0xa0 CMakeFiles/blink.dir/Users/ycc-yfb/pico/pico-sdk/src/rp2_common/pico_standard_link/crt0.S.obj
                0x100001e8                _entry_point
 .reset         0x10000288       0x30 CMakeFiles/blink.dir/Users/ycc-yfb/pico/pico-sdk/src/rp2_common/pico_standard_link/binary_info.c.obj
 *(.init)
 .init          0x100002b8        0x4 /Applications/ArmGNUToolchain/13.2.Rel1/arm-none-eabi/bin/../lib/gcc/arm-none-eabi/13.2.1/thumb/v6-m/nofp/crti.o
                0x100002b8                _init
 *(EXCLUDE_FILE(*libm.a: *libc.a:*lib_a-mem*.o *libgcc.a:) .text*)
 .text.register_tm_clones
                0x100002bc       0x28 /Applications/ArmGNUToolchain/13.2.Rel1/arm-none-eabi/bin/../lib/gcc/arm-none-eabi/13.2.1/thumb/v6-m/nofp/crtbegin.o
 .text.frame_dummy
                0x100002e4       0x24 /Applications/ArmGNUToolchain/13.2.Rel1/arm-none-eabi/bin/../lib/gcc/arm-none-eabi/13.2.1/thumb/v6-m/nofp/crtbegin.o
 .text.startup.main
                0x10000308       0x3c CMakeFiles/blink.dir/blink.c.obj
                0x10000308                main
 .text.gpio_set_function
                0x10000344       0x30 CMakeFiles/blink.dir/Users/ycc-yfb/pico/pico-sdk/src/rp2_common/hardware_gpio/gpio.c.obj
                0x10000344                gpio_set_function
 .text.gpio_set_pulls
                0x10000374       0x24 CMakeFiles/blink.dir/Users/ycc-yfb/pico/pico-sdk/src/rp2_common/hardware_gpio/gpio.c.obj
                0x10000374                gpio_set_pulls
 .text.gpio_set_input_hysteresis_enabled
                0x10000398       0x28 CMakeFiles/blink.dir/Users/ycc-yfb/pico/pico-sdk/src/rp2_common/hardware_gpio/gpio.c.obj
                0x10000398                gpio_set_input_hysteresis_enabled
 .text.gpio_set_irq_enabled
                0x100003c0       0x54 CMakeFiles/blink.dir/Users/ycc-yfb/pico/pico-sdk/src/rp2_common/hardware_gpio/gpio.c.obj
                0x100003c0                gpio_set_irq_enabled
 .text.gpio_add_raw_irq_handler_with_order_priority_masked
                0x10000414       0x44 CMakeFiles/blink.dir/Users/ycc-yfb/pico/pico-sdk/src/rp2_common/hardware_gpio/gpio.c.obj
                0x10000414                gpio_add_raw_irq_handler_with_order_priority_masked
 .text.gpio_remove_raw_irq_handler_masked
                0x10000458       0x20 CMakeFiles/blink.dir/Users/ycc-yfb/pico/pico-sdk/src/rp2_common/hardware_gpio/gpio.c.obj
                0x10000458                gpio_remove_raw_irq_handler_masked
 .text.gpio_init
                0x10000478       0x3c CMakeFiles/blink.dir/Users/ycc-yfb/pico/pico-sdk/src/rp2_common/hardware_gpio/gpio.c.obj
                0x10000478                gpio_init
 .text.running_on_fpga
                0x100004b4       0x10 CMakeFiles/blink.dir/Users/ycc-yfb/pico/pico-sdk/src/rp2_common/pico_platform/platform.c.obj
                0x100004b4                running_on_fpga
 .text.hw_claim_lock
                0x100004c4       0x18 CMakeFiles/blink.dir/Users/ycc-yfb/pico/pico-sdk/src/rp2_common/hardware_claim/claim.c.obj
                0x100004c4                hw_claim_lock
 .text.hw_claim_unlock
                0x100004dc       0x14 CMakeFiles/blink.dir/Users/ycc-yfb/pico/pico-sdk/src/rp2_common/hardware_claim/claim.c.obj
                0x100004dc                hw_claim_unlock
 .text.hw_claim_or_assert
                0x100004f0       0x44 CMakeFiles/blink.dir/Users/ycc-yfb/pico/pico-sdk/src/rp2_common/hardware_claim/claim.c.obj
                0x100004f0                hw_claim_or_assert
 .text.hw_claim_unused_from_range
                0x10000534       0x9c CMakeFiles/blink.dir/Users/ycc-yfb/pico/pico-sdk/src/rp2_common/hardware_claim/claim.c.obj
                0x10000534                hw_claim_unused_from_range
 .text.hw_claim_clear
                0x100005d0       0x38 CMakeFiles/blink.dir/Users/ycc-yfb/pico/pico-sdk/src/rp2_common/hardware_claim/claim.c.obj
                0x100005d0                hw_claim_clear
 .text.spin_locks_reset
                0x10000608       0x1c CMakeFiles/blink.dir/Users/ycc-yfb/pico/pico-sdk/src/rp2_common/hardware_sync/sync.c.obj
                0x10000608                spin_locks_reset
 .text.next_striped_spin_lock_num
                0x10000624       0x18 CMakeFiles/blink.dir/Users/ycc-yfb/pico/pico-sdk/src/rp2_common/hardware_sync/sync.c.obj
                0x10000624                next_striped_spin_lock_num
 .text.spin_lock_claim_unused
                0x1000063c       0x24 CMakeFiles/blink.dir/Users/ycc-yfb/pico/pico-sdk/src/rp2_common/hardware_sync/sync.c.obj
                0x1000063c                spin_lock_claim_unused
 .text.irq_set_enabled
                0x10000660       0x24 CMakeFiles/blink.dir/Users/ycc-yfb/pico/pico-sdk/src/rp2_common/hardware_irq/irq.c.obj
                0x10000660                irq_set_enabled
 .text.irq_set_pending
                0x10000684       0x10 CMakeFiles/blink.dir/Users/ycc-yfb/pico/pico-sdk/src/rp2_common/hardware_irq/irq.c.obj
                0x10000684                irq_set_pending
 .text.irq_has_shared_handler
                0x10000694       0x2c CMakeFiles/blink.dir/Users/ycc-yfb/pico/pico-sdk/src/rp2_common/hardware_irq/irq.c.obj
                0x10000694                irq_has_shared_handler
 .text.irq_get_vtable_handler
                0x100006c0       0x10 CMakeFiles/blink.dir/Users/ycc-yfb/pico/pico-sdk/src/rp2_common/hardware_irq/irq.c.obj
                0x100006c0                irq_get_vtable_handler
 .text.irq_set_exclusive_handler
                0x100006d0       0x54 CMakeFiles/blink.dir/Users/ycc-yfb/pico/pico-sdk/src/rp2_common/hardware_irq/irq.c.obj
                0x100006d0                irq_set_exclusive_handler
 .text.irq_add_shared_handler
                0x10000724      0x1f4 CMakeFiles/blink.dir/Users/ycc-yfb/pico/pico-sdk/src/rp2_common/hardware_irq/irq.c.obj
                0x10000724                irq_add_shared_handler
 .text.irq_remove_handler
                0x10000918      0x1c4 CMakeFiles/blink.dir/Users/ycc-yfb/pico/pico-sdk/src/rp2_common/hardware_irq/irq.c.obj
                0x10000918                irq_remove_handler
 .text.irq_set_priority
                0x10000adc       0x28 CMakeFiles/blink.dir/Users/ycc-yfb/pico/pico-sdk/src/rp2_common/hardware_irq/irq.c.obj
                0x10000adc                irq_set_priority
 .text.irq_add_tail_to_free_list
                0x10000b04       0xb4 CMakeFiles/blink.dir/Users/ycc-yfb/pico/pico-sdk/src/rp2_common/hardware_irq/irq.c.obj
                0x10000b04                irq_add_tail_to_free_list
 .text.irq_init_priorities
                0x10000bb8       0x24 CMakeFiles/blink.dir/Users/ycc-yfb/pico/pico-sdk/src/rp2_common/hardware_irq/irq.c.obj
                0x10000bb8                irq_init_priorities
 .text.user_irq_unclaim
                0x10000bdc       0x14 CMakeFiles/blink.dir/Users/ycc-yfb/pico/pico-sdk/src/rp2_common/hardware_irq/irq.c.obj
                0x10000bdc                user_irq_unclaim
 .text.user_irq_claim_unused
                0x10000bf0       0x2c CMakeFiles/blink.dir/Users/ycc-yfb/pico/pico-sdk/src/rp2_common/hardware_irq/irq.c.obj
                0x10000bf0                user_irq_claim_unused
 .text.sem_init
                0x10000c1c       0x20 CMakeFiles/blink.dir/Users/ycc-yfb/pico/pico-sdk/src/common/pico_sync/sem.c.obj
                0x10000c1c                sem_init
 .text.lock_init
                0x10000c3c       0x10 CMakeFiles/blink.dir/Users/ycc-yfb/pico/pico-sdk/src/common/pico_sync/lock_core.c.obj
                0x10000c3c                lock_init
 .text.mutex_init
                0x10000c4c       0x1c CMakeFiles/blink.dir/Users/ycc-yfb/pico/pico-sdk/src/common/pico_sync/mutex.c.obj
                0x10000c4c                mutex_init
 .text.recursive_mutex_init
                0x10000c68       0x1c CMakeFiles/blink.dir/Users/ycc-yfb/pico/pico-sdk/src/common/pico_sync/mutex.c.obj
                0x10000c68                recursive_mutex_init
 .text.critical_section_init
                0x10000c84       0x1c CMakeFiles/blink.dir/Users/ycc-yfb/pico/pico-sdk/src/common/pico_sync/critical_section.c.obj
                0x10000c84                critical_section_init
 .text.critical_section_init_with_lock_num
                0x10000ca0       0x14 CMakeFiles/blink.dir/Users/ycc-yfb/pico/pico-sdk/src/common/pico_sync/critical_section.c.obj
                0x10000ca0                critical_section_init_with_lock_num
 .text.timer_pool_entry_comparator
                0x10000cb4       0x34 CMakeFiles/blink.dir/Users/ycc-yfb/pico/pico-sdk/src/common/pico_time/time.c.obj
                0x10000cb4                timer_pool_entry_comparator
 .text.sleep_until_callback
                0x10000ce8       0x30 CMakeFiles/blink.dir/Users/ycc-yfb/pico/pico-sdk/src/common/pico_time/time.c.obj
 .text.add_alarm_under_lock.isra.0
                0x10000d18      0x100 CMakeFiles/blink.dir/Users/ycc-yfb/pico/pico-sdk/src/common/pico_time/time.c.obj
 .text.alarm_pool_alarm_callback
                0x10000e18      0x1c0 CMakeFiles/blink.dir/Users/ycc-yfb/pico/pico-sdk/src/common/pico_time/time.c.obj
 .text.alarm_pool_init_default
                0x10000fd8       0x6c CMakeFiles/blink.dir/Users/ycc-yfb/pico/pico-sdk/src/common/pico_time/time.c.obj
                0x10000fd8                alarm_pool_init_default
 .text.alarm_pool_get_default
                0x10001044        0x8 CMakeFiles/blink.dir/Users/ycc-yfb/pico/pico-sdk/src/common/pico_time/time.c.obj
                0x10001044                alarm_pool_get_default
 .text.alarm_pool_add_alarm_at
                0x1000104c      0x17c CMakeFiles/blink.dir/Users/ycc-yfb/pico/pico-sdk/src/common/pico_time/time.c.obj
                0x1000104c                alarm_pool_add_alarm_at
 .text.alarm_pool_cancel_alarm
                0x100011c8       0x70 CMakeFiles/blink.dir/Users/ycc-yfb/pico/pico-sdk/src/common/pico_time/time.c.obj
                0x100011c8                alarm_pool_cancel_alarm
 .text.alarm_pool_core_num
                0x10001238        0x4 CMakeFiles/blink.dir/Users/ycc-yfb/pico/pico-sdk/src/common/pico_time/time.c.obj
                0x10001238                alarm_pool_core_num
 .text.sleep_until
                0x1000123c       0xc4 CMakeFiles/blink.dir/Users/ycc-yfb/pico/pico-sdk/src/common/pico_time/time.c.obj
                0x1000123c                sleep_until
 .text.sleep_ms
                0x10001300       0x38 CMakeFiles/blink.dir/Users/ycc-yfb/pico/pico-sdk/src/common/pico_time/time.c.obj
                0x10001300                sleep_ms
 .text.best_effort_wfe_or_timeout
                0x10001338       0xcc CMakeFiles/blink.dir/Users/ycc-yfb/pico/pico-sdk/src/common/pico_time/time.c.obj
                0x10001338                best_effort_wfe_or_timeout
 .text.hardware_alarm_irq_handler
                0x10001404       0xbc CMakeFiles/blink.dir/Users/ycc-yfb/pico/pico-sdk/src/rp2_common/hardware_timer/timer.c.obj
 .text.hardware_alarm_claim
                0x100014c0       0x18 CMakeFiles/blink.dir/Users/ycc-yfb/pico/pico-sdk/src/rp2_common/hardware_timer/timer.c.obj
                0x100014c0                hardware_alarm_claim
 .text.time_us_64
                0x100014d8       0x14 CMakeFiles/blink.dir/Users/ycc-yfb/pico/pico-sdk/src/rp2_common/hardware_timer/timer.c.obj
                0x100014d8                time_us_64
 .text.busy_wait_until
                0x100014ec       0x20 CMakeFiles/blink.dir/Users/ycc-yfb/pico/pico-sdk/src/rp2_common/hardware_timer/timer.c.obj
                0x100014ec                busy_wait_until
 .text.hardware_alarm_set_callback
                0x1000150c       0x8c CMakeFiles/blink.dir/Users/ycc-yfb/pico/pico-sdk/src/rp2_common/hardware_timer/timer.c.obj
                0x1000150c                hardware_alarm_set_callback
 .text.hardware_alarm_set_target
                0x10001598       0xd0 CMakeFiles/blink.dir/Users/ycc-yfb/pico/pico-sdk/src/rp2_common/hardware_timer/timer.c.obj
                0x10001598                hardware_alarm_set_target
 .text.hardware_alarm_cancel
                0x10001668       0x3c CMakeFiles/blink.dir/Users/ycc-yfb/pico/pico-sdk/src/rp2_common/hardware_timer/timer.c.obj
                0x10001668                hardware_alarm_cancel
 .text.ph_merge_nodes
                0x100016a4       0x58 CMakeFiles/blink.dir/Users/ycc-yfb/pico/pico-sdk/src/common/pico_util/pheap.c.obj
 .text.ph_post_alloc_init
                0x100016fc       0x3c CMakeFiles/blink.dir/Users/ycc-yfb/pico/pico-sdk/src/common/pico_util/pheap.c.obj
                0x100016fc                ph_post_alloc_init
 .text.ph_merge_two_pass
                0x10001738       0x8c CMakeFiles/blink.dir/Users/ycc-yfb/pico/pico-sdk/src/common/pico_util/pheap.c.obj
                0x10001738                ph_merge_two_pass
 .text.ph_remove_any_head
                0x100017c4      0x100 CMakeFiles/blink.dir/Users/ycc-yfb/pico/pico-sdk/src/common/pico_util/pheap.c.obj
 .text.ph_remove_head
                0x100018c4      0x104 CMakeFiles/blink.dir/Users/ycc-yfb/pico/pico-sdk/src/common/pico_util/pheap.c.obj
                0x100018c4                ph_remove_head
 .text.ph_remove_and_free_node
                0x100019c8       0x78 CMakeFiles/blink.dir/Users/ycc-yfb/pico/pico-sdk/src/common/pico_util/pheap.c.obj
                0x100019c8                ph_remove_and_free_node
 .text.clocks_init
                0x10001a40      0x2c8 CMakeFiles/blink.dir/Users/ycc-yfb/pico/pico-sdk/src/rp2_common/hardware_clocks/clocks.c.obj
                0x10001a40                clocks_init
 .text.clock_get_hz
                0x10001d08        0xc CMakeFiles/blink.dir/Users/ycc-yfb/pico/pico-sdk/src/rp2_common/hardware_clocks/clocks.c.obj
                0x10001d08                clock_get_hz
 .text.pll_init
                0x10001d14       0xa4 CMakeFiles/blink.dir/Users/ycc-yfb/pico/pico-sdk/src/rp2_common/hardware_pll/pll.c.obj
                0x10001d14                pll_init
 .text.watchdog_start_tick
                0x10001db8       0x10 CMakeFiles/blink.dir/Users/ycc-yfb/pico/pico-sdk/src/rp2_common/hardware_watchdog/watchdog.c.obj
                0x10001db8                watchdog_start_tick
 .text.watchdog_reboot
                0x10001dc8       0x9c CMakeFiles/blink.dir/Users/ycc-yfb/pico/pico-sdk/src/rp2_common/hardware_watchdog/watchdog.c.obj
                0x10001dc8                watchdog_reboot
 .text.xosc_init
                0x10001e64       0x28 CMakeFiles/blink.dir/Users/ycc-yfb/pico/pico-sdk/src/rp2_common/hardware_xosc/xosc.c.obj
                0x10001e64                xosc_init
 .text.runtime_init
                0x10001e8c       0xf0 CMakeFiles/blink.dir/Users/ycc-yfb/pico/pico-sdk/src/rp2_common/pico_runtime/runtime.c.obj
                0x10001e8c                runtime_init
 .text._exit    0x10001f7c        0x4 CMakeFiles/blink.dir/Users/ycc-yfb/pico/pico-sdk/src/rp2_common/pico_runtime/runtime.c.obj
                0x10001f7c                _exit
 .text.exit     0x10001f80        0x8 CMakeFiles/blink.dir/Users/ycc-yfb/pico/pico-sdk/src/rp2_common/pico_runtime/runtime.c.obj
                0x10001f80                exit
 .text.panic    0x10001f88       0x30 CMakeFiles/blink.dir/Users/ycc-yfb/pico/pico-sdk/src/rp2_common/pico_runtime/runtime.c.obj
                0x10001f88                panic
 .text.hard_assertion_failure
                0x10001fb8        0xc CMakeFiles/blink.dir/Users/ycc-yfb/pico/pico-sdk/src/rp2_common/pico_runtime/runtime.c.obj
                0x10001fb8                hard_assertion_failure
 .text._out_null
                0x10001fc4        0x4 CMakeFiles/blink.dir/Users/ycc-yfb/pico/pico-sdk/src/rp2_common/pico_printf/printf.c.obj
 .text._out_rev
                0x10001fc8       0xac CMakeFiles/blink.dir/Users/ycc-yfb/pico/pico-sdk/src/rp2_common/pico_printf/printf.c.obj
 .text._ntoa_format
                0x10002074      0x250 CMakeFiles/blink.dir/Users/ycc-yfb/pico/pico-sdk/src/rp2_common/pico_printf/printf.c.obj
 .text._out_char
                0x100022c4       0x10 CMakeFiles/blink.dir/Users/ycc-yfb/pico/pico-sdk/src/rp2_common/pico_printf/printf.c.obj
 .text._out_fct
                0x100022d4       0x10 CMakeFiles/blink.dir/Users/ycc-yfb/pico/pico-sdk/src/rp2_common/pico_printf/printf.c.obj
 .text._etoa    0x100022e4      0x464 CMakeFiles/blink.dir/Users/ycc-yfb/pico/pico-sdk/src/rp2_common/pico_printf/printf.c.obj
 .text._ftoa    0x10002748      0x3c0 CMakeFiles/blink.dir/Users/ycc-yfb/pico/pico-sdk/src/rp2_common/pico_printf/printf.c.obj
 .text._vsnprintf
                0x10002b08      0xbc8 CMakeFiles/blink.dir/Users/ycc-yfb/pico/pico-sdk/src/rp2_common/pico_printf/printf.c.obj
 .text.vfctprintf
                0x100036d0       0x20 CMakeFiles/blink.dir/Users/ycc-yfb/pico/pico-sdk/src/rp2_common/pico_printf/printf.c.obj
                0x100036d0                vfctprintf
 .text.weak_raw_vprintf
                0x100036f0       0x30 CMakeFiles/blink.dir/Users/ycc-yfb/pico/pico-sdk/src/rp2_common/pico_printf/printf.c.obj
                0x100036f0                weak_raw_vprintf
 .text          0x10003720       0x10 CMakeFiles/blink.dir/Users/ycc-yfb/pico/pico-sdk/src/rp2_common/pico_bit_ops/bit_ops_aeabi.S.obj
 .text.ctzsi    0x10003730        0xc CMakeFiles/blink.dir/Users/ycc-yfb/pico/pico-sdk/src/rp2_common/pico_bit_ops/bit_ops_aeabi.S.obj
                0x10003730                __wrap___ctzsi2
 .text.rom_func_lookup
                0x1000373c       0x10 CMakeFiles/blink.dir/Users/ycc-yfb/pico/pico-sdk/src/rp2_common/pico_bootrom/bootrom.c.obj
                0x1000373c                rom_func_lookup
 .text.rom_data_lookup
                0x1000374c       0x10 CMakeFiles/blink.dir/Users/ycc-yfb/pico/pico-sdk/src/rp2_common/pico_bootrom/bootrom.c.obj
                0x1000374c                rom_data_lookup
 .text.rom_funcs_lookup
                0x1000375c       0x44 CMakeFiles/blink.dir/Users/ycc-yfb/pico/pico-sdk/src/rp2_common/pico_bootrom/bootrom.c.obj
                0x1000375c                rom_funcs_lookup
 .text.__wrap___aeabi_idiv
                0x100037a0       0x50 CMakeFiles/blink.dir/Users/ycc-yfb/pico/pico-sdk/src/rp2_common/pico_divider/divider.S.obj
                0x100037a0                __wrap___aeabi_idivmod
                0x100037a0                divmod_s32s32
                0x100037a0                div_s32s32
                0x100037a0                __wrap___aeabi_idiv
                0x100037a8                divmod_s32s32_unsafe
                0x100037d4                divmod_s32s32_savestate
 .text.__wrap___aeabi_uidiv
                0x100037f0       0x4c CMakeFiles/blink.dir/Users/ycc-yfb/pico/pico-sdk/src/rp2_common/pico_divider/divider.S.obj
                0x100037f0                __wrap___aeabi_uidiv
                0x100037f0                __wrap___aeabi_uidivmod
                0x100037f0                div_u32u32
                0x100037f0                divmod_u32u32
                0x100037f8                divmod_u32u32_unsafe
                0x10003820                divmod_u32u32_savestate
 .text.__wrap___aeabi_ldiv
                0x1000383c      0x424 CMakeFiles/blink.dir/Users/ycc-yfb/pico/pico-sdk/src/rp2_common/pico_divider/divider.S.obj
                0x1000383c                __wrap___aeabi_ldivmod
                0x1000383c                div_s64s64
                0x1000383c                divmod_s64s64
                0x1000386c                divmod_u64u64
                0x1000386c                div_u64u64
                0x1000386c                __wrap___aeabi_uldivmod
                0x1000387c                divmod_u64u64_savestate
                0x1000389c                divmod_s64s64_unsafe
                0x10003924                divmod_u64u64_unsafe
 .text.__wrap___aeabi_darithmetic
                0x10003c60       0x60 CMakeFiles/blink.dir/Users/ycc-yfb/pico/pico-sdk/src/rp2_common/pico_double/double_aeabi.S.obj
                0x10003c60                __wrap___aeabi_drsub
                0x10003c66                __wrap___aeabi_dsub
                0x10003c70                __wrap___aeabi_dadd
                0x10003c7a                __wrap___aeabi_ddiv
                0x10003cae                __wrap___aeabi_dmul
 .text.__wrap___aeabi_cdcmple
                0x10003cc0       0x6c CMakeFiles/blink.dir/Users/ycc-yfb/pico/pico-sdk/src/rp2_common/pico_double/double_aeabi.S.obj
                0x10003cc0                __wrap___aeabi_cdrcmple
                0x10003cd0                __wrap___aeabi_cdcmple
                0x10003cd0                __wrap___aeabi_cdcmpeq
 .text.__wrap___aeabi_dcmplt
                0x10003d2c        0xc CMakeFiles/blink.dir/Users/ycc-yfb/pico/pico-sdk/src/rp2_common/pico_double/double_aeabi.S.obj
                0x10003d2c                __wrap___aeabi_dcmplt
 .text.__wrap___aeabi_dcmpge
                0x10003d38       0x10 CMakeFiles/blink.dir/Users/ycc-yfb/pico/pico-sdk/src/rp2_common/pico_double/double_aeabi.S.obj
                0x10003d38                __wrap___aeabi_dcmpge
 .text.__wrap___aeabi_dcmpgt
                0x10003d48        0xa CMakeFiles/blink.dir/Users/ycc-yfb/pico/pico-sdk/src/rp2_common/pico_double/double_aeabi.S.obj
                0x10003d48                __wrap___aeabi_dcmpgt
 .text.__wrap___aeabi_dcmpun
                0x10003d52       0x1c CMakeFiles/blink.dir/Users/ycc-yfb/pico/pico-sdk/src/rp2_common/pico_double/double_aeabi.S.obj
                0x10003d52                __wrap___aeabi_dcmpun
 *fill*         0x10003d6e        0x2 
 .text.__wrap___aeabi_i2d
                0x10003d70       0x38 CMakeFiles/blink.dir/Users/ycc-yfb/pico/pico-sdk/src/rp2_common/pico_double/double_aeabi.S.obj
                0x10003d70                __wrap___aeabi_ui2d
                0x10003d78                __wrap___aeabi_i2d
 .text.__wrap___aeabi_d2iz
                0x10003da8       0x48 CMakeFiles/blink.dir/Users/ycc-yfb/pico/pico-sdk/src/rp2_common/pico_double/double_aeabi.S.obj
                0x10003da8                __wrap___aeabi_d2iz
                0x10003da8                double2int_z
 .text.__wrap___aeabi_d2uiz
                0x10003df0       0x10 CMakeFiles/blink.dir/Users/ycc-yfb/pico/pico-sdk/src/rp2_common/pico_double/double_aeabi.S.obj
                0x10003df0                double2uint
                0x10003df0                __wrap___aeabi_d2uiz
 .text.missing_double_func_shim
                0x10003e00        0xc CMakeFiles/blink.dir/Users/ycc-yfb/pico/pico-sdk/src/rp2_common/pico_double/double_init_rom.c.obj
 .text.__aeabi_double_init
                0x10003e0c       0x94 CMakeFiles/blink.dir/Users/ycc-yfb/pico/pico-sdk/src/rp2_common/pico_double/double_init_rom.c.obj
                0x10003e0c                __aeabi_double_init
 .text.double_table_shim_on_use_helper
                0x10003ea0       0x2c CMakeFiles/blink.dir/Users/ycc-yfb/pico/pico-sdk/src/rp2_common/pico_double/double_v1_rom_shim.S.obj
                0x10003ea0                double_table_shim_on_use_helper
 .text.__aeabi_lmul
                0x10003ecc       0x32 CMakeFiles/blink.dir/Users/ycc-yfb/pico/pico-sdk/src/rp2_common/pico_int64_ops/pico_int64_ops_aeabi.S.obj
                0x10003ecc                __wrap___aeabi_lmul
 *fill*         0x10003efe        0x2 
 .text.missing_float_func_shim
                0x10003f00        0xc CMakeFiles/blink.dir/Users/ycc-yfb/pico/pico-sdk/src/rp2_common/pico_float/float_init_rom.c.obj
 .text.__aeabi_float_init
                0x10003f0c       0x5c CMakeFiles/blink.dir/Users/ycc-yfb/pico/pico-sdk/src/rp2_common/pico_float/float_init_rom.c.obj
                0x10003f0c                __aeabi_float_init
 .text          0x10003f68       0x10 CMakeFiles/blink.dir/Users/ycc-yfb/pico/pico-sdk/src/rp2_common/pico_mem_ops/mem_ops_aeabi.S.obj
                0x10003f68                __aeabi_mem_init
 .text.memset   0x10003f78        0xc CMakeFiles/blink.dir/Users/ycc-yfb/pico/pico-sdk/src/rp2_common/pico_mem_ops/mem_ops_aeabi.S.obj
                0x10003f78                __wrap_memset
 .text.memcpy   0x10003f84        0xc CMakeFiles/blink.dir/Users/ycc-yfb/pico/pico-sdk/src/rp2_common/pico_mem_ops/mem_ops_aeabi.S.obj
                0x10003f84                __wrap___aeabi_memcpy
                0x10003f84                __wrap_memcpy
 .text.stdio_out_chars_crlf
                0x10003f90       0x94 CMakeFiles/blink.dir/Users/ycc-yfb/pico/pico-sdk/src/rp2_common/pico_stdio/stdio.c.obj
 .text.stdio_buffered_printer
                0x10004024       0x64 CMakeFiles/blink.dir/Users/ycc-yfb/pico/pico-sdk/src/rp2_common/pico_stdio/stdio.c.obj
 .text.__wrap_putchar
                0x10004088       0x98 CMakeFiles/blink.dir/Users/ycc-yfb/pico/pico-sdk/src/rp2_common/pico_stdio/stdio.c.obj
                0x10004088                __wrap_putchar
 .text.__wrap_puts
                0x10004120       0xe0 CMakeFiles/blink.dir/Users/ycc-yfb/pico/pico-sdk/src/rp2_common/pico_stdio/stdio.c.obj
                0x10004120                __wrap_puts
 .text.stdio_set_driver_enabled
                0x10004200       0x30 CMakeFiles/blink.dir/Users/ycc-yfb/pico/pico-sdk/src/rp2_common/pico_stdio/stdio.c.obj
                0x10004200                stdio_set_driver_enabled
 .text.__wrap_vprintf
                0x10004230       0xd4 CMakeFiles/blink.dir/Users/ycc-yfb/pico/pico-sdk/src/rp2_common/pico_stdio/stdio.c.obj
                0x10004230                __wrap_vprintf
 .text.__wrap_printf
                0x10004304       0x18 CMakeFiles/blink.dir/Users/ycc-yfb/pico/pico-sdk/src/rp2_common/pico_stdio/stdio.c.obj
                0x10004304                __wrap_printf
 .text.stdio_init_all
                0x1000431c        0x8 CMakeFiles/blink.dir/Users/ycc-yfb/pico/pico-sdk/src/rp2_common/pico_stdio/stdio.c.obj
                0x1000431c                stdio_init_all
 .text.resetd_init
                0x10004324        0x4 CMakeFiles/blink.dir/Users/ycc-yfb/pico/pico-sdk/src/rp2_common/pico_stdio_usb/reset_interface.c.obj
 .text.resetd_reset
                0x10004328        0xc CMakeFiles/blink.dir/Users/ycc-yfb/pico/pico-sdk/src/rp2_common/pico_stdio_usb/reset_interface.c.obj
 .text.resetd_open
                0x10004334       0x28 CMakeFiles/blink.dir/Users/ycc-yfb/pico/pico-sdk/src/rp2_common/pico_stdio_usb/reset_interface.c.obj
 .text.resetd_xfer_cb
                0x1000435c        0x4 CMakeFiles/blink.dir/Users/ycc-yfb/pico/pico-sdk/src/rp2_common/pico_stdio_usb/reset_interface.c.obj
 .text.resetd_control_xfer_cb
                0x10004360       0x60 CMakeFiles/blink.dir/Users/ycc-yfb/pico/pico-sdk/src/rp2_common/pico_stdio_usb/reset_interface.c.obj
 .text.usbd_app_driver_get_cb
                0x100043c0        0xc CMakeFiles/blink.dir/Users/ycc-yfb/pico/pico-sdk/src/rp2_common/pico_stdio_usb/reset_interface.c.obj
                0x100043c0                usbd_app_driver_get_cb
 .text.tud_cdc_line_coding_cb
                0x100043cc       0x34 CMakeFiles/blink.dir/Users/ycc-yfb/pico/pico-sdk/src/rp2_common/pico_stdio_usb/reset_interface.c.obj
                0x100043cc                tud_cdc_line_coding_cb
 .text.stdio_usb_set_chars_available_callback
                0x10004400       0x14 CMakeFiles/blink.dir/Users/ycc-yfb/pico/pico-sdk/src/rp2_common/pico_stdio_usb/stdio_usb.c.obj
                0x10004400                stdio_usb_set_chars_available_callback
 .text.usb_irq  0x10004414       0x10 CMakeFiles/blink.dir/Users/ycc-yfb/pico/pico-sdk/src/rp2_common/pico_stdio_usb/stdio_usb.c.obj
 .text.timer_task
                0x10004424       0x54 CMakeFiles/blink.dir/Users/ycc-yfb/pico/pico-sdk/src/rp2_common/pico_stdio_usb/stdio_usb.c.obj
 .text.stdio_usb_in_chars
                0x10004478       0x90 CMakeFiles/blink.dir/Users/ycc-yfb/pico/pico-sdk/src/rp2_common/pico_stdio_usb/stdio_usb.c.obj
                0x10004478                stdio_usb_in_chars
 .text.stdio_usb_out_chars
                0x10004508      0x104 CMakeFiles/blink.dir/Users/ycc-yfb/pico/pico-sdk/src/rp2_common/pico_stdio_usb/stdio_usb.c.obj
 .text.low_priority_worker_irq
                0x1000460c       0xa8 CMakeFiles/blink.dir/Users/ycc-yfb/pico/pico-sdk/src/rp2_common/pico_stdio_usb/stdio_usb.c.obj
 .text.tud_cdc_rx_cb
                0x100046b4       0x20 CMakeFiles/blink.dir/Users/ycc-yfb/pico/pico-sdk/src/rp2_common/pico_stdio_usb/stdio_usb.c.obj
                0x100046b4                tud_cdc_rx_cb
 .text.stdio_usb_init
                0x100046d4       0xe0 CMakeFiles/blink.dir/Users/ycc-yfb/pico/pico-sdk/src/rp2_common/pico_stdio_usb/stdio_usb.c.obj
                0x100046d4                stdio_usb_init
 .text.tud_descriptor_device_cb
                0x100047b4        0x8 CMakeFiles/blink.dir/Users/ycc-yfb/pico/pico-sdk/src/rp2_common/pico_stdio_usb/stdio_usb_descriptors.c.obj
                0x100047b4                tud_descriptor_device_cb
 .text.tud_descriptor_configuration_cb
                0x100047bc        0x8 CMakeFiles/blink.dir/Users/ycc-yfb/pico/pico-sdk/src/rp2_common/pico_stdio_usb/stdio_usb_descriptors.c.obj
                0x100047bc                tud_descriptor_configuration_cb
 .text.tud_descriptor_string_cb
                0x100047c4       0x78 CMakeFiles/blink.dir/Users/ycc-yfb/pico/pico-sdk/src/rp2_common/pico_stdio_usb/stdio_usb_descriptors.c.obj
                0x100047c4                tud_descriptor_string_cb
 .text.startup._retrieve_unique_id_on_boot
                0x1000483c       0x10 CMakeFiles/blink.dir/Users/ycc-yfb/pico/pico-sdk/src/rp2_common/pico_unique_id/unique_id.c.obj
 .text.pico_get_unique_board_id
                0x1000484c       0x10 CMakeFiles/blink.dir/Users/ycc-yfb/pico/pico-sdk/src/rp2_common/pico_unique_id/unique_id.c.obj
                0x1000484c                pico_get_unique_board_id
 .text.pico_get_unique_board_id_string
                0x1000485c      0x1a8 CMakeFiles/blink.dir/Users/ycc-yfb/pico/pico-sdk/src/rp2_common/pico_unique_id/unique_id.c.obj
                0x1000485c                pico_get_unique_board_id_string
 .text.flash_get_unique_id
                0x10004a04       0x3c CMakeFiles/blink.dir/Users/ycc-yfb/pico/pico-sdk/src/rp2_common/hardware_flash/flash.c.obj
                0x10004a04                flash_get_unique_id
 .text.dcd_int_enable
                0x10004a40        0xc CMakeFiles/blink.dir/Users/ycc-yfb/pico/pico-sdk/lib/tinyusb/src/portable/raspberrypi/rp2040/dcd_rp2040.c.obj
                0x10004a40                dcd_int_enable
 .text.dcd_set_address
                0x10004a4c       0x14 CMakeFiles/blink.dir/Users/ycc-yfb/pico/pico-sdk/lib/tinyusb/src/portable/raspberrypi/rp2040/dcd_rp2040.c.obj
                0x10004a4c                dcd_set_address
 .text.dcd_connect
                0x10004a60       0x10 CMakeFiles/blink.dir/Users/ycc-yfb/pico/pico-sdk/lib/tinyusb/src/portable/raspberrypi/rp2040/dcd_rp2040.c.obj
                0x10004a60                dcd_connect
 .text.dcd_init
                0x10004a70       0x98 CMakeFiles/blink.dir/Users/ycc-yfb/pico/pico-sdk/lib/tinyusb/src/portable/raspberrypi/rp2040/dcd_rp2040.c.obj
                0x10004a70                dcd_init
 .text.dcd_edpt0_status_complete
                0x10004b08       0x1c CMakeFiles/blink.dir/Users/ycc-yfb/pico/pico-sdk/lib/tinyusb/src/portable/raspberrypi/rp2040/dcd_rp2040.c.obj
                0x10004b08                dcd_edpt0_status_complete
 .text.dcd_edpt_open
                0x10004b24      0x108 CMakeFiles/blink.dir/Users/ycc-yfb/pico/pico-sdk/lib/tinyusb/src/portable/raspberrypi/rp2040/dcd_rp2040.c.obj
                0x10004b24                dcd_edpt_open
 .text.dcd_edpt_close_all
                0x10004c2c        0x8 CMakeFiles/blink.dir/Users/ycc-yfb/pico/pico-sdk/lib/tinyusb/src/portable/raspberrypi/rp2040/dcd_rp2040.c.obj
                0x10004c2c                dcd_edpt_close_all
 .text.dcd_edpt_xfer
                0x10004c34       0x24 CMakeFiles/blink.dir/Users/ycc-yfb/pico/pico-sdk/lib/tinyusb/src/portable/raspberrypi/rp2040/dcd_rp2040.c.obj
                0x10004c34                dcd_edpt_xfer
 .text.dcd_edpt_stall
                0x10004c58       0x34 CMakeFiles/blink.dir/Users/ycc-yfb/pico/pico-sdk/lib/tinyusb/src/portable/raspberrypi/rp2040/dcd_rp2040.c.obj
                0x10004c58                dcd_edpt_stall
 .text.dcd_edpt_clear_stall
                0x10004c8c       0x30 CMakeFiles/blink.dir/Users/ycc-yfb/pico/pico-sdk/lib/tinyusb/src/portable/raspberrypi/rp2040/dcd_rp2040.c.obj
                0x10004c8c                dcd_edpt_clear_stall
 .text.rp2040_usb_init
                0x10004cbc       0x4c CMakeFiles/blink.dir/Users/ycc-yfb/pico/pico-sdk/lib/tinyusb/src/portable/raspberrypi/rp2040/rp2040_usb.c.obj
                0x10004cbc                rp2040_usb_init
 .text.hw_endpoint_xfer_start
                0x10004d08       0x40 CMakeFiles/blink.dir/Users/ycc-yfb/pico/pico-sdk/lib/tinyusb/src/portable/raspberrypi/rp2040/rp2040_usb.c.obj
                0x10004d08                hw_endpoint_xfer_start
 .text.tud_mounted
                0x10004d48       0x10 CMakeFiles/blink.dir/Users/ycc-yfb/pico/pico-sdk/lib/tinyusb/src/device/usbd.c.obj
                0x10004d48                tud_mounted
 .text.tud_suspended
                0x10004d58       0x10 CMakeFiles/blink.dir/Users/ycc-yfb/pico/pico-sdk/lib/tinyusb/src/device/usbd.c.obj
                0x10004d58                tud_suspended
 .text.tud_inited
                0x10004d68       0x14 CMakeFiles/blink.dir/Users/ycc-yfb/pico/pico-sdk/lib/tinyusb/src/device/usbd.c.obj
                0x10004d68                tud_inited
 .text.tud_init
                0x10004d7c       0xdc CMakeFiles/blink.dir/Users/ycc-yfb/pico/pico-sdk/lib/tinyusb/src/device/usbd.c.obj
                0x10004d7c                tud_init
 .text.tud_task_ext
                0x10004e58      0x850 CMakeFiles/blink.dir/Users/ycc-yfb/pico/pico-sdk/lib/tinyusb/src/device/usbd.c.obj
                0x10004e58                tud_task_ext
 .text.usbd_open_edpt_pair
                0x100056a8       0x9c CMakeFiles/blink.dir/Users/ycc-yfb/pico/pico-sdk/lib/tinyusb/src/device/usbd.c.obj
                0x100056a8                usbd_open_edpt_pair
 .text.usbd_defer_func
                0x10005744       0x48 CMakeFiles/blink.dir/Users/ycc-yfb/pico/pico-sdk/lib/tinyusb/src/device/usbd.c.obj
                0x10005744                usbd_defer_func
 .text.usbd_edpt_open
                0x1000578c       0x34 CMakeFiles/blink.dir/Users/ycc-yfb/pico/pico-sdk/lib/tinyusb/src/device/usbd.c.obj
                0x1000578c                usbd_edpt_open
 .text.usbd_edpt_claim
                0x100057c0       0x28 CMakeFiles/blink.dir/Users/ycc-yfb/pico/pico-sdk/lib/tinyusb/src/device/usbd.c.obj
                0x100057c0                usbd_edpt_claim
 .text.usbd_edpt_release
                0x100057e8       0x28 CMakeFiles/blink.dir/Users/ycc-yfb/pico/pico-sdk/lib/tinyusb/src/device/usbd.c.obj
                0x100057e8                usbd_edpt_release
 .text.usbd_edpt_xfer
                0x10005810       0x4c CMakeFiles/blink.dir/Users/ycc-yfb/pico/pico-sdk/lib/tinyusb/src/device/usbd.c.obj
                0x10005810                usbd_edpt_xfer
 .text.tud_control_status
                0x1000585c       0x2c CMakeFiles/blink.dir/Users/ycc-yfb/pico/pico-sdk/lib/tinyusb/src/device/usbd_control.c.obj
                0x1000585c                tud_control_status
 .text.tud_control_xfer
                0x10005888       0xac CMakeFiles/blink.dir/Users/ycc-yfb/pico/pico-sdk/lib/tinyusb/src/device/usbd_control.c.obj
                0x10005888                tud_control_xfer
 .text.usbd_control_reset
                0x10005934       0x14 CMakeFiles/blink.dir/Users/ycc-yfb/pico/pico-sdk/lib/tinyusb/src/device/usbd_control.c.obj
                0x10005934                usbd_control_reset
 .text.usbd_control_set_complete_callback
                0x10005948        0xc CMakeFiles/blink.dir/Users/ycc-yfb/pico/pico-sdk/lib/tinyusb/src/device/usbd_control.c.obj
                0x10005948                usbd_control_set_complete_callback
 .text.usbd_control_set_request
                0x10005954       0x1c CMakeFiles/blink.dir/Users/ycc-yfb/pico/pico-sdk/lib/tinyusb/src/device/usbd_control.c.obj
                0x10005954                usbd_control_set_request
 .text.usbd_control_xfer_cb
                0x10005970       0xf4 CMakeFiles/blink.dir/Users/ycc-yfb/pico/pico-sdk/lib/tinyusb/src/device/usbd_control.c.obj
                0x10005970                usbd_control_xfer_cb
 .text.tud_cdc_n_connected
                0x10005a64       0x30 CMakeFiles/blink.dir/Users/ycc-yfb/pico/pico-sdk/lib/tinyusb/src/class/cdc/cdc_device.c.obj
                0x10005a64                tud_cdc_n_connected
 .text.tud_cdc_n_available
                0x10005a94       0x18 CMakeFiles/blink.dir/Users/ycc-yfb/pico/pico-sdk/lib/tinyusb/src/class/cdc/cdc_device.c.obj
                0x10005a94                tud_cdc_n_available
 .text.tud_cdc_n_read
                0x10005aac       0x70 CMakeFiles/blink.dir/Users/ycc-yfb/pico/pico-sdk/lib/tinyusb/src/class/cdc/cdc_device.c.obj
                0x10005aac                tud_cdc_n_read
 .text.tud_cdc_n_write_flush
                0x10005b1c       0x78 CMakeFiles/blink.dir/Users/ycc-yfb/pico/pico-sdk/lib/tinyusb/src/class/cdc/cdc_device.c.obj
                0x10005b1c                tud_cdc_n_write_flush
 .text.tud_cdc_n_write
                0x10005b94       0x34 CMakeFiles/blink.dir/Users/ycc-yfb/pico/pico-sdk/lib/tinyusb/src/class/cdc/cdc_device.c.obj
                0x10005b94                tud_cdc_n_write
 .text.tud_cdc_n_write_available
                0x10005bc8       0x18 CMakeFiles/blink.dir/Users/ycc-yfb/pico/pico-sdk/lib/tinyusb/src/class/cdc/cdc_device.c.obj
                0x10005bc8                tud_cdc_n_write_available
 .text.cdcd_init
                0x10005be0       0x7c CMakeFiles/blink.dir/Users/ycc-yfb/pico/pico-sdk/lib/tinyusb/src/class/cdc/cdc_device.c.obj
                0x10005be0                cdcd_init
 .text.cdcd_reset
                0x10005c5c       0x2c CMakeFiles/blink.dir/Users/ycc-yfb/pico/pico-sdk/lib/tinyusb/src/class/cdc/cdc_device.c.obj
                0x10005c5c                cdcd_reset
 .text.cdcd_open
                0x10005c88       0xe4 CMakeFiles/blink.dir/Users/ycc-yfb/pico/pico-sdk/lib/tinyusb/src/class/cdc/cdc_device.c.obj
                0x10005c88                cdcd_open
 .text.cdcd_control_xfer_cb
                0x10005d6c       0xe4 CMakeFiles/blink.dir/Users/ycc-yfb/pico/pico-sdk/lib/tinyusb/src/class/cdc/cdc_device.c.obj
                0x10005d6c                cdcd_control_xfer_cb
 .text.cdcd_xfer_cb
                0x10005e50      0x13c CMakeFiles/blink.dir/Users/ycc-yfb/pico/pico-sdk/lib/tinyusb/src/class/cdc/cdc_device.c.obj
                0x10005e50                cdcd_xfer_cb
 .text.tusb_init
                0x10005f8c        0xc CMakeFiles/blink.dir/Users/ycc-yfb/pico/pico-sdk/lib/tinyusb/src/tusb.c.obj
                0x10005f8c                tusb_init
 .text.tusb_inited
                0x10005f98        0x8 CMakeFiles/blink.dir/Users/ycc-yfb/pico/pico-sdk/lib/tinyusb/src/tusb.c.obj
                0x10005f98                tusb_inited
 .text.tu_edpt_claim
                0x10005fa0       0x50 CMakeFiles/blink.dir/Users/ycc-yfb/pico/pico-sdk/lib/tinyusb/src/tusb.c.obj
                0x10005fa0                tu_edpt_claim
 .text.tu_edpt_release
                0x10005ff0       0x38 CMakeFiles/blink.dir/Users/ycc-yfb/pico/pico-sdk/lib/tinyusb/src/tusb.c.obj
                0x10005ff0                tu_edpt_release
 .text.tu_edpt_validate
                0x10006028       0x7c CMakeFiles/blink.dir/Users/ycc-yfb/pico/pico-sdk/lib/tinyusb/src/tusb.c.obj
                0x10006028                tu_edpt_validate
 .text.tu_edpt_bind_driver
                0x100060a4       0x34 CMakeFiles/blink.dir/Users/ycc-yfb/pico/pico-sdk/lib/tinyusb/src/tusb.c.obj
                0x100060a4                tu_edpt_bind_driver
 .text.tu_fifo_config
                0x100060d8       0x6c CMakeFiles/blink.dir/Users/ycc-yfb/pico/pico-sdk/lib/tinyusb/src/common/tusb_fifo.c.obj
                0x100060d8                tu_fifo_config
 .text.tu_fifo_count
                0x10006144       0x2c CMakeFiles/blink.dir/Users/ycc-yfb/pico/pico-sdk/lib/tinyusb/src/common/tusb_fifo.c.obj
                0x10006144                tu_fifo_count
 .text.tu_fifo_empty
                0x10006170       0x10 CMakeFiles/blink.dir/Users/ycc-yfb/pico/pico-sdk/lib/tinyusb/src/common/tusb_fifo.c.obj
                0x10006170                tu_fifo_empty
 .text.tu_fifo_remaining
                0x10006180       0x2c CMakeFiles/blink.dir/Users/ycc-yfb/pico/pico-sdk/lib/tinyusb/src/common/tusb_fifo.c.obj
                0x10006180                tu_fifo_remaining
 .text.tu_fifo_read
                0x100061ac       0x9c CMakeFiles/blink.dir/Users/ycc-yfb/pico/pico-sdk/lib/tinyusb/src/common/tusb_fifo.c.obj
                0x100061ac                tu_fifo_read
 .text.tu_fifo_read_n
                0x10006248       0xe8 CMakeFiles/blink.dir/Users/ycc-yfb/pico/pico-sdk/lib/tinyusb/src/common/tusb_fifo.c.obj
                0x10006248                tu_fifo_read_n
 .text.tu_fifo_write
                0x10006330       0xa8 CMakeFiles/blink.dir/Users/ycc-yfb/pico/pico-sdk/lib/tinyusb/src/common/tusb_fifo.c.obj
                0x10006330                tu_fifo_write
 .text.tu_fifo_write_n
                0x100063d8      0x178 CMakeFiles/blink.dir/Users/ycc-yfb/pico/pico-sdk/lib/tinyusb/src/common/tusb_fifo.c.obj
                0x100063d8                tu_fifo_write_n
 .text.tu_fifo_clear
                0x10006550       0x40 CMakeFiles/blink.dir/Users/ycc-yfb/pico/pico-sdk/lib/tinyusb/src/common/tusb_fifo.c.obj
                0x10006550                tu_fifo_clear
 .text.tu_fifo_set_overwritable
                0x10006590       0x48 CMakeFiles/blink.dir/Users/ycc-yfb/pico/pico-sdk/lib/tinyusb/src/common/tusb_fifo.c.obj
                0x10006590                tu_fifo_set_overwritable
 .text.cyw43_arch_set_async_context
                0x100065d8        0xc CMakeFiles/blink.dir/Users/ycc-yfb/pico/pico-sdk/src/rp2_common/pico_cyw43_arch/cyw43_arch.c.obj
                0x100065d8                cyw43_arch_set_async_context
 .text.cyw43_arch_gpio_put
                0x100065e4       0x14 CMakeFiles/blink.dir/Users/ycc-yfb/pico/pico-sdk/src/rp2_common/pico_cyw43_arch/cyw43_arch.c.obj
                0x100065e4                cyw43_arch_gpio_put
 .text.cyw43_arch_async_context
                0x100065f8        0xc CMakeFiles/blink.dir/Users/ycc-yfb/pico/pico-sdk/src/rp2_common/pico_cyw43_arch/cyw43_arch.c.obj
                0x100065f8                cyw43_arch_async_context
 .text.cyw43_arch_init
                0x10006604       0x64 CMakeFiles/blink.dir/Users/ycc-yfb/pico/pico-sdk/src/rp2_common/pico_cyw43_arch/cyw43_arch_threadsafe_background.c.obj
                0x10006604                cyw43_arch_init
 .text.ns_delay.constprop.0
                0x10006668       0x20 CMakeFiles/blink.dir/Users/ycc-yfb/pico/pico-sdk/src/rp2_common/pico_cyw43_driver/cyw43_bus_pio_spi.c.obj
 .text.cyw43_spi_deinit
                0x10006688       0x7c CMakeFiles/blink.dir/Users/ycc-yfb/pico/pico-sdk/src/rp2_common/pico_cyw43_driver/cyw43_bus_pio_spi.c.obj
                0x10006688                cyw43_spi_deinit
 .text.cyw43_spi_init
                0x10006704      0x14c CMakeFiles/blink.dir/Users/ycc-yfb/pico/pico-sdk/src/rp2_common/pico_cyw43_driver/cyw43_bus_pio_spi.c.obj
                0x10006704                cyw43_spi_init
 .text.cyw43_spi_transfer
                0x10006850      0x3e0 CMakeFiles/blink.dir/Users/ycc-yfb/pico/pico-sdk/src/rp2_common/pico_cyw43_driver/cyw43_bus_pio_spi.c.obj
                0x10006850                cyw43_spi_transfer
 .text.cyw43_spi_gpio_setup
                0x10006c30       0x3c CMakeFiles/blink.dir/Users/ycc-yfb/pico/pico-sdk/src/rp2_common/pico_cyw43_driver/cyw43_bus_pio_spi.c.obj
                0x10006c30                cyw43_spi_gpio_setup
 .text.cyw43_spi_reset
                0x10006c6c       0x28 CMakeFiles/blink.dir/Users/ycc-yfb/pico/pico-sdk/src/rp2_common/pico_cyw43_driver/cyw43_bus_pio_spi.c.obj
                0x10006c6c                cyw43_spi_reset
 .text.read_reg_u32_swap
                0x10006c94       0x3c CMakeFiles/blink.dir/Users/ycc-yfb/pico/pico-sdk/src/rp2_common/pico_cyw43_driver/cyw43_bus_pio_spi.c.obj
                0x10006c94                read_reg_u32_swap
 .text.cyw43_read_reg_u32
                0x10006cd0       0x50 CMakeFiles/blink.dir/Users/ycc-yfb/pico/pico-sdk/src/rp2_common/pico_cyw43_driver/cyw43_bus_pio_spi.c.obj
                0x10006cd0                cyw43_read_reg_u32
 .text.cyw43_read_reg_u16
                0x10006d20       0x50 CMakeFiles/blink.dir/Users/ycc-yfb/pico/pico-sdk/src/rp2_common/pico_cyw43_driver/cyw43_bus_pio_spi.c.obj
                0x10006d20                cyw43_read_reg_u16
 .text.cyw43_read_reg_u8
                0x10006d70       0x50 CMakeFiles/blink.dir/Users/ycc-yfb/pico/pico-sdk/src/rp2_common/pico_cyw43_driver/cyw43_bus_pio_spi.c.obj
                0x10006d70                cyw43_read_reg_u8
 .text.write_reg_u32_swap
                0x10006dc0      0x1e8 CMakeFiles/blink.dir/Users/ycc-yfb/pico/pico-sdk/src/rp2_common/pico_cyw43_driver/cyw43_bus_pio_spi.c.obj
                0x10006dc0                write_reg_u32_swap
 .text.cyw43_write_reg_u32
                0x10006fa8      0x208 CMakeFiles/blink.dir/Users/ycc-yfb/pico/pico-sdk/src/rp2_common/pico_cyw43_driver/cyw43_bus_pio_spi.c.obj
                0x10006fa8                cyw43_write_reg_u32
 .text.cyw43_write_reg_u16
                0x100071b0      0x208 CMakeFiles/blink.dir/Users/ycc-yfb/pico/pico-sdk/src/rp2_common/pico_cyw43_driver/cyw43_bus_pio_spi.c.obj
                0x100071b0                cyw43_write_reg_u16
 .text.cyw43_write_reg_u8
                0x100073b8      0x208 CMakeFiles/blink.dir/Users/ycc-yfb/pico/pico-sdk/src/rp2_common/pico_cyw43_driver/cyw43_bus_pio_spi.c.obj
                0x100073b8                cyw43_write_reg_u8
 .text.cyw43_read_bytes
                0x100075c0       0x78 CMakeFiles/blink.dir/Users/ycc-yfb/pico/pico-sdk/src/rp2_common/pico_cyw43_driver/cyw43_bus_pio_spi.c.obj
                0x100075c0                cyw43_read_bytes
 .text.cyw43_write_bytes
                0x10007638       0xc0 CMakeFiles/blink.dir/Users/ycc-yfb/pico/pico-sdk/src/rp2_common/pico_cyw43_driver/cyw43_bus_pio_spi.c.obj
                0x10007638                cyw43_write_bytes
 .text.cyw43_set_backplane_window
                0x100076f8       0x68 CMakeFiles/blink.dir/Users/ycc-yfb/pico/pico-sdk/lib/cyw43-driver/src/cyw43_ll.c.obj
 .text.cyw43_ll_parse_async_event
                0x10007760      0x134 CMakeFiles/blink.dir/Users/ycc-yfb/pico/pico-sdk/lib/cyw43-driver/src/cyw43_ll.c.obj
 .text.cyw43_kso_set
                0x10007894       0x80 CMakeFiles/blink.dir/Users/ycc-yfb/pico/pico-sdk/lib/cyw43-driver/src/cyw43_ll.c.obj
 .text.cyw43_ll_sdpcm_poll_device
                0x10007914      0x238 CMakeFiles/blink.dir/Users/ycc-yfb/pico/pico-sdk/lib/cyw43-driver/src/cyw43_ll.c.obj
 .text.cyw43_sdpcm_send_common
                0x10007b4c       0xf4 CMakeFiles/blink.dir/Users/ycc-yfb/pico/pico-sdk/lib/cyw43-driver/src/cyw43_ll.c.obj
 .text.cyw43_do_ioctl
                0x10007c40      0x110 CMakeFiles/blink.dir/Users/ycc-yfb/pico/pico-sdk/lib/cyw43-driver/src/cyw43_ll.c.obj
 .text.cyw43_do_ioctl.constprop.0
                0x10007d50      0x108 CMakeFiles/blink.dir/Users/ycc-yfb/pico/pico-sdk/lib/cyw43-driver/src/cyw43_ll.c.obj
 .text.cyw43_read_backplane.constprop.0
                0x10007e58       0xe4 CMakeFiles/blink.dir/Users/ycc-yfb/pico/pico-sdk/lib/cyw43-driver/src/cyw43_ll.c.obj
 .text.reset_device_core.constprop.0
                0x10007f3c      0x410 CMakeFiles/blink.dir/Users/ycc-yfb/pico/pico-sdk/lib/cyw43-driver/src/cyw43_ll.c.obj
 .text.cyw43_ll_init
                0x1000834c       0x1c CMakeFiles/blink.dir/Users/ycc-yfb/pico/pico-sdk/lib/cyw43-driver/src/cyw43_ll.c.obj
                0x1000834c                cyw43_ll_init
 .text.cyw43_ll_deinit
                0x10008368        0x8 CMakeFiles/blink.dir/Users/ycc-yfb/pico/pico-sdk/lib/cyw43-driver/src/cyw43_ll.c.obj
                0x10008368                cyw43_ll_deinit
 .text.cyw43_ll_process_packets
                0x10008370       0x54 CMakeFiles/blink.dir/Users/ycc-yfb/pico/pico-sdk/lib/cyw43-driver/src/cyw43_ll.c.obj
                0x10008370                cyw43_ll_process_packets
 .text.cyw43_ll_ioctl
                0x100083c4       0x20 CMakeFiles/blink.dir/Users/ycc-yfb/pico/pico-sdk/lib/cyw43-driver/src/cyw43_ll.c.obj
                0x100083c4                cyw43_ll_ioctl
 .text.cyw43_ll_bus_sleep
                0x100083e4       0x34 CMakeFiles/blink.dir/Users/ycc-yfb/pico/pico-sdk/lib/cyw43-driver/src/cyw43_ll.c.obj
                0x100083e4                cyw43_ll_bus_sleep
 .text.cyw43_ll_bus_init
                0x10008418      0xb6c CMakeFiles/blink.dir/Users/ycc-yfb/pico/pico-sdk/lib/cyw43-driver/src/cyw43_ll.c.obj
                0x10008418                cyw43_ll_bus_init
 .text.cyw43_ll_wifi_get_mac
                0x10008f84       0x40 CMakeFiles/blink.dir/Users/ycc-yfb/pico/pico-sdk/lib/cyw43-driver/src/cyw43_ll.c.obj
                0x10008f84                cyw43_ll_wifi_get_mac
 .text.cyw43_ll_wifi_set_wpa_auth
                0x10008fc4       0x2c CMakeFiles/blink.dir/Users/ycc-yfb/pico/pico-sdk/lib/cyw43-driver/src/cyw43_ll.c.obj
                0x10008fc4                cyw43_ll_wifi_set_wpa_auth
 .text.cyw43_ll_wifi_rejoin
                0x10008ff0       0x1c CMakeFiles/blink.dir/Users/ycc-yfb/pico/pico-sdk/lib/cyw43-driver/src/cyw43_ll.c.obj
                0x10008ff0                cyw43_ll_wifi_rejoin
 .text.cyw43_ll_gpio_set
                0x1000900c       0x68 CMakeFiles/blink.dir/Users/ycc-yfb/pico/pico-sdk/lib/cyw43-driver/src/cyw43_ll.c.obj
                0x1000900c                cyw43_ll_gpio_set
 .text.cyw43_ll_has_work
                0x10009074       0x14 CMakeFiles/blink.dir/Users/ycc-yfb/pico/pico-sdk/lib/cyw43-driver/src/cyw43_ll.c.obj
                0x10009074                cyw43_ll_has_work
 .text.cyw43_poll_func
                0x10009088       0xc0 CMakeFiles/blink.dir/Users/ycc-yfb/pico/pico-sdk/lib/cyw43-driver/src/cyw43_ctrl.c.obj
 .text.cyw43_init
                0x10009148       0x6c CMakeFiles/blink.dir/Users/ycc-yfb/pico/pico-sdk/lib/cyw43-driver/src/cyw43_ctrl.c.obj
                0x10009148                cyw43_init
 .text.cyw43_deinit
                0x100091b4       0x90 CMakeFiles/blink.dir/Users/ycc-yfb/pico/pico-sdk/lib/cyw43-driver/src/cyw43_ctrl.c.obj
                0x100091b4                cyw43_deinit
 .text.cyw43_cb_read_host_interrupt_pin
                0x10009244        0xc CMakeFiles/blink.dir/Users/ycc-yfb/pico/pico-sdk/lib/cyw43-driver/src/cyw43_ctrl.c.obj
                0x10009244                cyw43_cb_read_host_interrupt_pin
 .text.cyw43_cb_ensure_awake
                0x10009250        0xc CMakeFiles/blink.dir/Users/ycc-yfb/pico/pico-sdk/lib/cyw43-driver/src/cyw43_ctrl.c.obj
                0x10009250                cyw43_cb_ensure_awake
 .text.cyw43_cb_process_async_event
                0x1000925c      0x214 CMakeFiles/blink.dir/Users/ycc-yfb/pico/pico-sdk/lib/cyw43-driver/src/cyw43_ctrl.c.obj
                0x1000925c                cyw43_cb_process_async_event
 .text.cyw43_gpio_set
                0x10009470       0xa0 CMakeFiles/blink.dir/Users/ycc-yfb/pico/pico-sdk/lib/cyw43-driver/src/cyw43_ctrl.c.obj
                0x10009470                cyw43_gpio_set
 .text.pio_sm_unclaim
                0x10009510       0x20 CMakeFiles/blink.dir/Users/ycc-yfb/pico/pico-sdk/src/rp2_common/hardware_pio/pio.c.obj
                0x10009510                pio_sm_unclaim
 .text.pio_claim_unused_sm
                0x10009530       0x3c CMakeFiles/blink.dir/Users/ycc-yfb/pico/pico-sdk/src/rp2_common/hardware_pio/pio.c.obj
                0x10009530                pio_claim_unused_sm
 .text.pio_can_add_program
                0x1000956c       0x68 CMakeFiles/blink.dir/Users/ycc-yfb/pico/pico-sdk/src/rp2_common/hardware_pio/pio.c.obj
                0x1000956c                pio_can_add_program
 .text.pio_add_program
                0x100095d4       0xf0 CMakeFiles/blink.dir/Users/ycc-yfb/pico/pico-sdk/src/rp2_common/hardware_pio/pio.c.obj
                0x100095d4                pio_add_program
 .text.pio_remove_program
                0x100096c4       0x34 CMakeFiles/blink.dir/Users/ycc-yfb/pico/pico-sdk/src/rp2_common/hardware_pio/pio.c.obj
                0x100096c4                pio_remove_program
 .text.pio_sm_set_pindirs_with_mask
                0x100096f8       0xa8 CMakeFiles/blink.dir/Users/ycc-yfb/pico/pico-sdk/src/rp2_common/hardware_pio/pio.c.obj
                0x100096f8                pio_sm_set_pindirs_with_mask
 .text.pio_sm_set_consecutive_pindirs
                0x100097a0       0xa8 CMakeFiles/blink.dir/Users/ycc-yfb/pico/pico-sdk/src/rp2_common/hardware_pio/pio.c.obj
                0x100097a0                pio_sm_set_consecutive_pindirs
 .text.dma_channel_unclaim
                0x10009848       0x14 CMakeFiles/blink.dir/Users/ycc-yfb/pico/pico-sdk/src/rp2_common/hardware_dma/dma.c.obj
                0x10009848                dma_channel_unclaim
 .text.dma_claim_unused_channel
                0x1000985c       0x24 CMakeFiles/blink.dir/Users/ycc-yfb/pico/pico-sdk/src/rp2_common/hardware_dma/dma.c.obj
                0x1000985c                dma_claim_unused_channel
 .text.dma_channel_cleanup
                0x10009880       0x60 CMakeFiles/blink.dir/Users/ycc-yfb/pico/pico-sdk/src/rp2_common/hardware_dma/dma.c.obj
                0x10009880                dma_channel_cleanup
 .text.cyw43_sleep_timeout_reached
                0x100098e0       0x10 CMakeFiles/blink.dir/Users/ycc-yfb/pico/pico-sdk/src/rp2_common/pico_cyw43_driver/cyw43_driver.c.obj
 .text.cyw43_irq_init
                0x100098f0       0x28 CMakeFiles/blink.dir/Users/ycc-yfb/pico/pico-sdk/src/rp2_common/pico_cyw43_driver/cyw43_driver.c.obj
                0x100098f0                cyw43_irq_init
 .text.cyw43_irq_deinit
                0x10009918       0x20 CMakeFiles/blink.dir/Users/ycc-yfb/pico/pico-sdk/src/rp2_common/pico_cyw43_driver/cyw43_driver.c.obj
                0x10009918                cyw43_irq_deinit
 .text.cyw43_gpio_irq_handler
                0x10009938       0x44 CMakeFiles/blink.dir/Users/ycc-yfb/pico/pico-sdk/src/rp2_common/pico_cyw43_driver/cyw43_driver.c.obj
 .text.cyw43_do_poll
                0x1000997c       0x70 CMakeFiles/blink.dir/Users/ycc-yfb/pico/pico-sdk/src/rp2_common/pico_cyw43_driver/cyw43_driver.c.obj
 .text.cyw43_post_poll_hook
                0x100099ec       0x10 CMakeFiles/blink.dir/Users/ycc-yfb/pico/pico-sdk/src/rp2_common/pico_cyw43_driver/cyw43_driver.c.obj
                0x100099ec                cyw43_post_poll_hook
 .text.cyw43_schedule_internal_poll_dispatch
                0x100099fc       0x18 CMakeFiles/blink.dir/Users/ycc-yfb/pico/pico-sdk/src/rp2_common/pico_cyw43_driver/cyw43_driver.c.obj
                0x100099fc                cyw43_schedule_internal_poll_dispatch
 .text.cyw43_driver_init
                0x10009a14       0x38 CMakeFiles/blink.dir/Users/ycc-yfb/pico/pico-sdk/src/rp2_common/pico_cyw43_driver/cyw43_driver.c.obj
                0x10009a14                cyw43_driver_init
 .text.cyw43_driver_deinit
                0x10009a4c       0x44 CMakeFiles/blink.dir/Users/ycc-yfb/pico/pico-sdk/src/rp2_common/pico_cyw43_driver/cyw43_driver.c.obj
                0x10009a4c                cyw43_driver_deinit
 .text.cyw43_hal_generate_laa_mac
                0x10009a90       0x28 CMakeFiles/blink.dir/Users/ycc-yfb/pico/pico-sdk/src/rp2_common/pico_cyw43_driver/cyw43_driver.c.obj
                0x10009a90                cyw43_hal_generate_laa_mac
 .text.cyw43_thread_enter
                0x10009ab8       0x14 CMakeFiles/blink.dir/Users/ycc-yfb/pico/pico-sdk/src/rp2_common/pico_cyw43_driver/cyw43_driver.c.obj
                0x10009ab8                cyw43_thread_enter
 .text.cyw43_thread_exit
                0x10009acc       0x14 CMakeFiles/blink.dir/Users/ycc-yfb/pico/pico-sdk/src/rp2_common/pico_cyw43_driver/cyw43_driver.c.obj
                0x10009acc                cyw43_thread_exit
 .text.cyw43_await_background_or_timeout_us
                0x10009ae0       0x34 CMakeFiles/blink.dir/Users/ycc-yfb/pico/pico-sdk/src/rp2_common/pico_cyw43_driver/cyw43_driver.c.obj
                0x10009ae0                cyw43_await_background_or_timeout_us
 .text.cyw43_delay_ms
                0x10009b14       0x48 CMakeFiles/blink.dir/Users/ycc-yfb/pico/pico-sdk/src/rp2_common/pico_cyw43_driver/cyw43_driver.c.obj
                0x10009b14                cyw43_delay_ms
 .text.cyw43_cb_tcpip_deinit
                0x10009b5c        0x4 CMakeFiles/blink.dir/Users/ycc-yfb/pico/pico-sdk/src/rp2_common/pico_cyw43_driver/cyw43_driver.c.obj
                0x10009b5c                cyw43_cb_tcpip_deinit
 .text.cyw43_cb_tcpip_set_link_up
                0x10009b60        0xc CMakeFiles/blink.dir/Users/ycc-yfb/pico/pico-sdk/src/rp2_common/pico_cyw43_driver/cyw43_driver.c.obj
                0x10009b60                cyw43_cb_tcpip_set_link_up
 .text.cyw43_cb_tcpip_set_link_down
                0x10009b6c        0xc CMakeFiles/blink.dir/Users/ycc-yfb/pico/pico-sdk/src/rp2_common/pico_cyw43_driver/cyw43_driver.c.obj
                0x10009b6c                cyw43_cb_tcpip_set_link_down
 .text.cyw43_cb_process_ethernet
                0x10009b78        0xc CMakeFiles/blink.dir/Users/ycc-yfb/pico/pico-sdk/src/rp2_common/pico_cyw43_driver/cyw43_driver.c.obj
                0x10009b78                cyw43_cb_process_ethernet
 .text.async_context_threadsafe_background_acquire_lock_blocking
                0x10009b84        0xc CMakeFiles/blink.dir/Users/ycc-yfb/pico/pico-sdk/src/rp2_common/pico_async_context/async_context_threadsafe_background.c.obj
 .text.alarm_handler
                0x10009b90       0x20 CMakeFiles/blink.dir/Users/ycc-yfb/pico/pico-sdk/src/rp2_common/pico_async_context/async_context_threadsafe_background.c.obj
 .text.async_context_threadsafe_background_set_work_pending
                0x10009bb0       0x1c CMakeFiles/blink.dir/Users/ycc-yfb/pico/pico-sdk/src/rp2_common/pico_async_context/async_context_threadsafe_background.c.obj
 .text.process_under_lock
                0x10009bcc       0xcc CMakeFiles/blink.dir/Users/ycc-yfb/pico/pico-sdk/src/rp2_common/pico_async_context/async_context_threadsafe_background.c.obj
 .text.async_context_threadsafe_background_execute_sync
                0x10009c98       0x30 CMakeFiles/blink.dir/Users/ycc-yfb/pico/pico-sdk/src/rp2_common/pico_async_context/async_context_threadsafe_background.c.obj
                0x10009c98                async_context_threadsafe_background_execute_sync
 .text.async_context_threadsafe_background_deinit
                0x10009cc8       0x54 CMakeFiles/blink.dir/Users/ycc-yfb/pico/pico-sdk/src/rp2_common/pico_async_context/async_context_threadsafe_background.c.obj
 .text.low_priority_irq_handler
                0x10009d1c       0x3c CMakeFiles/blink.dir/Users/ycc-yfb/pico/pico-sdk/src/rp2_common/pico_async_context/async_context_threadsafe_background.c.obj
 .text.async_context_threadsafe_background_wait_for_work_until
                0x10009d58        0xc CMakeFiles/blink.dir/Users/ycc-yfb/pico/pico-sdk/src/rp2_common/pico_async_context/async_context_threadsafe_background.c.obj
 .text.async_context_threadsafe_background_wait_until
                0x10009d64       0x1c CMakeFiles/blink.dir/Users/ycc-yfb/pico/pico-sdk/src/rp2_common/pico_async_context/async_context_threadsafe_background.c.obj
 .text.async_context_threadsafe_background_lock_check
                0x10009d80       0x28 CMakeFiles/blink.dir/Users/ycc-yfb/pico/pico-sdk/src/rp2_common/pico_async_context/async_context_threadsafe_background.c.obj
 .text.async_context_threadsafe_background_release_lock
                0x10009da8       0x1c CMakeFiles/blink.dir/Users/ycc-yfb/pico/pico-sdk/src/rp2_common/pico_async_context/async_context_threadsafe_background.c.obj
 .text.async_context_threadsafe_background_add_at_time_worker
                0x10009dc4       0x34 CMakeFiles/blink.dir/Users/ycc-yfb/pico/pico-sdk/src/rp2_common/pico_async_context/async_context_threadsafe_background.c.obj
 .text.async_context_threadsafe_background_remove_at_time_worker
                0x10009df8       0x34 CMakeFiles/blink.dir/Users/ycc-yfb/pico/pico-sdk/src/rp2_common/pico_async_context/async_context_threadsafe_background.c.obj
 .text.async_context_threadsafe_background_add_when_pending_worker
                0x10009e2c       0x34 CMakeFiles/blink.dir/Users/ycc-yfb/pico/pico-sdk/src/rp2_common/pico_async_context/async_context_threadsafe_background.c.obj
 .text.async_context_threadsafe_background_when_pending_worker
                0x10009e60       0x34 CMakeFiles/blink.dir/Users/ycc-yfb/pico/pico-sdk/src/rp2_common/pico_async_context/async_context_threadsafe_background.c.obj
 .text.async_context_threadsafe_background_default_config
                0x10009e94        0xc CMakeFiles/blink.dir/Users/ycc-yfb/pico/pico-sdk/src/rp2_common/pico_async_context/async_context_threadsafe_background.c.obj
                0x10009e94                async_context_threadsafe_background_default_config
 .text.async_context_threadsafe_background_init
                0x10009ea0       0x8c CMakeFiles/blink.dir/Users/ycc-yfb/pico/pico-sdk/src/rp2_common/pico_async_context/async_context_threadsafe_background.c.obj
                0x10009ea0                async_context_threadsafe_background_init
 .text.async_context_base_add_at_time_worker
                0x10009f2c       0x24 CMakeFiles/blink.dir/Users/ycc-yfb/pico/pico-sdk/src/rp2_common/pico_async_context/async_context_base.c.obj
                0x10009f2c                async_context_base_add_at_time_worker
 .text.async_context_base_remove_at_time_worker
                0x10009f50       0x28 CMakeFiles/blink.dir/Users/ycc-yfb/pico/pico-sdk/src/rp2_common/pico_async_context/async_context_base.c.obj
                0x10009f50                async_context_base_remove_at_time_worker
 .text.async_context_base_add_when_pending_worker
                0x10009f78       0x24 CMakeFiles/blink.dir/Users/ycc-yfb/pico/pico-sdk/src/rp2_common/pico_async_context/async_context_base.c.obj
                0x10009f78                async_context_base_add_when_pending_worker
 .text.async_context_base_remove_when_pending_worker
                0x10009f9c       0x28 CMakeFiles/blink.dir/Users/ycc-yfb/pico/pico-sdk/src/rp2_common/pico_async_context/async_context_base.c.obj
                0x10009f9c                async_context_base_remove_when_pending_worker
 .text.async_context_base_execute_once
                0x10009fc4      0x108 CMakeFiles/blink.dir/Users/ycc-yfb/pico/pico-sdk/src/rp2_common/pico_async_context/async_context_base.c.obj
                0x10009fc4                async_context_base_execute_once
 .text.memmove  0x1000a0cc       0xb0 /Applications/ArmGNUToolchain/13.2.Rel1/arm-none-eabi/bin/../lib/gcc/arm-none-eabi/13.2.1/../../../../arm-none-eabi/lib/thumb/v6-m/nofp/libc.a(libc_a-memmove.o)
                0x1000a0cc                memmove
 .text.strncmp  0x1000a17c       0x74 /Applications/ArmGNUToolchain/13.2.Rel1/arm-none-eabi/bin/../lib/gcc/arm-none-eabi/13.2.1/../../../../arm-none-eabi/lib/thumb/v6-m/nofp/libc.a(libc_a-strncmp.o)
                0x1000a17c                strncmp
 .text.strlen   0x1000a1f0       0x5c /Applications/ArmGNUToolchain/13.2.Rel1/arm-none-eabi/bin/../lib/gcc/arm-none-eabi/13.2.1/../../../../arm-none-eabi/lib/thumb/v6-m/nofp/libc.a(libc_a-strlen-stub.o)
                0x1000a1f0                strlen
 *(.fini)
 .fini          0x1000a24c        0x4 /Applications/ArmGNUToolchain/13.2.Rel1/arm-none-eabi/bin/../lib/gcc/arm-none-eabi/13.2.1/thumb/v6-m/nofp/crti.o
                0x1000a24c                _fini
 .fini.__stub   0x1000a250      0x110 linker stubs
 *crtbegin.o(.ctors)
 *crtbegin?.o(.ctors)
 *(EXCLUDE_FILE(*crtend.o *crtend?.o) .ctors)
 *(SORT_BY_NAME(.ctors.*))
 *(.ctors)
 *crtbegin.o(.dtors)
 *crtbegin?.o(.dtors)
 *(EXCLUDE_FILE(*crtend.o *crtend?.o) .dtors)
 *(SORT_BY_NAME(.dtors.*))
 *(.dtors)
 *(.eh_frame*)
 .eh_frame      0x1000a360        0x0 /Applications/ArmGNUToolchain/13.2.Rel1/arm-none-eabi/bin/../lib/gcc/arm-none-eabi/13.2.1/thumb/v6-m/nofp/crtbegin.o
                0x1000a360                        . = ALIGN (0x4)

.glue_7         0x1000a360        0x0
 .glue_7        0x1000a360        0x0 linker stubs

.glue_7t        0x1000a360        0x0
 .glue_7t       0x1000a360        0x0 linker stubs

.vfp11_veneer   0x1000a360        0x0
 .vfp11_veneer  0x1000a360        0x0 linker stubs

.v4_bx          0x1000a360        0x0
 .v4_bx         0x1000a360        0x0 linker stubs

.iplt           0x1000a360        0x0
 .iplt          0x1000a360        0x0 /Applications/ArmGNUToolchain/13.2.Rel1/arm-none-eabi/bin/../lib/gcc/arm-none-eabi/13.2.1/thumb/v6-m/nofp/crtbegin.o

.rodata         0x1000a360    0x37e4c
 *(EXCLUDE_FILE(*libm.a: *libc.a:*lib_a-mem*.o *libgcc.a:) .rodata*)
 .rodata.main.str1.4
                0x1000a360      0x534 CMakeFiles/blink.dir/blink.c.obj
                                 0x12 (size before relaxing)
 .rodata.spin_lock_claim_unused.str1.4
                0x1000a894       0x1b CMakeFiles/blink.dir/Users/ycc-yfb/pico/pico-sdk/src/rp2_common/hardware_sync/sync.c.obj
 .rodata.user_irq_claim_unused.str1.4
                0x1000a894       0x1b CMakeFiles/blink.dir/Users/ycc-yfb/pico/pico-sdk/src/rp2_common/hardware_irq/irq.c.obj
 *fill*         0x1000a894        0x4 
 .rodata.at_the_end_of_time
                0x1000a898        0x8 CMakeFiles/blink.dir/Users/ycc-yfb/pico/pico-sdk/src/common/pico_time/time.c.obj
                0x1000a898                at_the_end_of_time
 .rodata.hardware_alarm_claim.str1.4
                0x1000a8a0       0x22 CMakeFiles/blink.dir/Users/ycc-yfb/pico/pico-sdk/src/rp2_common/hardware_timer/timer.c.obj
 .rodata.panic.str1.4
                0x1000a8a0       0x12 CMakeFiles/blink.dir/Users/ycc-yfb/pico/pico-sdk/src/rp2_common/pico_runtime/runtime.c.obj
 .rodata.hard_assertion_failure.str1.4
                0x1000a8a0        0xc CMakeFiles/blink.dir/Users/ycc-yfb/pico/pico-sdk/src/rp2_common/pico_runtime/runtime.c.obj
 .rodata._ftoa.str1.4
                0x1000a8a0       0x15 CMakeFiles/blink.dir/Users/ycc-yfb/pico/pico-sdk/src/rp2_common/pico_printf/printf.c.obj
 .rodata._vsnprintf
                0x1000a8a0      0x19c CMakeFiles/blink.dir/Users/ycc-yfb/pico/pico-sdk/src/rp2_common/pico_printf/printf.c.obj
 *fill*         0x1000aa3c        0x4 
 .rodata.pow10.0
                0x1000aa40       0x50 CMakeFiles/blink.dir/Users/ycc-yfb/pico/pico-sdk/src/rp2_common/pico_printf/printf.c.obj
 .rodata.missing_double_func_shim.str1.4
                0x1000aa90       0x18 CMakeFiles/blink.dir/Users/ycc-yfb/pico/pico-sdk/src/rp2_common/pico_double/double_init_rom.c.obj
 .rodata.missing_float_func_shim.str1.4
                0x1000aa90        0x1 CMakeFiles/blink.dir/Users/ycc-yfb/pico/pico-sdk/src/rp2_common/pico_float/float_init_rom.c.obj
 .rodata.str1.4
                0x1000aa90       0x40 CMakeFiles/blink.dir/Users/ycc-yfb/pico/pico-sdk/src/rp2_common/pico_standard_link/binary_info.c.obj
 .rodata.__bi_81
                0x1000aa90        0xc CMakeFiles/blink.dir/Users/ycc-yfb/pico/pico-sdk/src/rp2_common/pico_standard_link/binary_info.c.obj
 .rodata.__bi_75
                0x1000aa9c        0xc CMakeFiles/blink.dir/Users/ycc-yfb/pico/pico-sdk/src/rp2_common/pico_standard_link/binary_info.c.obj
 .rodata.__bi_56
                0x1000aaa8        0xc CMakeFiles/blink.dir/Users/ycc-yfb/pico/pico-sdk/src/rp2_common/pico_standard_link/binary_info.c.obj
 .rodata.__bi_44
                0x1000aab4        0xc CMakeFiles/blink.dir/Users/ycc-yfb/pico/pico-sdk/src/rp2_common/pico_standard_link/binary_info.c.obj
 .rodata.crlf_str.0
                0x1000aac0        0x2 CMakeFiles/blink.dir/Users/ycc-yfb/pico/pico-sdk/src/rp2_common/pico_stdio/stdio.c.obj
 *fill*         0x1000aac2        0x2 
 .rodata._resetd_driver
                0x1000aac4       0x18 CMakeFiles/blink.dir/Users/ycc-yfb/pico/pico-sdk/src/rp2_common/pico_stdio_usb/reset_interface.c.obj
 .rodata.str1.4
                0x1000aadc       0x13 CMakeFiles/blink.dir/Users/ycc-yfb/pico/pico-sdk/src/rp2_common/pico_stdio_usb/stdio_usb.c.obj
 .rodata.__bi_182.0
                0x1000aadc        0xc CMakeFiles/blink.dir/Users/ycc-yfb/pico/pico-sdk/src/rp2_common/pico_stdio_usb/stdio_usb.c.obj
 .rodata.str1.4
                0x1000aae8       0x2a CMakeFiles/blink.dir/Users/ycc-yfb/pico/pico-sdk/src/rp2_common/pico_stdio_usb/stdio_usb_descriptors.c.obj
 .rodata.usbd_desc_str
                0x1000aae8       0x18 CMakeFiles/blink.dir/Users/ycc-yfb/pico/pico-sdk/src/rp2_common/pico_stdio_usb/stdio_usb_descriptors.c.obj
 .rodata.usbd_desc_cfg
                0x1000ab00       0x54 CMakeFiles/blink.dir/Users/ycc-yfb/pico/pico-sdk/src/rp2_common/pico_stdio_usb/stdio_usb_descriptors.c.obj
 .rodata.usbd_desc_device
                0x1000ab54       0x12 CMakeFiles/blink.dir/Users/ycc-yfb/pico/pico-sdk/src/rp2_common/pico_stdio_usb/stdio_usb_descriptors.c.obj
 .rodata.str1.4
                0x1000ab66       0x14 CMakeFiles/blink.dir/Users/ycc-yfb/pico/pico-sdk/lib/tinyusb/src/portable/raspberrypi/rp2040/dcd_rp2040.c.obj
 .rodata.str1.4
                0x1000ab66       0x53 CMakeFiles/blink.dir/Users/ycc-yfb/pico/pico-sdk/lib/tinyusb/src/portable/raspberrypi/rp2040/rp2040_usb.c.obj
 *fill*         0x1000ab66        0x2 
 .rodata.tud_task_ext
                0x1000ab68       0x8c CMakeFiles/blink.dir/Users/ycc-yfb/pico/pico-sdk/lib/tinyusb/src/device/usbd.c.obj
 .rodata._usbd_driver
                0x1000abf4       0x18 CMakeFiles/blink.dir/Users/ycc-yfb/pico/pico-sdk/lib/tinyusb/src/device/usbd.c.obj
 .rodata.cyw43_read_bytes.str1.4
                0x1000ac0c       0x1a CMakeFiles/blink.dir/Users/ycc-yfb/pico/pico-sdk/src/rp2_common/pico_cyw43_driver/cyw43_bus_pio_spi.c.obj
 .rodata.cyw43_write_bytes.str1.4
                0x1000ac0c        0xd CMakeFiles/blink.dir/Users/ycc-yfb/pico/pico-sdk/src/rp2_common/pico_cyw43_driver/cyw43_bus_pio_spi.c.obj
 .rodata.spi_gap01_sample0_program
                0x1000ac0c        0x6 CMakeFiles/blink.dir/Users/ycc-yfb/pico/pico-sdk/src/rp2_common/pico_cyw43_driver/cyw43_bus_pio_spi.c.obj
 *fill*         0x1000ac12        0x2 
 .rodata.spi_gap01_sample0_program_instructions
                0x1000ac14        0xc CMakeFiles/blink.dir/Users/ycc-yfb/pico/pico-sdk/src/rp2_common/pico_cyw43_driver/cyw43_bus_pio_spi.c.obj
 .rodata.cyw43_kso_set.str1.4
                0x1000ac20       0x23 CMakeFiles/blink.dir/Users/ycc-yfb/pico/pico-sdk/lib/cyw43-driver/src/cyw43_ll.c.obj
 .rodata.cyw43_ll_sdpcm_poll_device.str1.4
                0x1000ac20       0x55 CMakeFiles/blink.dir/Users/ycc-yfb/pico/pico-sdk/lib/cyw43-driver/src/cyw43_ll.c.obj
 .rodata.cyw43_sdpcm_send_common.str1.4
                0x1000ac20       0x22 CMakeFiles/blink.dir/Users/ycc-yfb/pico/pico-sdk/lib/cyw43-driver/src/cyw43_ll.c.obj
 .rodata.cyw43_do_ioctl.str1.4
                0x1000ac20       0x53 CMakeFiles/blink.dir/Users/ycc-yfb/pico/pico-sdk/lib/cyw43-driver/src/cyw43_ll.c.obj
 .rodata.reset_device_core.constprop.0.str1.4
                0x1000ac20       0x1a CMakeFiles/blink.dir/Users/ycc-yfb/pico/pico-sdk/lib/cyw43-driver/src/cyw43_ll.c.obj
 .rodata.cyw43_ll_bus_init.str1.4
                0x1000ac20       0xfe CMakeFiles/blink.dir/Users/ycc-yfb/pico/pico-sdk/lib/cyw43-driver/src/cyw43_ll.c.obj
 .rodata.cyw43_ll_gpio_set.str1.4
                0x1000ac20        0x8 CMakeFiles/blink.dir/Users/ycc-yfb/pico/pico-sdk/lib/cyw43-driver/src/cyw43_ll.c.obj
 .rodata.w43439A0_7_95_49_00_combined
                0x1000ac20    0x36fd8 CMakeFiles/blink.dir/Users/ycc-yfb/pico/pico-sdk/lib/cyw43-driver/src/cyw43_ll.c.obj
 .rodata.wifi_nvram_4343
                0x10041bf8      0x2e7 CMakeFiles/blink.dir/Users/ycc-yfb/pico/pico-sdk/lib/cyw43-driver/src/cyw43_ll.c.obj
 *fill*         0x10041edf        0x1 
 .rodata        0x10041ee0       0x72 CMakeFiles/blink.dir/Users/ycc-yfb/pico/pico-sdk/lib/cyw43-driver/src/cyw43_ll.c.obj
 .rodata.cyw43_cb_process_async_event.str1.4
                0x10041f52       0x28 CMakeFiles/blink.dir/Users/ycc-yfb/pico/pico-sdk/lib/cyw43-driver/src/cyw43_ctrl.c.obj
 *fill*         0x10041f52        0x2 
 .rodata.cyw43_cb_process_async_event
                0x10041f54       0xbc CMakeFiles/blink.dir/Users/ycc-yfb/pico/pico-sdk/lib/cyw43-driver/src/cyw43_ctrl.c.obj
 .rodata.str1.4
                0x10042010       0x9e CMakeFiles/blink.dir/Users/ycc-yfb/pico/pico-sdk/lib/cyw43-driver/src/cyw43_ctrl.c.obj
 .rodata.cyw43_async_event_name_table
                0x10042010      0x164 CMakeFiles/blink.dir/Users/ycc-yfb/pico/pico-sdk/lib/cyw43-driver/src/cyw43_ctrl.c.obj
 .rodata.pio_claim_unused_sm.str1.4
                0x10042174       0x24 CMakeFiles/blink.dir/Users/ycc-yfb/pico/pico-sdk/src/rp2_common/hardware_pio/pio.c.obj
 .rodata.pio_add_program.str1.4
                0x10042174       0x11 CMakeFiles/blink.dir/Users/ycc-yfb/pico/pico-sdk/src/rp2_common/hardware_pio/pio.c.obj
 .rodata.dma_claim_unused_channel.str1.4
                0x10042174       0x1e CMakeFiles/blink.dir/Users/ycc-yfb/pico/pico-sdk/src/rp2_common/hardware_dma/dma.c.obj
 .rodata.cyw43_cb_tcpip_set_link_up.str1.4
                0x10042174       0x20 CMakeFiles/blink.dir/Users/ycc-yfb/pico/pico-sdk/src/rp2_common/pico_cyw43_driver/cyw43_driver.c.obj
 .rodata.async_context_threadsafe_background_lock_check.str1.4
                0x10042174       0x20 CMakeFiles/blink.dir/Users/ycc-yfb/pico/pico-sdk/src/rp2_common/pico_async_context/async_context_threadsafe_background.c.obj
 .rodata.template
                0x10042174       0x38 CMakeFiles/blink.dir/Users/ycc-yfb/pico/pico-sdk/src/rp2_common/pico_async_context/async_context_threadsafe_background.c.obj
                0x100421ac                        . = ALIGN (0x4)
 *(SORT_BY_ALIGNMENT(SORT_BY_NAME(.flashdata*)))
                0x100421ac                        . = ALIGN (0x4)

.ARM.extab
 *(.ARM.extab* .gnu.linkonce.armextab.*)
                0x100421ac                        __exidx_start = .

.ARM.exidx
 *(.ARM.exidx* .gnu.linkonce.armexidx.*)
                0x100421ac                        __exidx_end = .
                0x100421ac                        . = ALIGN (0x4)
                0x100421ac                        __binary_info_start = .

.binary_info    0x100421ac       0x24
 *(.binary_info.keep.*)
 .binary_info.keep.__bi_ptr81
                0x100421ac        0x4 CMakeFiles/blink.dir/Users/ycc-yfb/pico/pico-sdk/src/rp2_common/pico_standard_link/binary_info.c.obj
 .binary_info.keep.__bi_ptr75
                0x100421b0        0x4 CMakeFiles/blink.dir/Users/ycc-yfb/pico/pico-sdk/src/rp2_common/pico_standard_link/binary_info.c.obj
 .binary_info.keep.__bi_ptr56
                0x100421b4        0x4 CMakeFiles/blink.dir/Users/ycc-yfb/pico/pico-sdk/src/rp2_common/pico_standard_link/binary_info.c.obj
 .binary_info.keep.__bi_ptr50
                0x100421b8        0x4 CMakeFiles/blink.dir/Users/ycc-yfb/pico/pico-sdk/src/rp2_common/pico_standard_link/binary_info.c.obj
 .binary_info.keep.__bi_ptr44
                0x100421bc        0x4 CMakeFiles/blink.dir/Users/ycc-yfb/pico/pico-sdk/src/rp2_common/pico_standard_link/binary_info.c.obj
 .binary_info.keep.__bi_ptr38
                0x100421c0        0x4 CMakeFiles/blink.dir/Users/ycc-yfb/pico/pico-sdk/src/rp2_common/pico_standard_link/binary_info.c.obj
 .binary_info.keep.__bi_ptr30
                0x100421c4        0x4 CMakeFiles/blink.dir/Users/ycc-yfb/pico/pico-sdk/src/rp2_common/pico_standard_link/binary_info.c.obj
 .binary_info.keep.__bi_ptr22
                0x100421c8        0x4 CMakeFiles/blink.dir/Users/ycc-yfb/pico/pico-sdk/src/rp2_common/pico_standard_link/binary_info.c.obj
 *(.binary_info.*)
 .binary_info.__bi_ptr182
                0x100421cc        0x4 CMakeFiles/blink.dir/Users/ycc-yfb/pico/pico-sdk/src/rp2_common/pico_stdio_usb/stdio_usb.c.obj
                0x100421d0                        __binary_info_end = .

.rel.dyn        0x100421d0        0x0
 .rel.iplt      0x100421d0        0x0 /Applications/ArmGNUToolchain/13.2.Rel1/arm-none-eabi/bin/../lib/gcc/arm-none-eabi/13.2.1/thumb/v6-m/nofp/crtbegin.o
                0x100421d0                        . = ALIGN (0x4)

.ram_vector_table
                0x20000000       0xc0
 *(.ram_vector_table)
 .ram_vector_table
                0x20000000       0xc0 CMakeFiles/blink.dir/Users/ycc-yfb/pico/pico-sdk/src/rp2_common/pico_runtime/runtime.c.obj
                0x20000000                ram_vector_table

.data           0x200000c0      0xfe8 load address 0x100421d0
                0x200000c0                        __data_start__ = .
 *(vtable)
 *(.time_critical*)
 .time_critical.sem_acquire_block_until
                0x200000c0       0x68 CMakeFiles/blink.dir/Users/ycc-yfb/pico/pico-sdk/src/common/pico_sync/sem.c.obj
                0x200000c0                sem_acquire_block_until
 .time_critical.sem_release
                0x20000128       0x4c CMakeFiles/blink.dir/Users/ycc-yfb/pico/pico-sdk/src/common/pico_sync/sem.c.obj
                0x20000128                sem_release
 .time_critical.recursive_mutex_enter_blocking
                0x20000174       0x50 CMakeFiles/blink.dir/Users/ycc-yfb/pico/pico-sdk/src/common/pico_sync/mutex.c.obj
                0x20000174                recursive_mutex_enter_blocking
 .time_critical.mutex_try_enter
                0x200001c4       0x40 CMakeFiles/blink.dir/Users/ycc-yfb/pico/pico-sdk/src/common/pico_sync/mutex.c.obj
                0x200001c4                mutex_try_enter
 .time_critical.mutex_try_enter_block_until
                0x20000204       0x9c CMakeFiles/blink.dir/Users/ycc-yfb/pico/pico-sdk/src/common/pico_sync/mutex.c.obj
                0x20000204                mutex_try_enter_block_until
 .time_critical.recursive_mutex_try_enter
                0x200002a0       0x50 CMakeFiles/blink.dir/Users/ycc-yfb/pico/pico-sdk/src/common/pico_sync/mutex.c.obj
                0x200002a0                recursive_mutex_try_enter
 .time_critical.mutex_enter_timeout_ms
                0x200002f0       0x90 CMakeFiles/blink.dir/Users/ycc-yfb/pico/pico-sdk/src/common/pico_sync/mutex.c.obj
                0x200002f0                mutex_enter_timeout_ms
 .time_critical.mutex_exit
                0x20000380       0x28 CMakeFiles/blink.dir/Users/ycc-yfb/pico/pico-sdk/src/common/pico_sync/mutex.c.obj
                0x20000380                mutex_exit
 .time_critical.recursive_mutex_exit
                0x200003a8       0x44 CMakeFiles/blink.dir/Users/ycc-yfb/pico/pico-sdk/src/common/pico_sync/mutex.c.obj
                0x200003a8                recursive_mutex_exit
 .time_critical.flash_init_boot2_copyout
                0x200003ec       0x30 CMakeFiles/blink.dir/Users/ycc-yfb/pico/pico-sdk/src/rp2_common/hardware_flash/flash.c.obj
 .time_critical.flash_enable_xip_via_boot2
                0x2000041c        0xc CMakeFiles/blink.dir/Users/ycc-yfb/pico/pico-sdk/src/rp2_common/hardware_flash/flash.c.obj
 .time_critical.flash_cs_force
                0x20000428       0x38 CMakeFiles/blink.dir/Users/ycc-yfb/pico/pico-sdk/src/rp2_common/hardware_flash/flash.c.obj
 .time_critical.flash_do_cmd
                0x20000460       0xc0 CMakeFiles/blink.dir/Users/ycc-yfb/pico/pico-sdk/src/rp2_common/hardware_flash/flash.c.obj
                0x20000460                flash_do_cmd
 .time_critical.reset_non_control_endpoints
                0x20000520       0x68 CMakeFiles/blink.dir/Users/ycc-yfb/pico/pico-sdk/lib/tinyusb/src/portable/raspberrypi/rp2040/dcd_rp2040.c.obj
 .time_critical.hw_handle_buff_status
                0x20000588       0xb0 CMakeFiles/blink.dir/Users/ycc-yfb/pico/pico-sdk/lib/tinyusb/src/portable/raspberrypi/rp2040/dcd_rp2040.c.obj
 .time_critical.dcd_rp2040_irq
                0x20000638      0x510 CMakeFiles/blink.dir/Users/ycc-yfb/pico/pico-sdk/lib/tinyusb/src/portable/raspberrypi/rp2040/dcd_rp2040.c.obj
 .time_critical.e15_is_bulkin_ep
                0x20000b48       0x28 CMakeFiles/blink.dir/Users/ycc-yfb/pico/pico-sdk/lib/tinyusb/src/portable/raspberrypi/rp2040/rp2040_usb.c.obj
 .time_critical.e15_is_critical_frame_period
                0x20000b70       0x34 CMakeFiles/blink.dir/Users/ycc-yfb/pico/pico-sdk/lib/tinyusb/src/portable/raspberrypi/rp2040/rp2040_usb.c.obj
 .time_critical.prepare_ep_buffer
                0x20000ba4       0x6c CMakeFiles/blink.dir/Users/ycc-yfb/pico/pico-sdk/lib/tinyusb/src/portable/raspberrypi/rp2040/rp2040_usb.c.obj
 .time_critical.sync_ep_buffer
                0x20000c10       0x48 CMakeFiles/blink.dir/Users/ycc-yfb/pico/pico-sdk/lib/tinyusb/src/portable/raspberrypi/rp2040/rp2040_usb.c.obj
 .time_critical._hw_endpoint_xfer_sync
                0x20000c58       0x28 CMakeFiles/blink.dir/Users/ycc-yfb/pico/pico-sdk/lib/tinyusb/src/portable/raspberrypi/rp2040/rp2040_usb.c.obj
 .time_critical.hw_endpoint_reset_transfer
                0x20000c80        0xc CMakeFiles/blink.dir/Users/ycc-yfb/pico/pico-sdk/lib/tinyusb/src/portable/raspberrypi/rp2040/rp2040_usb.c.obj
                0x20000c80                hw_endpoint_reset_transfer
 .time_critical._hw_endpoint_buffer_control_update32
                0x20000c8c       0x58 CMakeFiles/blink.dir/Users/ycc-yfb/pico/pico-sdk/lib/tinyusb/src/portable/raspberrypi/rp2040/rp2040_usb.c.obj
                0x20000c8c                _hw_endpoint_buffer_control_update32
 .time_critical.hw_endpoint_start_next_buffer
                0x20000ce4       0x6c CMakeFiles/blink.dir/Users/ycc-yfb/pico/pico-sdk/lib/tinyusb/src/portable/raspberrypi/rp2040/rp2040_usb.c.obj
                0x20000ce4                hw_endpoint_start_next_buffer
 .time_critical.hw_endpoint_xfer_continue
                0x20000d50       0x50 CMakeFiles/blink.dir/Users/ycc-yfb/pico/pico-sdk/lib/tinyusb/src/portable/raspberrypi/rp2040/rp2040_usb.c.obj
                0x20000d50                hw_endpoint_xfer_continue
 .time_critical.tinyusb
                0x20000da0      0x16c CMakeFiles/blink.dir/Users/ycc-yfb/pico/pico-sdk/lib/tinyusb/src/device/usbd.c.obj
                0x20000da0                dcd_event_handler
 *(.text*)
 .text          0x20000f0c        0x4 /Applications/ArmGNUToolchain/13.2.Rel1/arm-none-eabi/bin/../lib/gcc/arm-none-eabi/13.2.1/thumb/v6-m/nofp/libgcc.a(_dvmd_tls.o)
                0x20000f0c                __aeabi_ldiv0
                0x20000f0c                __aeabi_idiv0
 .text.__stub   0x20000f10       0x70 linker stubs
                0x20000f80                        . = ALIGN (0x4)
 *(.rodata*)
                0x20000f80                        . = ALIGN (0x4)
 *(.data*)
 .data.striped_spin_lock_num
                0x20000f80        0x1 CMakeFiles/blink.dir/Users/ycc-yfb/pico/pico-sdk/src/rp2_common/hardware_sync/sync.c.obj
 *fill*         0x20000f81        0x3 
 .data          0x20000f84       0x48 CMakeFiles/blink.dir/Users/ycc-yfb/pico/pico-sdk/src/rp2_common/hardware_irq/irq_handler_chain.S.obj
                0x20000f84                irq_handler_chain_slots
                0x20000fb4                irq_handler_chain_first_slot
                0x20000fbe                irq_handler_chain_remove_tail
 .data.default_alarm_pool
                0x20000fcc       0x18 CMakeFiles/blink.dir/Users/ycc-yfb/pico/pico-sdk/src/common/pico_time/time.c.obj
 .data.default_alarm_pool_heap
                0x20000fe4       0x10 CMakeFiles/blink.dir/Users/ycc-yfb/pico/pico-sdk/src/common/pico_time/time.c.obj
 *fill*         0x20000ff4        0xc 
 .data.aeabi_bits_funcs
                0x20001000       0x10 CMakeFiles/blink.dir/Users/ycc-yfb/pico/pico-sdk/src/rp2_common/pico_bit_ops/bit_ops_aeabi.S.obj
                0x20001000                aeabi_bits_funcs
                0x20001010                aeabi_bits_funcs_end
 .data.aeabi_mem_funcs
                0x20001010       0x10 CMakeFiles/blink.dir/Users/ycc-yfb/pico/pico-sdk/src/rp2_common/pico_mem_ops/mem_ops_aeabi.S.obj
                0x20001010                aeabi_mem_funcs
                0x20001020                aeabi_mem_funcs_end
 .data.stdio_usb
                0x20001020       0x18 CMakeFiles/blink.dir/Users/ycc-yfb/pico/pico-sdk/src/rp2_common/pico_stdio_usb/stdio_usb.c.obj
                0x20001020                stdio_usb
 .data.ep_dir_string
                0x20001038        0x8 CMakeFiles/blink.dir/Users/ycc-yfb/pico/pico-sdk/lib/tinyusb/src/portable/raspberrypi/rp2040/rp2040_usb.c.obj
                0x20001038                ep_dir_string
 .data._usbd_qdef
                0x20001040       0x1c CMakeFiles/blink.dir/Users/ycc-yfb/pico/pico-sdk/lib/tinyusb/src/device/usbd.c.obj
                0x20001040                _usbd_qdef
 .data._usbd_rhport
                0x2000105c        0x1 CMakeFiles/blink.dir/Users/ycc-yfb/pico/pico-sdk/lib/tinyusb/src/device/usbd.c.obj
 *fill*         0x2000105d        0x3 
 .data.cyw43_poll_worker
                0x20001060       0x10 CMakeFiles/blink.dir/Users/ycc-yfb/pico/pico-sdk/src/rp2_common/pico_cyw43_driver/cyw43_driver.c.obj
 .data.sleep_timeout_worker
                0x20001070       0x18 CMakeFiles/blink.dir/Users/ycc-yfb/pico/pico-sdk/src/rp2_common/pico_cyw43_driver/cyw43_driver.c.obj
                0x20001088                        . = ALIGN (0x4)
 *(.after_data.*)
                0x20001088                        . = ALIGN (0x4)
                0x20001088                        PROVIDE (__mutex_array_start = .)
 *(SORT_BY_NAME(.mutex_array.*))
 *(.mutex_array)
 .mutex_array   0x20001088        0x8 CMakeFiles/blink.dir/Users/ycc-yfb/pico/pico-sdk/src/rp2_common/pico_stdio/stdio.c.obj
                0x20001090                        PROVIDE (__mutex_array_end = .)
                0x20001090                        . = ALIGN (0x4)
                0x20001090                        PROVIDE (__preinit_array_start = .)
 *(SORT_BY_NAME(.preinit_array.*))
 .preinit_array.00001
                0x20001090        0x4 CMakeFiles/blink.dir/Users/ycc-yfb/pico/pico-sdk/src/rp2_common/pico_mem_ops/mem_ops_aeabi.S.obj
 .preinit_array.00010
                0x20001094        0x4 CMakeFiles/blink.dir/Users/ycc-yfb/pico/pico-sdk/src/rp2_common/pico_bit_ops/bit_ops_aeabi.S.obj
 .preinit_array.00020
                0x20001098        0x4 CMakeFiles/blink.dir/Users/ycc-yfb/pico/pico-sdk/src/rp2_common/pico_double/double_aeabi.S.obj
 .preinit_array.00020
                0x2000109c        0x4 CMakeFiles/blink.dir/Users/ycc-yfb/pico/pico-sdk/src/rp2_common/pico_float/float_aeabi.S.obj
 *(.preinit_array)
                0x200010a0                        PROVIDE (__preinit_array_end = .)
                0x200010a0                        . = ALIGN (0x4)
                0x200010a0                        PROVIDE (__init_array_start = .)
 *(SORT_BY_NAME(.init_array.*))
 *(.init_array)
 .init_array    0x200010a0        0x4 /Applications/ArmGNUToolchain/13.2.Rel1/arm-none-eabi/bin/../lib/gcc/arm-none-eabi/13.2.1/thumb/v6-m/nofp/crtbegin.o
 .init_array    0x200010a4        0x4 CMakeFiles/blink.dir/Users/ycc-yfb/pico/pico-sdk/src/rp2_common/pico_unique_id/unique_id.c.obj
                0x200010a8                        PROVIDE (__init_array_end = .)
                0x200010a8                        . = ALIGN (0x4)
                [!provide]                        PROVIDE (__fini_array_start = .)
 *(SORT_BY_NAME(.fini_array.*))
 *(.fini_array)
                [!provide]                        PROVIDE (__fini_array_end = .)
 *(.jcr)
                0x200010a8                        . = ALIGN (0x4)
                0x200010a8                        __data_end__ = .
                0x100421d0                        __etext = LOADADDR (.data)

.tm_clone_table
                0x200010a8        0x0 load address 0x100431b8
 .tm_clone_table
                0x200010a8        0x0 /Applications/ArmGNUToolchain/13.2.Rel1/arm-none-eabi/bin/../lib/gcc/arm-none-eabi/13.2.1/thumb/v6-m/nofp/crtbegin.o
 .tm_clone_table
                0x200010a8        0x0 /Applications/ArmGNUToolchain/13.2.Rel1/arm-none-eabi/bin/../lib/gcc/arm-none-eabi/13.2.1/thumb/v6-m/nofp/crtend.o

.igot.plt       0x200010a8        0x0 load address 0x100431b8
 .igot.plt      0x200010a8        0x0 /Applications/ArmGNUToolchain/13.2.Rel1/arm-none-eabi/bin/../lib/gcc/arm-none-eabi/13.2.1/thumb/v6-m/nofp/crtbegin.o

.uninitialized_data
                0x200010a8        0x0 load address 0x100431b8
                0x200010a8                        . = ALIGN (0x4)
 *(.uninitialized_data*)

.scratch_x      0x20040000        0x0 load address 0x100431b8
                0x20040000                        __scratch_x_start__ = .
 *(.scratch_x.*)
                0x20040000                        . = ALIGN (0x4)
                0x20040000                        __scratch_x_end__ = .
                0x100431b8                        __scratch_x_source__ = LOADADDR (.scratch_x)

.scratch_y      0x20041000        0x0 load address 0x100431b8
                0x20041000                        __scratch_y_start__ = .
 *(.scratch_y.*)
                0x20041000                        . = ALIGN (0x4)
                0x20041000                        __scratch_y_end__ = .
                0x100431b8                        __scratch_y_source__ = LOADADDR (.scratch_y)

.bss            0x200010a8     0x1704
                0x200010a8                        . = ALIGN (0x4)
                0x200010a8                        __bss_start__ = .
 *(SORT_BY_ALIGNMENT(SORT_BY_NAME(.bss*)))
 .bss.configured_freq
                0x200010a8       0x28 CMakeFiles/blink.dir/Users/ycc-yfb/pico/pico-sdk/src/rp2_common/hardware_clocks/clocks.c.obj
 .bss.cyw43_async_context_threadsafe_background
                0x200010d0       0x48 CMakeFiles/blink.dir/Users/ycc-yfb/pico/pico-sdk/src/rp2_common/pico_cyw43_arch/cyw43_arch_threadsafe_background.c.obj
 .bss.default_alarm_pool_entries
                0x20001118      0x100 CMakeFiles/blink.dir/Users/ycc-yfb/pico/pico-sdk/src/common/pico_time/time.c.obj
 .bss.last_avail_time.1