Archive member included to satisfy reference by file (symbol)

/Applications/ArmGNUToolchain/13.2.Rel1/arm-none-eabi/bin/../lib/gcc/arm-none-eabi/13.2.1/thumb/v6-m/nofp/libgcc.a(_dvmd_tls.o)
                              CMakeFiles/pwm_led_fade.dir/Users/ycc-yfb/pico/pico-sdk/src/rp2_common/pico_divider/divider.S.obj (__aeabi_idiv0)
/Applications/ArmGNUToolchain/13.2.Rel1/arm-none-eabi/bin/../lib/gcc/arm-none-eabi/13.2.1/../../../../arm-none-eabi/lib/thumb/v6-m/nofp/libc.a(libc_a-calloc.o)
                              CMakeFiles/pwm_led_fade.dir/Users/ycc-yfb/pico/pico-sdk/src/rp2_common/pico_malloc/pico_malloc.c.obj (calloc)
/Applications/ArmGNUToolchain/13.2.Rel1/arm-none-eabi/bin/../lib/gcc/arm-none-eabi/13.2.1/../../../../arm-none-eabi/lib/thumb/v6-m/nofp/libc.a(libc_a-callocr.o)
                              /Applications/ArmGNUToolchain/13.2.Rel1/arm-none-eabi/bin/../lib/gcc/arm-none-eabi/13.2.1/../../../../arm-none-eabi/lib/thumb/v6-m/nofp/libc.a(libc_a-calloc.o) (_calloc_r)
/Applications/ArmGNUToolchain/13.2.Rel1/arm-none-eabi/bin/../lib/gcc/arm-none-eabi/13.2.1/../../../../arm-none-eabi/lib/thumb/v6-m/nofp/libc.a(libc_a-malloc.o)
                              CMakeFiles/pwm_led_fade.dir/Users/ycc-yfb/pico/pico-sdk/src/rp2_common/pico_malloc/pico_malloc.c.obj (malloc)
/Applications/ArmGNUToolchain/13.2.Rel1/arm-none-eabi/bin/../lib/gcc/arm-none-eabi/13.2.1/../../../../arm-none-eabi/lib/thumb/v6-m/nofp/libc.a(libc_a-mallocr.o)
                              /Applications/ArmGNUToolchain/13.2.Rel1/arm-none-eabi/bin/../lib/gcc/arm-none-eabi/13.2.1/../../../../arm-none-eabi/lib/thumb/v6-m/nofp/libc.a(libc_a-callocr.o) (_malloc_r)
/Applications/ArmGNUToolchain/13.2.Rel1/arm-none-eabi/bin/../lib/gcc/arm-none-eabi/13.2.1/../../../../arm-none-eabi/lib/thumb/v6-m/nofp/libc.a(libc_a-mlock.o)
                              /Applications/ArmGNUToolchain/13.2.Rel1/arm-none-eabi/bin/../lib/gcc/arm-none-eabi/13.2.1/../../../../arm-none-eabi/lib/thumb/v6-m/nofp/libc.a(libc_a-mallocr.o) (__malloc_lock)
/Applications/ArmGNUToolchain/13.2.Rel1/arm-none-eabi/bin/../lib/gcc/arm-none-eabi/13.2.1/../../../../arm-none-eabi/lib/thumb/v6-m/nofp/libc.a(libc_a-realloc.o)
                              CMakeFiles/pwm_led_fade.dir/Users/ycc-yfb/pico/pico-sdk/src/rp2_common/pico_malloc/pico_malloc.c.obj (realloc)
/Applications/ArmGNUToolchain/13.2.Rel1/arm-none-eabi/bin/../lib/gcc/arm-none-eabi/13.2.1/../../../../arm-none-eabi/lib/thumb/v6-m/nofp/libc.a(libc_a-reallocr.o)
                              /Applications/ArmGNUToolchain/13.2.Rel1/arm-none-eabi/bin/../lib/gcc/arm-none-eabi/13.2.1/../../../../arm-none-eabi/lib/thumb/v6-m/nofp/libc.a(libc_a-realloc.o) (_realloc_r)
/Applications/ArmGNUToolchain/13.2.Rel1/arm-none-eabi/bin/../lib/gcc/arm-none-eabi/13.2.1/../../../../arm-none-eabi/lib/thumb/v6-m/nofp/libc.a(libc_a-memcmp.o)
                              CMakeFiles/pwm_led_fade.dir/Users/ycc-yfb/pico/pico-sdk/lib/cyw43-driver/src/cyw43_ll.c.obj (memcmp)
/Applications/ArmGNUToolchain/13.2.Rel1/arm-none-eabi/bin/../lib/gcc/arm-none-eabi/13.2.1/../../../../arm-none-eabi/lib/thumb/v6-m/nofp/libc.a(libc_a-memmove.o)
                              CMakeFiles/pwm_led_fade.dir/Users/ycc-yfb/pico/pico-sdk/lib/cyw43-driver/src/cyw43_ll.c.obj (memmove)
/Applications/ArmGNUToolchain/13.2.Rel1/arm-none-eabi/bin/../lib/gcc/arm-none-eabi/13.2.1/../../../../arm-none-eabi/lib/thumb/v6-m/nofp/libc.a(libc_a-strncmp.o)
                              CMakeFiles/pwm_led_fade.dir/Users/ycc-yfb/pico/pico-sdk/lib/cyw43-driver/src/cyw43_ll.c.obj (strncmp)
/Applications/ArmGNUToolchain/13.2.Rel1/arm-none-eabi/bin/../lib/gcc/arm-none-eabi/13.2.1/../../../../arm-none-eabi/lib/thumb/v6-m/nofp/libc.a(libc_a-impure.o)
                              /Applications/ArmGNUToolchain/13.2.Rel1/arm-none-eabi/bin/../lib/gcc/arm-none-eabi/13.2.1/../../../../arm-none-eabi/lib/thumb/v6-m/nofp/libc.a(libc_a-calloc.o) (_impure_ptr)
/Applications/ArmGNUToolchain/13.2.Rel1/arm-none-eabi/bin/../lib/gcc/arm-none-eabi/13.2.1/../../../../arm-none-eabi/lib/thumb/v6-m/nofp/libc.a(libc_a-sbrkr.o)
                              /Applications/ArmGNUToolchain/13.2.Rel1/arm-none-eabi/bin/../lib/gcc/arm-none-eabi/13.2.1/../../../../arm-none-eabi/lib/thumb/v6-m/nofp/libc.a(libc_a-mallocr.o) (_sbrk_r)
/Applications/ArmGNUToolchain/13.2.Rel1/arm-none-eabi/bin/../lib/gcc/arm-none-eabi/13.2.1/../../../../arm-none-eabi/lib/thumb/v6-m/nofp/libc.a(libc_a-errno.o)
                              /Applications/ArmGNUToolchain/13.2.Rel1/arm-none-eabi/bin/../lib/gcc/arm-none-eabi/13.2.1/../../../../arm-none-eabi/lib/thumb/v6-m/nofp/libc.a(libc_a-callocr.o) (__errno)
/Applications/ArmGNUToolchain/13.2.Rel1/arm-none-eabi/bin/../lib/gcc/arm-none-eabi/13.2.1/../../../../arm-none-eabi/lib/thumb/v6-m/nofp/libc.a(libc_a-sysconf.o)
[...]
Memory Configuration

Name             Origin             Length             Attributes
FLASH            0x10000000         0x00200000         xr
RAM              0x20000000         0x00040000         xrw
SCRATCH_X        0x20040000         0x00001000         xrw
SCRATCH_Y        0x20041000         0x00001000         xrw
*default*        0x00000000         0xffffffff

Linker script and memory map

LOAD /Applications/ArmGNUToolchain/13.2.Rel1/arm-none-eabi/bin/../lib/gcc/arm-none-eabi/13.2.1/thumb/v6-m/nofp/crti.o
LOAD /Applications/ArmGNUToolchain/13.2.Rel1/arm-none-eabi/bin/../lib/gcc/arm-none-eabi/13.2.1/thumb/v6-m/nofp/crtbegin.o
LOAD /Applications/ArmGNUToolchain/13.2.Rel1/arm-none-eabi/bin/../lib/gcc/arm-none-eabi/13.2.1/../../../../arm-none-eabi/lib/thumb/v6-m/nofp/crt0.o

.flash_begin    0x10000000        0x0
                0x10000000                        __flash_binary_start = .

.boot2          0x10000000      0x100
                0x10000000                        __boot2_start__ = .
 *(.boot2)
 .boot2         0x10000000      0x100 /var/folders/g7/lmy6cnzn3ns6pdyr95mp5mp00000gn/T//ccCS7RLb.o
                0x10000100                        __boot2_end__ = .
                0x00000001                        ASSERT (((__boot2_end__ - __boot2_start__) == 0x100), ERROR: Pico second stage bootloader must be 256 bytes in size)

.text           0x10000100     0x3ba8
                0x10000100                        __logical_binary_start = .
 *(.vectors)
 .vectors       0x10000100       0xd4 CMakeFiles/pwm_led_fade.dir/Users/ycc-yfb/pico/pico-sdk/src/rp2_common/pico_standard_link/crt0.S.obj
                0x10000100                __VECTOR_TABLE
                0x10000100                __vectors
                0x100001c0                __default_isrs_start
                0x100001c0                isr_invalid
                0x100001c2                isr_nmi
                0x100001c4                isr_hardfault
                0x100001c6                isr_svcall
                0x100001c8                isr_pendsv
                0x100001ca                isr_systick
                0x100001cc                isr_irq28
                0x100001cc                isr_irq19
                0x100001cc                isr_irq0
                0x100001cc                isr_irq6
                0x100001cc                isr_irq22
                0x100001cc                isr_irq17
                0x100001cc                isr_irq14
                0x100001cc                isr_irq2
                0x100001cc                isr_irq10
                0x100001cc                isr_irq8
                0x100001cc                isr_irq24
                0x100001cc                isr_irq1
                0x100001cc                isr_irq7
                0x100001cc                isr_irq21
                0x100001cc                isr_irq20
                0x100001cc                isr_irq15
                0x100001cc                isr_irq25
                0x100001cc                isr_irq4
                0x100001cc                isr_irq16
                0x100001cc                isr_irq29
                0x100001cc                isr_irq26
                0x100001cc                __default_isrs_end
                0x100001cc                isr_irq3
                0x100001cc                isr_irq9
                0x100001cc                __unhandled_user_irq
                0x100001cc                isr_irq13
                0x100001cc                isr_irq27
                0x100001cc                isr_irq31
                0x100001cc                isr_irq5
                0x100001cc                isr_irq11
                0x100001cc                isr_irq23
                0x100001cc                isr_irq18
                0x100001cc                isr_irq30
                0x100001cc                isr_irq12
                0x100001d2                unhandled_user_irq_num_in_r0
 *(.binary_info_header)
 .binary_info_header
                0x100001d4       0x14 CMakeFiles/pwm_led_fade.dir/Users/ycc-yfb/pico/pico-sdk/src/rp2_common/pico_standard_link/crt0.S.obj
                0x100001e8                        __binary_info_header_end = .
 *(.reset)
 .reset         0x100001e8       0xa0 CMakeFiles/pwm_led_fade.dir/Users/ycc-yfb/pico/pico-sdk/src/rp2_common/pico_standard_link/crt0.S.obj
                0x100001e8                _entry_point
 .reset         0x10000288       0x30 CMakeFiles/pwm_led_fade.dir/Users/ycc-yfb/pico/pico-sdk/src/rp2_common/pico_standard_link/binary_info.c.obj
 *(.init)
 .init          0x100002b8        0x4 /Applications/ArmGNUToolchain/13.2.Rel1/arm-none-eabi/bin/../lib/gcc/arm-none-eabi/13.2.1/thumb/v6-m/nofp/crti.o
                0x100002b8                _init
 *(EXCLUDE_FILE(*libm.a: *libc.a:*lib_a-mem*.o *libgcc.a:) .text*)
 .text.register_tm_clones
                0x100002bc       0x28 /Applications/ArmGNUToolchain/13.2.Rel1/arm-none-eabi/bin/../lib/gcc/arm-none-eabi/13.2.1/thumb/v6-m/nofp/crtbegin.o
 .text.frame_dummy
                0x100002e4       0x24 /Applications/ArmGNUToolchain/13.2.Rel1/arm-none-eabi/bin/../lib/gcc/arm-none-eabi/13.2.1/thumb/v6-m/nofp/crtbegin.o
 .text.on_pwm_wrap
                0x10000308       0x7c CMakeFiles/pwm_led_fade.dir/pwm_led_fade.c.obj
                0x10000308                on_pwm_wrap
 .text.startup.main
                0x10000384       0x4c CMakeFiles/pwm_led_fade.dir/pwm_led_fade.c.obj
                0x10000384                main
 .text.gpio_set_function
                0x100003d0       0x30 CMakeFiles/pwm_led_fade.dir/Users/ycc-yfb/pico/pico-sdk/src/rp2_common/hardware_gpio/gpio.c.obj
                0x100003d0                gpio_set_function
 .text.running_on_fpga
                0x10000400       0x10 CMakeFiles/pwm_led_fade.dir/Users/ycc-yfb/pico/pico-sdk/src/rp2_common/pico_platform/platform.c.obj
                0x10000400                running_on_fpga
 .text.hw_claim_or_assert
                0x10000410       0x44 CMakeFiles/pwm_led_fade.dir/Users/ycc-yfb/pico/pico-sdk/src/rp2_common/hardware_claim/claim.c.obj
                0x10000410                hw_claim_or_assert
 .text.spin_locks_reset
                0x10000454       0x1c CMakeFiles/pwm_led_fade.dir/Users/ycc-yfb/pico/pico-sdk/src/rp2_common/hardware_sync/sync.c.obj
                0x10000454                spin_locks_reset
 .text.next_striped_spin_lock_num
                0x10000470       0x18 CMakeFiles/pwm_led_fade.dir/Users/ycc-yfb/pico/pico-sdk/src/rp2_common/hardware_sync/sync.c.obj
                0x10000470                next_striped_spin_lock_num
 .text.irq_set_enabled
                0x10000488       0x24 CMakeFiles/pwm_led_fade.dir/Users/ycc-yfb/pico/pico-sdk/src/rp2_common/hardware_irq/irq.c.obj
                0x10000488                irq_set_enabled
 .text.irq_get_vtable_handler
                0x100004ac       0x10 CMakeFiles/pwm_led_fade.dir/Users/ycc-yfb/pico/pico-sdk/src/rp2_common/hardware_irq/irq.c.obj
                0x100004ac                irq_get_vtable_handler
 .text.irq_set_exclusive_handler
                0x100004bc       0x54 CMakeFiles/pwm_led_fade.dir/Users/ycc-yfb/pico/pico-sdk/src/rp2_common/hardware_irq/irq.c.obj
                0x100004bc                irq_set_exclusive_handler
 .text.irq_remove_handler
                0x10000510      0x1c4 CMakeFiles/pwm_led_fade.dir/Users/ycc-yfb/pico/pico-sdk/src/rp2_common/hardware_irq/irq.c.obj
                0x10000510                irq_remove_handler
 .text.irq_add_tail_to_free_list
                0x100006d4       0xb4 CMakeFiles/pwm_led_fade.dir/Users/ycc-yfb/pico/pico-sdk/src/rp2_common/hardware_irq/irq.c.obj
                0x100006d4                irq_add_tail_to_free_list
 .text.irq_init_priorities
                0x10000788       0x24 CMakeFiles/pwm_led_fade.dir/Users/ycc-yfb/pico/pico-sdk/src/rp2_common/hardware_irq/irq.c.obj
                0x10000788                irq_init_priorities
 .text.lock_init
                0x100007ac       0x10 CMakeFiles/pwm_led_fade.dir/Users/ycc-yfb/pico/pico-sdk/src/common/pico_sync/lock_core.c.obj
                0x100007ac                lock_init
 .text.mutex_init
                0x100007bc       0x1c CMakeFiles/pwm_led_fade.dir/Users/ycc-yfb/pico/pico-sdk/src/common/pico_sync/mutex.c.obj
                0x100007bc                mutex_init
 .text.recursive_mutex_init
                0x100007d8       0x1c CMakeFiles/pwm_led_fade.dir/Users/ycc-yfb/pico/pico-sdk/src/common/pico_sync/mutex.c.obj
                0x100007d8                recursive_mutex_init
 .text.timer_pool_entry_comparator
                0x100007f4       0x34 CMakeFiles/pwm_led_fade.dir/Users/ycc-yfb/pico/pico-sdk/src/common/pico_time/time.c.obj
                0x100007f4                timer_pool_entry_comparator
 .text.sleep_until_callback
                0x10000828       0x30 CMakeFiles/pwm_led_fade.dir/Users/ycc-yfb/pico/pico-sdk/src/common/pico_time/time.c.obj
 .text.add_alarm_under_lock.isra.0
                0x10000858      0x100 CMakeFiles/pwm_led_fade.dir/Users/ycc-yfb/pico/pico-sdk/src/common/pico_time/time.c.obj
 .text.alarm_pool_alarm_callback
                0x10000958      0x1c0 CMakeFiles/pwm_led_fade.dir/Users/ycc-yfb/pico/pico-sdk/src/common/pico_time/time.c.obj
 .text.alarm_pool_init_default
                0x10000b18       0x6c CMakeFiles/pwm_led_fade.dir/Users/ycc-yfb/pico/pico-sdk/src/common/pico_time/time.c.obj
                0x10000b18                alarm_pool_init_default
 .text.alarm_pool_add_alarm_at
                0x10000b84      0x17c CMakeFiles/pwm_led_fade.dir/Users/ycc-yfb/pico/pico-sdk/src/common/pico_time/time.c.obj
                0x10000b84                alarm_pool_add_alarm_at
 .text.best_effort_wfe_or_timeout
                0x10000d00       0xcc CMakeFiles/pwm_led_fade.dir/Users/ycc-yfb/pico/pico-sdk/src/common/pico_time/time.c.obj
                0x10000d00                best_effort_wfe_or_timeout
 .text.hardware_alarm_irq_handler
                0x10000dcc       0xbc CMakeFiles/pwm_led_fade.dir/Users/ycc-yfb/pico/pico-sdk/src/rp2_common/hardware_timer/timer.c.obj
 .text.hardware_alarm_claim
                0x10000e88       0x18 CMakeFiles/pwm_led_fade.dir/Users/ycc-yfb/pico/pico-sdk/src/rp2_common/hardware_timer/timer.c.obj
                0x10000e88                hardware_alarm_claim
 .text.time_us_64
                0x10000ea0       0x14 CMakeFiles/pwm_led_fade.dir/Users/ycc-yfb/pico/pico-sdk/src/rp2_common/hardware_timer/timer.c.obj
                0x10000ea0                time_us_64
 .text.hardware_alarm_set_callback
                0x10000eb4       0x8c CMakeFiles/pwm_led_fade.dir/Users/ycc-yfb/pico/pico-sdk/src/rp2_common/hardware_timer/timer.c.obj
                0x10000eb4                hardware_alarm_set_callback
 .text.hardware_alarm_set_target
                0x10000f40       0xd0 CMakeFiles/pwm_led_fade.dir/Users/ycc-yfb/pico/pico-sdk/src/rp2_common/hardware_timer/timer.c.obj
                0x10000f40                hardware_alarm_set_target
 .text.hardware_alarm_cancel
                0x10001010       0x3c CMakeFiles/pwm_led_fade.dir/Users/ycc-yfb/pico/pico-sdk/src/rp2_common/hardware_timer/timer.c.obj
                0x10001010                hardware_alarm_cancel
 .text.ph_merge_nodes
                0x1000104c       0x58 CMakeFiles/pwm_led_fade.dir/Users/ycc-yfb/pico/pico-sdk/src/common/pico_util/pheap.c.obj
 .text.ph_post_alloc_init
                0x100010a4       0x3c CMakeFiles/pwm_led_fade.dir/Users/ycc-yfb/pico/pico-sdk/src/common/pico_util/pheap.c.obj
                0x100010a4                ph_post_alloc_init
 .text.ph_merge_two_pass
                0x100010e0       0x8c CMakeFiles/pwm_led_fade.dir/Users/ycc-yfb/pico/pico-sdk/src/common/pico_util/pheap.c.obj
                0x100010e0                ph_merge_two_pass
 .text.ph_remove_any_head
                0x1000116c      0x100 CMakeFiles/pwm_led_fade.dir/Users/ycc-yfb/pico/pico-sdk/src/common/pico_util/pheap.c.obj
 .text.ph_remove_head
                0x1000126c      0x104 CMakeFiles/pwm_led_fade.dir/Users/ycc-yfb/pico/pico-sdk/src/common/pico_util/pheap.c.obj
                0x1000126c                ph_remove_head
 .text.ph_remove_and_free_node
                0x10001370       0x78 CMakeFiles/pwm_led_fade.dir/Users/ycc-yfb/pico/pico-sdk/src/common/pico_util/pheap.c.obj
                0x10001370                ph_remove_and_free_node
 .text.clocks_init
                0x100013e8      0x2c8 CMakeFiles/pwm_led_fade.dir/Users/ycc-yfb/pico/pico-sdk/src/rp2_common/hardware_clocks/clocks.c.obj
                0x100013e8                clocks_init
 .text.pll_init
                0x100016b0       0xa4 CMakeFiles/pwm_led_fade.dir/Users/ycc-yfb/pico/pico-sdk/src/rp2_common/hardware_pll/pll.c.obj
                0x100016b0                pll_init
 .text.watchdog_start_tick
                0x10001754       0x10 CMakeFiles/pwm_led_fade.dir/Users/ycc-yfb/pico/pico-sdk/src/rp2_common/hardware_watchdog/watchdog.c.obj
                0x10001754                watchdog_start_tick
 .text.xosc_init
                0x10001764       0x28 CMakeFiles/pwm_led_fade.dir/Users/ycc-yfb/pico/pico-sdk/src/rp2_common/hardware_xosc/xosc.c.obj
                0x10001764                xosc_init
 .text.runtime_init
                0x1000178c       0xf0 CMakeFiles/pwm_led_fade.dir/Users/ycc-yfb/pico/pico-sdk/src/rp2_common/pico_runtime/runtime.c.obj
                0x1000178c                runtime_init
 .text._exit    0x1000187c        0x4 CMakeFiles/pwm_led_fade.dir/Users/ycc-yfb/pico/pico-sdk/src/rp2_common/pico_runtime/runtime.c.obj
                0x1000187c                _exit
 .text.exit     0x10001880        0x8 CMakeFiles/pwm_led_fade.dir/Users/ycc-yfb/pico/pico-sdk/src/rp2_common/pico_runtime/runtime.c.obj
                0x10001880                exit
 .text.panic    0x10001888       0x30 CMakeFiles/pwm_led_fade.dir/Users/ycc-yfb/pico/pico-sdk/src/rp2_common/pico_runtime/runtime.c.obj
                0x10001888                panic
 .text.hard_assertion_failure
                0x100018b8        0xc CMakeFiles/pwm_led_fade.dir/Users/ycc-yfb/pico/pico-sdk/src/rp2_common/pico_runtime/runtime.c.obj
                0x100018b8                hard_assertion_failure
 .text._out_null
                0x100018c4        0x4 CMakeFiles/pwm_led_fade.dir/Users/ycc-yfb/pico/pico-sdk/src/rp2_common/pico_printf/printf.c.obj
 .text._out_rev
                0x100018c8       0xac CMakeFiles/pwm_led_fade.dir/Users/ycc-yfb/pico/pico-sdk/src/rp2_common/pico_printf/printf.c.obj
 .text._ntoa_format
                0x10001974      0x250 CMakeFiles/pwm_led_fade.dir/Users/ycc-yfb/pico/pico-sdk/src/rp2_common/pico_printf/printf.c.obj
 .text._out_char
                0x10001bc4       0x10 CMakeFiles/pwm_led_fade.dir/Users/ycc-yfb/pico/pico-sdk/src/rp2_common/pico_printf/printf.c.obj
 .text._out_fct
                0x10001bd4       0x10 CMakeFiles/pwm_led_fade.dir/Users/ycc-yfb/pico/pico-sdk/src/rp2_common/pico_printf/printf.c.obj
 .text._etoa    0x10001be4      0x464 CMakeFiles/pwm_led_fade.dir/Users/ycc-yfb/pico/pico-sdk/src/rp2_common/pico_printf/printf.c.obj
 .text._ftoa    0x10002048      0x3c0 CMakeFiles/pwm_led_fade.dir/Users/ycc-yfb/pico/pico-sdk/src/rp2_common/pico_printf/printf.c.obj
 .text._vsnprintf
                0x10002408      0xbc8 CMakeFiles/pwm_led_fade.dir/Users/ycc-yfb/pico/pico-sdk/src/rp2_common/pico_printf/printf.c.obj
 .text.vfctprintf
                0x10002fd0       0x20 CMakeFiles/pwm_led_fade.dir/Users/ycc-yfb/pico/pico-sdk/src/rp2_common/pico_printf/printf.c.obj
                0x10002fd0                vfctprintf
 .text.weak_raw_vprintf
                0x10002ff0       0x30 CMakeFiles/pwm_led_fade.dir/Users/ycc-yfb/pico/pico-sdk/src/rp2_common/pico_printf/printf.c.obj
                0x10002ff0                weak_raw_vprintf
 .text          0x10003020       0x10 CMakeFiles/pwm_led_fade.dir/Users/ycc-yfb/pico/pico-sdk/src/rp2_common/pico_bit_ops/bit_ops_aeabi.S.obj
 .text.rom_func_lookup
                0x10003030       0x10 CMakeFiles/pwm_led_fade.dir/Users/ycc-yfb/pico/pico-sdk/src/rp2_common/pico_bootrom/bootrom.c.obj
                0x10003030                rom_func_lookup
 .text.rom_data_lookup
                0x10003040       0x10 CMakeFiles/pwm_led_fade.dir/Users/ycc-yfb/pico/pico-sdk/src/rp2_common/pico_bootrom/bootrom.c.obj
                0x10003040                rom_data_lookup
 .text.rom_funcs_lookup
                0x10003050       0x44 CMakeFiles/pwm_led_fade.dir/Users/ycc-yfb/pico/pico-sdk/src/rp2_common/pico_bootrom/bootrom.c.obj
                0x10003050                rom_funcs_lookup
 .text.__wrap___aeabi_idiv
                0x10003094       0x50 CMakeFiles/pwm_led_fade.dir/Users/ycc-yfb/pico/pico-sdk/src/rp2_common/pico_divider/divider.S.obj
                0x10003094                __wrap___aeabi_idivmod
                0x10003094                divmod_s32s32
                0x10003094                div_s32s32
                0x10003094                __wrap___aeabi_idiv
                0x1000309c                divmod_s32s32_unsafe
                0x100030c8                divmod_s32s32_savestate
 .text.__wrap___aeabi_uidiv
                0x100030e4       0x4c CMakeFiles/pwm_led_fade.dir/Users/ycc-yfb/pico/pico-sdk/src/rp2_common/pico_divider/divider.S.obj
                0x100030e4                __wrap___aeabi_uidiv
                0x100030e4                __wrap___aeabi_uidivmod
                0x100030e4                div_u32u32
                0x100030e4                divmod_u32u32
                0x100030ec                divmod_u32u32_unsafe
                0x10003114                divmod_u32u32_savestate
 .text.__wrap___aeabi_ldiv
                0x10003130      0x424 CMakeFiles/pwm_led_fade.dir/Users/ycc-yfb/pico/pico-sdk/src/rp2_common/pico_divider/divider.S.obj
                0x10003130                __wrap___aeabi_ldivmod
                0x10003130                div_s64s64
                0x10003130                divmod_s64s64
                0x10003160                divmod_u64u64
                0x10003160                div_u64u64
                0x10003160                __wrap___aeabi_uldivmod
                0x10003170                divmod_u64u64_savestate
                0x10003190                divmod_s64s64_unsafe
                0x10003218                divmod_u64u64_unsafe
 .text.__wrap___aeabi_darithmetic
                0x10003554       0x60 CMakeFiles/pwm_led_fade.dir/Users/ycc-yfb/pico/pico-sdk/src/rp2_common/pico_double/double_aeabi.S.obj
                0x10003554                __wrap___aeabi_drsub
                0x1000355a                __wrap___aeabi_dsub
                0x10003564                __wrap___aeabi_dadd
                0x1000356e                __wrap___aeabi_ddiv
                0x100035a2                __wrap___aeabi_dmul
 .text.__wrap___aeabi_cdcmple
                0x100035b4       0x6c CMakeFiles/pwm_led_fade.dir/Users/ycc-yfb/pico/pico-sdk/src/rp2_common/pico_double/double_aeabi.S.obj
                0x100035b4                __wrap___aeabi_cdrcmple
                0x100035c4                __wrap___aeabi_cdcmple
                0x100035c4                __wrap___aeabi_cdcmpeq
 .text.__wrap___aeabi_dcmplt
                0x10003620        0xc CMakeFiles/pwm_led_fade.dir/Users/ycc-yfb/pico/pico-sdk/src/rp2_common/pico_double/double_aeabi.S.obj
                0x10003620                __wrap___aeabi_dcmplt
 .text.__wrap___aeabi_dcmpge
                0x1000362c       0x10 CMakeFiles/pwm_led_fade.dir/Users/ycc-yfb/pico/pico-sdk/src/rp2_common/pico_double/double_aeabi.S.obj
                0x1000362c                __wrap___aeabi_dcmpge
 .text.__wrap___aeabi_dcmpgt
                0x1000363c        0xa CMakeFiles/pwm_led_fade.dir/Users/ycc-yfb/pico/pico-sdk/src/rp2_common/pico_double/double_aeabi.S.obj
                0x1000363c                __wrap___aeabi_dcmpgt
 .text.__wrap___aeabi_dcmpun
                0x10003646       0x1c CMakeFiles/pwm_led_fade.dir/Users/ycc-yfb/pico/pico-sdk/src/rp2_common/pico_double/double_aeabi.S.obj
                0x10003646                __wrap___aeabi_dcmpun
 *fill*         0x10003662        0x2 
 .text.__wrap___aeabi_i2d
                0x10003664       0x38 CMakeFiles/pwm_led_fade.dir/Users/ycc-yfb/pico/pico-sdk/src/rp2_common/pico_double/double_aeabi.S.obj
                0x10003664                __wrap___aeabi_ui2d
                0x1000366c                __wrap___aeabi_i2d
 .text.__wrap___aeabi_d2iz
                0x1000369c       0x48 CMakeFiles/pwm_led_fade.dir/Users/ycc-yfb/pico/pico-sdk/src/rp2_common/pico_double/double_aeabi.S.obj
                0x1000369c                __wrap___aeabi_d2iz
                0x1000369c                double2int_z
 .text.__wrap___aeabi_d2uiz
                0x100036e4       0x10 CMakeFiles/pwm_led_fade.dir/Users/ycc-yfb/pico/pico-sdk/src/rp2_common/pico_double/double_aeabi.S.obj
                0x100036e4                double2uint
                0x100036e4                __wrap___aeabi_d2uiz
 .text.missing_double_func_shim
                0x100036f4        0xc CMakeFiles/pwm_led_fade.dir/Users/ycc-yfb/pico/pico-sdk/src/rp2_common/pico_double/double_init_rom.c.obj
 .text.__aeabi_double_init
                0x10003700       0x94 CMakeFiles/pwm_led_fade.dir/Users/ycc-yfb/pico/pico-sdk/src/rp2_common/pico_double/double_init_rom.c.obj
                0x10003700                __aeabi_double_init
 .text.double_table_shim_on_use_helper
                0x10003794       0x2c CMakeFiles/pwm_led_fade.dir/Users/ycc-yfb/pico/pico-sdk/src/rp2_common/pico_double/double_v1_rom_shim.S.obj
                0x10003794                double_table_shim_on_use_helper
 .text.missing_float_func_shim
                0x100037c0        0xc CMakeFiles/pwm_led_fade.dir/Users/ycc-yfb/pico/pico-sdk/src/rp2_common/pico_float/float_init_rom.c.obj
 .text.__aeabi_float_init
                0x100037cc       0x5c CMakeFiles/pwm_led_fade.dir/Users/ycc-yfb/pico/pico-sdk/src/rp2_common/pico_float/float_init_rom.c.obj
                0x100037cc                __aeabi_float_init
 .text          0x10003828       0x10 CMakeFiles/pwm_led_fade.dir/Users/ycc-yfb/pico/pico-sdk/src/rp2_common/pico_mem_ops/mem_ops_aeabi.S.obj
                0x10003828                __aeabi_mem_init
 .text.memset   0x10003838        0xc CMakeFiles/pwm_led_fade.dir/Users/ycc-yfb/pico/pico-sdk/src/rp2_common/pico_mem_ops/mem_ops_aeabi.S.obj
                0x10003838                __wrap_memset
 .text.memcpy   0x10003844        0xc CMakeFiles/pwm_led_fade.dir/Users/ycc-yfb/pico/pico-sdk/src/rp2_common/pico_mem_ops/mem_ops_aeabi.S.obj
                0x10003844                __wrap___aeabi_memcpy
                0x10003844                __wrap_memcpy
 .text.stdio_out_chars_crlf
                0x10003850       0x94 CMakeFiles/pwm_led_fade.dir/Users/ycc-yfb/pico/pico-sdk/src/rp2_common/pico_stdio/stdio.c.obj
 .text.stdio_buffered_printer
                0x100038e4       0x64 CMakeFiles/pwm_led_fade.dir/Users/ycc-yfb/pico/pico-sdk/src/rp2_common/pico_stdio/stdio.c.obj
 .text.__wrap_putchar
                0x10003948       0x98 CMakeFiles/pwm_led_fade.dir/Users/ycc-yfb/pico/pico-sdk/src/rp2_common/pico_stdio/stdio.c.obj
                0x10003948                __wrap_putchar
 .text.__wrap_puts
                0x100039e0       0xe0 CMakeFiles/pwm_led_fade.dir/Users/ycc-yfb/pico/pico-sdk/src/rp2_common/pico_stdio/stdio.c.obj
                0x100039e0                __wrap_puts
 .text.__wrap_vprintf
                0x10003ac0       0xd4 CMakeFiles/pwm_led_fade.dir/Users/ycc-yfb/pico/pico-sdk/src/rp2_common/pico_stdio/stdio.c.obj
                0x10003ac0                __wrap_vprintf
 .text.__wrap_printf
                0x10003b94       0x18 CMakeFiles/pwm_led_fade.dir/Users/ycc-yfb/pico/pico-sdk/src/rp2_common/pico_stdio/stdio.c.obj
                0x10003b94                __wrap_printf
 .text.startup._retrieve_unique_id_on_boot
                0x10003bac       0x10 CMakeFiles/pwm_led_fade.dir/Users/ycc-yfb/pico/pico-sdk/src/rp2_common/pico_unique_id/unique_id.c.obj
 .text.flash_get_unique_id
                0x10003bbc       0x3c CMakeFiles/pwm_led_fade.dir/Users/ycc-yfb/pico/pico-sdk/src/rp2_common/hardware_flash/flash.c.obj
                0x10003bbc                flash_get_unique_id
 .text.strlen   0x10003bf8       0x5c /Applications/ArmGNUToolchain/13.2.Rel1/arm-none-eabi/bin/../lib/gcc/arm-none-eabi/13.2.1/../../../../arm-none-eabi/lib/thumb/v6-m/nofp/libc.a(libc_a-strlen-stub.o)
                0x10003bf8                strlen
 *(.fini)
 .fini          0x10003c54        0x4 /Applications/ArmGNUToolchain/13.2.Rel1/arm-none-eabi/bin/../lib/gcc/arm-none-eabi/13.2.1/thumb/v6-m/nofp/crti.o
                0x10003c54                _fini
 .fini.__stub   0x10003c58       0x50 linker stubs
 *crtbegin.o(.ctors)
 *crtbegin?.o(.ctors)
 *(EXCLUDE_FILE(*crtend.o *crtend?.o) .ctors)
 *(SORT_BY_NAME(.ctors.*))
 *(.ctors)
 *crtbegin.o(.dtors)
 *crtbegin?.o(.dtors)
 *(EXCLUDE_FILE(*crtend.o *crtend?.o) .dtors)
 *(SORT_BY_NAME(.dtors.*))
 *(.dtors)
 *(.eh_frame*)
 .eh_frame      0x10003ca8        0x0 /Applications/ArmGNUToolchain/13.2.Rel1/arm-none-eabi/bin/../lib/gcc/arm-none-eabi/13.2.1/thumb/v6-m/nofp/crtbegin.o
                0x10003ca8                        . = ALIGN (0x4)

.glue_7         0x10003ca8        0x0
 .glue_7        0x10003ca8        0x0 linker stubs

.glue_7t        0x10003ca8        0x0
 .glue_7t       0x10003ca8        0x0 linker stubs

.vfp11_veneer   0x10003ca8        0x0
 .vfp11_veneer  0x10003ca8        0x0 linker stubs

.v4_bx          0x10003ca8        0x0
 .v4_bx         0x10003ca8        0x0 linker stubs

.iplt           0x10003ca8        0x0
 .iplt          0x10003ca8        0x0 /Applications/ArmGNUToolchain/13.2.Rel1/arm-none-eabi/bin/../lib/gcc/arm-none-eabi/13.2.1/thumb/v6-m/nofp/crtbegin.o

.rodata         0x10003ca8      0x2e4
 *(EXCLUDE_FILE(*libm.a: *libc.a:*lib_a-mem*.o *libgcc.a:) .rodata*)
 .rodata.on_pwm_wrap.str1.4
                0x10003ca8       0xc0 CMakeFiles/pwm_led_fade.dir/pwm_led_fade.c.obj
                                  0x4 (size before relaxing)
 .rodata.hardware_alarm_claim.str1.4
                0x10003d68       0x22 CMakeFiles/pwm_led_fade.dir/Users/ycc-yfb/pico/pico-sdk/src/rp2_common/hardware_timer/timer.c.obj
 .rodata.panic.str1.4
                0x10003d68       0x12 CMakeFiles/pwm_led_fade.dir/Users/ycc-yfb/pico/pico-sdk/src/rp2_common/pico_runtime/runtime.c.obj
 .rodata.hard_assertion_failure.str1.4
                0x10003d68        0xc CMakeFiles/pwm_led_fade.dir/Users/ycc-yfb/pico/pico-sdk/src/rp2_common/pico_runtime/runtime.c.obj
 .rodata._ftoa.str1.4
                0x10003d68       0x15 CMakeFiles/pwm_led_fade.dir/Users/ycc-yfb/pico/pico-sdk/src/rp2_common/pico_printf/printf.c.obj
 .rodata._vsnprintf
                0x10003d68      0x19c CMakeFiles/pwm_led_fade.dir/Users/ycc-yfb/pico/pico-sdk/src/rp2_common/pico_printf/printf.c.obj
 *fill*         0x10003f04        0x4 
 .rodata.pow10.0
                0x10003f08       0x50 CMakeFiles/pwm_led_fade.dir/Users/ycc-yfb/pico/pico-sdk/src/rp2_common/pico_printf/printf.c.obj
 .rodata.missing_double_func_shim.str1.4
                0x10003f58       0x18 CMakeFiles/pwm_led_fade.dir/Users/ycc-yfb/pico/pico-sdk/src/rp2_common/pico_double/double_init_rom.c.obj
 .rodata.missing_float_func_shim.str1.4
                0x10003f58        0x1 CMakeFiles/pwm_led_fade.dir/Users/ycc-yfb/pico/pico-sdk/src/rp2_common/pico_float/float_init_rom.c.obj
 .rodata.str1.4
                0x10003f58       0x48 CMakeFiles/pwm_led_fade.dir/Users/ycc-yfb/pico/pico-sdk/src/rp2_common/pico_standard_link/binary_info.c.obj
 .rodata.__bi_81
                0x10003f58        0xc CMakeFiles/pwm_led_fade.dir/Users/ycc-yfb/pico/pico-sdk/src/rp2_common/pico_standard_link/binary_info.c.obj
 .rodata.__bi_75
                0x10003f64        0xc CMakeFiles/pwm_led_fade.dir/Users/ycc-yfb/pico/pico-sdk/src/rp2_common/pico_standard_link/binary_info.c.obj
 .rodata.__bi_56
                0x10003f70        0xc CMakeFiles/pwm_led_fade.dir/Users/ycc-yfb/pico/pico-sdk/src/rp2_common/pico_standard_link/binary_info.c.obj
 .rodata.__bi_44
                0x10003f7c        0xc CMakeFiles/pwm_led_fade.dir/Users/ycc-yfb/pico/pico-sdk/src/rp2_common/pico_standard_link/binary_info.c.obj
 .rodata.crlf_str.0
                0x10003f88        0x2 CMakeFiles/pwm_led_fade.dir/Users/ycc-yfb/pico/pico-sdk/src/rp2_common/pico_stdio/stdio.c.obj
                0x10003fa0                        . = ALIGN (0x4)
 *fill*         0x10003f8a        0x2 
 *(SORT_BY_ALIGNMENT(SORT_BY_NAME(.flashdata*)))
                0x10003f8c                        . = ALIGN (0x4)

.ARM.extab
 *(.ARM.extab* .gnu.linkonce.armextab.*)
                0x10003f8c                        __exidx_start = .

.ARM.exidx
 *(.ARM.exidx* .gnu.linkonce.armexidx.*)
                0x10003f8c                        __exidx_end = .
                0x10003f8c                        . = ALIGN (0x4)
                0x10003f8c                        __binary_info_start = .

.binary_info    0x10003f8c       0x20
 *(.binary_info.keep.*)
 .binary_info.keep.__bi_ptr81
                0x10003f8c        0x4 CMakeFiles/pwm_led_fade.dir/Users/ycc-yfb/pico/pico-sdk/src/rp2_common/pico_standard_link/binary_info.c.obj
 .binary_info.keep.__bi_ptr75
                0x10003f90        0x4 CMakeFiles/pwm_led_fade.dir/Users/ycc-yfb/pico/pico-sdk/src/rp2_common/pico_standard_link/binary_info.c.obj
 .binary_info.keep.__bi_ptr56
                0x10003f94        0x4 CMakeFiles/pwm_led_fade.dir/Users/ycc-yfb/pico/pico-sdk/src/rp2_common/pico_standard_link/binary_info.c.obj
 .binary_info.keep.__bi_ptr50
                0x10003f98        0x4 CMakeFiles/pwm_led_fade.dir/Users/ycc-yfb/pico/pico-sdk/src/rp2_common/pico_standard_link/binary_info.c.obj
 .binary_info.keep.__bi_ptr44
                0x10003f9c        0x4 CMakeFiles/pwm_led_fade.dir/Users/ycc-yfb/pico/pico-sdk/src/rp2_common/pico_standard_link/binary_info.c.obj
 .binary_info.keep.__bi_ptr38
                0x10003fa0        0x4 CMakeFiles/pwm_led_fade.dir/Users/ycc-yfb/pico/pico-sdk/src/rp2_common/pico_standard_link/binary_info.c.obj
 .binary_info.keep.__bi_ptr30
                0x10003fa4        0x4 CMakeFiles/pwm_led_fade.dir/Users/ycc-yfb/pico/pico-sdk/src/rp2_common/pico_standard_link/binary_info.c.obj
 .binary_info.keep.__bi_ptr22
                0x10003fa8        0x4 CMakeFiles/pwm_led_fade.dir/Users/ycc-yfb/pico/pico-sdk/src/rp2_common/pico_standard_link/binary_info.c.obj
 *(.binary_info.*)
                0x10003fac                        __binary_info_end = .

.rel.dyn        0x10003fac        0x0
 .rel.iplt      0x10003fac        0x0 /Applications/ArmGNUToolchain/13.2.Rel1/arm-none-eabi/bin/../lib/gcc/arm-none-eabi/13.2.1/thumb/v6-m/nofp/crtbegin.o
                0x10003fac                        . = ALIGN (0x4)

.ram_vector_table
                0x20000000       0xc0
 *(.ram_vector_table)
 .ram_vector_table
                0x20000000       0xc0 CMakeFiles/pwm_led_fade.dir/Users/ycc-yfb/pico/pico-sdk/src/rp2_common/pico_runtime/runtime.c.obj
                0x20000000                ram_vector_table

.data           0x200000c0      0x2d0 load address 0x10003fac
                0x200000c0                        __data_start__ = .
 *(vtable)
 *(.time_critical*)
 .time_critical.mutex_try_enter_block_until
                0x200000c0       0x9c CMakeFiles/pwm_led_fade.dir/Users/ycc-yfb/pico/pico-sdk/src/common/pico_sync/mutex.c.obj
                0x200000c0                mutex_try_enter_block_until
 .time_critical.mutex_exit
                0x2000015c       0x28 CMakeFiles/pwm_led_fade.dir/Users/ycc-yfb/pico/pico-sdk/src/common/pico_sync/mutex.c.obj
                0x2000015c                mutex_exit
 .time_critical.flash_init_boot2_copyout
                0x20000184       0x30 CMakeFiles/pwm_led_fade.dir/Users/ycc-yfb/pico/pico-sdk/src/rp2_common/hardware_flash/flash.c.obj
 .time_critical.flash_enable_xip_via_boot2
                0x200001b4        0xc CMakeFiles/pwm_led_fade.dir/Users/ycc-yfb/pico/pico-sdk/src/rp2_common/hardware_flash/flash.c.obj
 .time_critical.flash_cs_force
                0x200001c0       0x38 CMakeFiles/pwm_led_fade.dir/Users/ycc-yfb/pico/pico-sdk/src/rp2_common/hardware_flash/flash.c.obj
 .time_critical.flash_do_cmd
                0x200001f8       0xc0 CMakeFiles/pwm_led_fade.dir/Users/ycc-yfb/pico/pico-sdk/src/rp2_common/hardware_flash/flash.c.obj
                0x200001f8                flash_do_cmd
 *(.text*)
 .text          0x200002b8        0x4 /Applications/ArmGNUToolchain/13.2.Rel1/arm-none-eabi/bin/../lib/gcc/arm-none-eabi/13.2.1/thumb/v6-m/nofp/libgcc.a(_dvmd_tls.o)
                0x200002b8                __aeabi_ldiv0
                0x200002b8                __aeabi_idiv0
 *fill*         0x200002bc        0x4 
 .text.__stub   0x200002c0       0x10 linker stubs
                0x200002d0                        . = ALIGN (0x4)
 *(.rodata*)
                0x200002d0                        . = ALIGN (0x4)
 *(.data*)
 .data.going_up.1
                0x200002d0        0x1 CMakeFiles/pwm_led_fade.dir/pwm_led_fade.c.obj
 .data.striped_spin_lock_num
                0x200002d1        0x1 CMakeFiles/pwm_led_fade.dir/Users/ycc-yfb/pico/pico-sdk/src/rp2_common/hardware_sync/sync.c.obj
 *fill*         0x200002d2        0x2 
 .data          0x200002d4       0x48 CMakeFiles/pwm_led_fade.dir/Users/ycc-yfb/pico/pico-sdk/src/rp2_common/hardware_irq/irq_handler_chain.S.obj
                0x200002d4                irq_handler_chain_slots
                0x20000304                irq_handler_chain_first_slot
                0x2000030e                irq_handler_chain_remove_tail
 .data.default_alarm_pool
                0x2000031c       0x18 CMakeFiles/pwm_led_fade.dir/Users/ycc-yfb/pico/pico-sdk/src/common/pico_time/time.c.obj
 .data.default_alarm_pool_heap
                0x20000334       0x10 CMakeFiles/pwm_led_fade.dir/Users/ycc-yfb/pico/pico-sdk/src/common/pico_time/time.c.obj
 *fill*         0x20000344        0xc 
 .data.aeabi_bits_funcs
                0x20000350       0x10 CMakeFiles/pwm_led_fade.dir/Users/ycc-yfb/pico/pico-sdk/src/rp2_common/pico_bit_ops/bit_ops_aeabi.S.obj
                0x20000350                aeabi_bits_funcs
                0x20000360                aeabi_bits_funcs_end
 .data.aeabi_mem_funcs
                0x20000360       0x10 CMakeFiles/pwm_led_fade.dir/Users/ycc-yfb/pico/pico-sdk/src/rp2_common/pico_mem_ops/mem_ops_aeabi.S.obj
                0x20000360                aeabi_mem_funcs
                0x20000370                aeabi_mem_funcs_end
                0x20000370                        . = ALIGN (0x4)
 *(.after_data.*)
                0x20000370                        . = ALIGN (0x4)
                0x20000370                        PROVIDE (__mutex_array_start = .)
 *(SORT_BY_NAME(.mutex_array.*))
 *(.mutex_array)
 .mutex_array   0x20000370        0x8 CMakeFiles/pwm_led_fade.dir/Users/ycc-yfb/pico/pico-sdk/src/rp2_common/pico_stdio/stdio.c.obj
                0x20000378                        PROVIDE (__mutex_array_end = .)
                0x20000378                        . = ALIGN (0x4)
                0x20000378                        PROVIDE (__preinit_array_start = .)
 *(SORT_BY_NAME(.preinit_array.*))
 .preinit_array.00001
                0x20000378        0x4 CMakeFiles/pwm_led_fade.dir/Users/ycc-yfb/pico/pico-sdk/src/rp2_common/pico_mem_ops/mem_ops_aeabi.S.obj
 .preinit_array.00010
                0x2000037c        0x4 CMakeFiles/pwm_led_fade.dir/Users/ycc-yfb/pico/pico-sdk/src/rp2_common/pico_bit_ops/bit_ops_aeabi.S.obj
 .preinit_array.00020
                0x20000380        0x4 CMakeFiles/pwm_led_fade.dir/Users/ycc-yfb/pico/pico-sdk/src/rp2_common/pico_double/double_aeabi.S.obj
 .preinit_array.00020
                0x20000384        0x4 CMakeFiles/pwm_led_fade.dir/Users/ycc-yfb/pico/pico-sdk/src/rp2_common/pico_float/float_aeabi.S.obj
 *(.preinit_array)
                0x20000388                        PROVIDE (__preinit_array_end = .)
                0x20000388                        . = ALIGN (0x4)
                0x20000388                        PROVIDE (__init_array_start = .)
 *(SORT_BY_NAME(.init_array.*))
 *(.init_array)
 .init_array    0x20000388        0x4 /Applications/ArmGNUToolchain/13.2.Rel1/arm-none-eabi/bin/../lib/gcc/arm-none-eabi/13.2.1/thumb/v6-m/nofp/crtbegin.o
 .init_array    0x2000038c        0x4 CMakeFiles/pwm_led_fade.dir/Users/ycc-yfb/pico/pico-sdk/src/rp2_common/pico_unique_id/unique_id.c.obj
                0x20000390                        PROVIDE (__init_array_end = .)
                0x20000390                        . = ALIGN (0x4)
                [!provide]                        PROVIDE (__fini_array_start = .)
 *(SORT_BY_NAME(.fini_array.*))
 *(.fini_array)
                [!provide]                        PROVIDE (__fini_array_end = .)
 *(.jcr)
                0x20000390                        . = ALIGN (0x4)
                0x20000390                        __data_end__ = .
                0x10003fac                        __etext = LOADADDR (.data)

.tm_clone_table
                0x20000390        0x0 load address 0x1000427c
 .tm_clone_table
                0x20000390        0x0 /Applications/ArmGNUToolchain/13.2.Rel1/arm-none-eabi/bin/../lib/gcc/arm-none-eabi/13.2.1/thumb/v6-m/nofp/crtbegin.o
 .tm_clone_table
                0x20000390        0x0 /Applications/ArmGNUToolchain/13.2.Rel1/arm-none-eabi/bin/../lib/gcc/arm-none-eabi/13.2.1/thumb/v6-m/nofp/crtend.o

.igot.plt       0x20000390        0x0 load address 0x1000427c
 .igot.plt      0x20000390        0x0 /Applications/ArmGNUToolchain/13.2.Rel1/arm-none-eabi/bin/../lib/gcc/arm-none-eabi/13.2.1/thumb/v6-m/nofp/crtbegin.o

.uninitialized_data
                0x20000390        0x0 load address 0x1000427c
                0x20000390                        . = ALIGN (0x4)
 *(.uninitialized_data*)

.scratch_x      0x20040000        0x0 load address 0x1000427c
                0x20040000                        __scratch_x_start__ = .
 *(.scratch_x.*)
                0x20040000                        . = ALIGN (0x4)
                0x20040000                        __scratch_x_end__ = .
                0x1000427c                        __scratch_x_source__ = LOADADDR (.scratch_x)

.scratch_y      0x20041000        0x0 load address 0x1000427c
                0x20041000                        __scratch_y_start__ = .
 *(.scratch_y.*)
                0x20041000                        . = ALIGN (0x4)
                0x20041000                        __scratch_y_end__ = .
                0x1000427c                        __scratch_y_source__ = LOADADDR (.scratch_y)

.bss            0x20000390      0x4d4
                0x20000390                        . = ALIGN (0x4)
                0x20000390                        __bss_start__ = .
 *(SORT_BY_ALIGNMENT(SORT_BY_NAME(.bss*)))
 .bss.configured_freq
                0x20000390       0x28 CMakeFiles/pwm_led_fade.dir/Users/ycc-yfb/pico/pico-sdk/src/rp2_common/hardware_clocks/clocks.c.obj
 .bss.default_alarm_pool_entries
                0x200003b8      0x100 CMakeFiles/pwm_led_fade.dir/Users/ycc-yfb/pico/pico-sdk/src/common/pico_time/time.c.obj
 .bss.sd_table  0x200004b8      0x100 CMakeFiles/pwm_led_fade.dir/Users/ycc-yfb/pico/pico-sdk/src/rp2_common/pico_double/double_init_rom.c.obj
                0x200004b8                sd_table
 .bss.alarm_callbacks
                0x200005b8       0x10 CMakeFiles/pwm_led_fade.dir/Users/ycc-yfb/pico/pico-sdk/src/rp2_common/hardware_timer/timer.c.obj
 .bss.boot2_copyout
                0x200005c8      0x100 CMakeFiles/pwm_led_fade.dir/Users/ycc-yfb/pico/pico-sdk/src/rp2_common/hardware_flash/flash.c.obj
 .bss.default_alarm_pool_entry_ids_high
                0x200006c8       0x10 CMakeFiles/pwm_led_fade.dir/Users/ycc-yfb/pico/pico-sdk/src/common/pico_time/time.c.obj
 .bss.default_alarm_pool_heap_nodes
                0x200006d8       0x30 CMakeFiles/pwm_led_fade.dir/Users/ycc-yfb/pico/pico-sdk/src/common/pico_time/time.c.obj
 .bss.drivers   0x20000708        0x4 CMakeFiles/pwm_led_fade.dir/Users/ycc-yfb/pico/pico-sdk/src/rp2_common/pico_stdio/stdio.c.obj
 .bss.fade.0    0x2000070c        0x4 CMakeFiles/pwm_led_fade.dir/pwm_led_fade.c.obj
 .bss.filter    0x20000710        0x4 CMakeFiles/pwm_led_fade.dir/Users/ycc-yfb/pico/pico-sdk/src/rp2_common/pico_stdio/stdio.c.obj
 .bss.lazy_vsnprintf
                0x20000714        0x4 CMakeFiles/pwm_led_fade.dir/Users/ycc-yfb/pico/pico-sdk/src/rp2_common/pico_printf/printf.c.obj
 .bss.object.0  0x20000718       0x18 /Applications/ArmGNUToolchain/13.2.Rel1/arm-none-eabi/bin/../lib/gcc/arm-none-eabi/13.2.1/thumb/v6-m/nofp/crtbegin.o
 .bss.pools     0x20000730       0x10 CMakeFiles/pwm_led_fade.dir/Users/ycc-yfb/pico/pico-sdk/src/common/pico_time/time.c.obj
 .bss.retrieved_id
                0x20000740        0x8 CMakeFiles/pwm_led_fade.dir/Users/ycc-yfb/pico/pico-sdk/src/rp2_common/pico_unique_id/unique_id.c.obj
 .bss.sf_clz_func
                0x20000748        0x4 CMakeFiles/pwm_led_fade.dir/Users/ycc-yfb/pico/pico-sdk/src/rp2_common/pico_double/double_init_rom.c.obj
                0x20000748                sf_clz_func
 .bss.sf_table  0x2000074c      0x100 CMakeFiles/pwm_led_fade.dir/Users/ycc-yfb/pico/pico-sdk/src/rp2_common/pico_float/float_init_rom.c.obj
                0x2000074c                sf_table
 .bss.sleep_notifier
                0x2000084c        0x4 CMakeFiles/pwm_led_fade.dir/Users/ycc-yfb/pico/pico-sdk/src/common/pico_time/time.c.obj
 .bss.target_hi
                0x20000850       0x10 CMakeFiles/pwm_led_fade.dir/Users/ycc-yfb/pico/pico-sdk/src/rp2_common/hardware_timer/timer.c.obj
 .bss.boot2_copyout_valid
                0x20000860        0x1 CMakeFiles/pwm_led_fade.dir/Users/ycc-yfb/pico/pico-sdk/src/rp2_common/hardware_flash/flash.c.obj
 .bss.claimed   0x20000861        0x1 CMakeFiles/pwm_led_fade.dir/Users/ycc-yfb/pico/pico-sdk/src/rp2_common/hardware_timer/timer.c.obj
 .bss.irq_hander_chain_free_slot_head
                0x20000862        0x1 CMakeFiles/pwm_led_fade.dir/Users/ycc-yfb/pico/pico-sdk/src/rp2_common/hardware_irq/irq.c.obj
 .bss.timer_callbacks_pending
                0x20000863        0x1 CMakeFiles/pwm_led_fade.dir/Users/ycc-yfb/pico/pico-sdk/src/rp2_common/hardware_timer/timer.c.obj
 *(COMMON)
                0x20000864                        . = ALIGN (0x4)
                0x20000864                        __bss_end__ = .

.heap           0x20000864      0x800
                0x20000864                        __end__ = .
                0x20000864                        end = __end__
 *(.heap*)
 .heap          0x20000864      0x800 CMakeFiles/pwm_led_fade.dir/Users/ycc-yfb/pico/pico-sdk/src/rp2_common/pico_standard_link/crt0.S.obj
                0x20001064                        __HeapLimit = .

.stack1_dummy
 *(.stack1*)

.stack_dummy    0x20041000      0x800
 *(.stack*)
 .stack         0x20041000      0x800 CMakeFiles/pwm_led_fade.dir/Users/ycc-yfb/pico/pico-sdk/src/rp2_common/pico_standard_link/crt0.S.obj

.flash_end      0x1000427c        0x0
                0x1000427c                        PROVIDE (__flash_binary_end = .)
                0x20040000                        __StackLimit = (ORIGIN (RAM) + LENGTH (RAM))
                0x20041000                        __StackOneTop = (ORIGIN (SCRATCH_X) + LENGTH (SCRATCH_X))
                0x20042000                        __StackTop = (ORIGIN (SCRATCH_Y) + LENGTH (SCRATCH_Y))
                0x20041000                        __StackOneBottom = (__StackOneTop - SIZEOF (.stack1_dummy))
                0x20041800                        __StackBottom = (__StackTop - SIZEOF (.stack_dummy))
                0x20042000                        PROVIDE (__stack = __StackTop)
                0x00000001                        ASSERT ((__StackLimit >= __HeapLimit), region RAM overflowed)
                0x00000001                        ASSERT (((__binary_info_header_end - __logical_binary_start) <= 0x100), Binary info must be in first 256 bytes of the binary)
LOAD CMakeFiles/pwm_led_fade.dir/pwm_led_fade.c.obj
LOAD CMakeFiles/pwm_led_fade.dir/Users/ycc-yfb/pico/pico-sdk/src/rp2_common/pico_stdlib/stdlib.c.obj
LOAD CMakeFiles/pwm_led_fade.dir/Users/ycc-yfb/pico/pico-sdk/src/rp2_common/hardware_gpio/gpio.c.obj
LOAD CMakeFiles/pwm_led_fade.dir/Users/ycc-yfb/pico/pico-sdk/src/rp2_common/pico_platform/platform.c.obj
LOAD CMakeFiles/pwm_led_fade.dir/Users/ycc-yfb/pico/pico-sdk/src/rp2_common/hardware_claim/claim.c.obj
LOAD CMakeFiles/pwm_led_fade.dir/Users/ycc-yfb/pico/pico-sdk/src/rp2_common/hardware_sync/sync.c.obj
LOAD CMakeFiles/pwm_led_fade.dir/Users/ycc-yfb/pico/pico-sdk/src/rp2_common/hardware_irq/irq.c.obj
LOAD CMakeFiles/pwm_led_fade.dir/Users/ycc-yfb/pico/pico-sdk/src/rp2_common/hardware_irq/irq_handler_chain.S.obj
LOAD CMakeFiles/pwm_led_fade.dir/Users/ycc-yfb/pico/pico-sdk/src/common/pico_sync/sem.c.obj
LOAD CMakeFiles/pwm_led_fade.dir/Users/ycc-yfb/pico/pico-sdk/src/common/pico_sync/lock_core.c.obj
LOAD CMakeFiles/pwm_led_fade.dir/Users/ycc-yfb/pico/pico-sdk/src/common/pico_sync/mutex.c.obj
LOAD CMakeFiles/pwm_led_fade.dir/Users/ycc-yfb/pico/pico-sdk/src/common/pico_sync/critical_section.c.obj
LOAD CMakeFiles/pwm_led_fade.dir/Users/ycc-yfb/pico/pico-sdk/src/common/pico_time/time.c.obj
LOAD CMakeFiles/pwm_led_fade.dir/Users/ycc-yfb/pico/pico-sdk/src/common/pico_time/timeout_helper.c.obj
LOAD CMakeFiles/pwm_led_fade.dir/Users/ycc-yfb/pico/pico-sdk/src/rp2_common/hardware_timer/timer.c.obj
LOAD CMakeFiles/pwm_led_fade.dir/Users/ycc-yfb/pico/pico-sdk/src/common/pico_util/datetime.c.obj
LOAD CMakeFiles/pwm_led_fade.dir/Users/ycc-yfb/pico/pico-sdk/src/common/pico_util/pheap.c.obj
LOAD CMakeFiles/pwm_led_fade.dir/Users/ycc-yfb/pico/pico-sdk/src/common/pico_util/queue.c.obj
LOAD CMakeFiles/pwm_led_fade.dir/Users/ycc-yfb/pico/pico-sdk/src/rp2_common/hardware_uart/uart.c.obj
LOAD CMakeFiles/pwm_led_fade.dir/Users/ycc-yfb/pico/pico-sdk/src/rp2_common/hardware_clocks/clocks.c.obj
LOAD CMakeFiles/pwm_led_fade.dir/Users/ycc-yfb/pico/pico-sdk/src/rp2_common/hardware_pll/pll.c.obj
LOAD CMakeFiles/pwm_led_fade.dir/Users/ycc-yfb/pico/pico-sdk/src/rp2_common/hardware_vreg/vreg.c.obj
LOAD CMakeFiles/pwm_led_fade.dir/Users/ycc-yfb/pico/pico-sdk/src/rp2_common/hardware_watchdog/watchdog.c.obj
LOAD CMakeFiles/pwm_led_fade.dir/Users/ycc-yfb/pico/pico-sdk/src/rp2_common/hardware_xosc/xosc.c.obj
LOAD CMakeFiles/pwm_led_fade.dir/Users/ycc-yfb/pico/pico-sdk/src/rp2_common/hardware_divider/divider.S.obj
LOAD CMakeFiles/pwm_led_fade.dir/Users/ycc-yfb/pico/pico-sdk/src/rp2_common/pico_runtime/runtime.c.obj
LOAD CMakeFiles/pwm_led_fade.dir/Users/ycc-yfb/pico/pico-sdk/src/rp2_common/pico_printf/printf.c.obj
LOAD CMakeFiles/pwm_led_fade.dir/Users/ycc-yfb/pico/pico-sdk/src/rp2_common/pico_bit_ops/bit_ops_aeabi.S.obj
LOAD CMakeFiles/pwm_led_fade.dir/Users/ycc-yfb/pico/pico-sdk/src/rp2_common/pico_bootrom/bootrom.c.obj
LOAD CMakeFiles/pwm_led_fade.dir/Users/ycc-yfb/pico/pico-sdk/src/rp2_common/pico_divider/divider.S.obj
LOAD CMakeFiles/pwm_led_fade.dir/Users/ycc-yfb/pico/pico-sdk/src/rp2_common/pico_double/double_aeabi.S.obj
LOAD CMakeFiles/pwm_led_fade.dir/Users/ycc-yfb/pico/pico-sdk/src/rp2_common/pico_double/double_init_rom.c.obj
LOAD CMakeFiles/pwm_led_fade.dir/Users/ycc-yfb/pico/pico-sdk/src/rp2_common/pico_double/double_math.c.obj
LOAD CMakeFiles/pwm_led_fade.dir/Users/ycc-yfb/pico/pico-sdk/src/rp2_common/pico_double/double_v1_rom_shim.S.obj
LOAD CMakeFiles/pwm_led_fade.dir/Users/ycc-yfb/pico/pico-sdk/src/rp2_common/pico_int64_ops/pico_int64_ops_aeabi.S.obj
LOAD CMakeFiles/pwm_led_fade.dir/Users/ycc-yfb/pico/pico-sdk/src/rp2_common/pico_float/float_aeabi.S.obj
LOAD CMakeFiles/pwm_led_fade.dir/Users/ycc-yfb/pico/pico-sdk/src/rp2_common/pico_float/float_init_rom.c.obj
LOAD CMakeFiles/pwm_led_fade.dir/Users/ycc-yfb/pico/pico-sdk/src/rp2_common/pico_float/float_math.c.obj
LOAD CMakeFiles/pwm_led_fade.dir/Users/ycc-yfb/pico/pico-sdk/src/rp2_common/pico_float/float_v1_rom_shim.S.obj
LOAD CMakeFiles/pwm_led_fade.dir/Users/ycc-yfb/pico/pico-sdk/src/rp2_common/pico_malloc/pico_malloc.c.obj
LOAD CMakeFiles/pwm_led_fade.dir/Users/ycc-yfb/pico/pico-sdk/src/rp2_common/pico_mem_ops/mem_ops_aeabi.S.obj
LOAD CMakeFiles/pwm_led_fade.dir/Users/ycc-yfb/pico/pico-sdk/src/rp2_common/pico_standard_link/crt0.S.obj
LOAD CMakeFiles/pwm_led_fade.dir/Users/ycc-yfb/pico/pico-sdk/src/rp2_common/pico_standard_link/new_delete.cpp.obj
LOAD CMakeFiles/pwm_led_fade.dir/Users/ycc-yfb/pico/pico-sdk/src/rp2_common/pico_standard_link/binary_info.c.obj
LOAD CMakeFiles/pwm_led_fade.dir/Users/ycc-yfb/pico/pico-sdk/src/rp2_common/pico_stdio/stdio.c.obj
LOAD CMakeFiles/pwm_led_fade.dir/Users/ycc-yfb/pico/pico-sdk/src/rp2_common/pico_stdio_uart/stdio_uart.c.obj
LOAD CMakeFiles/pwm_led_fade.dir/Users/ycc-yfb/pico/pico-sdk/src/rp2_common/pico_cyw43_arch/cyw43_arch.c.obj
LOAD CMakeFiles/pwm_led_fade.dir/Users/ycc-yfb/pico/pico-sdk/src/rp2_common/pico_cyw43_arch/cyw43_arch_poll.c.obj
LOAD CMakeFiles/pwm_led_fade.dir/Users/ycc-yfb/pico/pico-sdk/src/rp2_common/pico_cyw43_arch/cyw43_arch_threadsafe_background.c.obj
LOAD CMakeFiles/pwm_led_fade.dir/Users/ycc-yfb/pico/pico-sdk/src/rp2_common/pico_cyw43_arch/cyw43_arch_freertos.c.obj
LOAD CMakeFiles/pwm_led_fade.dir/Users/ycc-yfb/pico/pico-sdk/src/rp2_common/pico_unique_id/unique_id.c.obj
LOAD CMakeFiles/pwm_led_fade.dir/Users/ycc-yfb/pico/pico-sdk/src/rp2_common/hardware_flash/flash.c.obj
LOAD CMakeFiles/pwm_led_fade.dir/Users/ycc-yfb/pico/pico-sdk/src/rp2_common/pico_cyw43_driver/cyw43_bus_pio_spi.c.obj
LOAD CMakeFiles/pwm_led_fade.dir/Users/ycc-yfb/pico/pico-sdk/lib/cyw43-driver/src/cyw43_ll.c.obj
LOAD CMakeFiles/pwm_led_fade.dir/Users/ycc-yfb/pico/pico-sdk/lib/cyw43-driver/src/cyw43_stats.c.obj
LOAD CMakeFiles/pwm_led_fade.dir/Users/ycc-yfb/pico/pico-sdk/lib/cyw43-driver/src/cyw43_lwip.c.obj
LOAD CMakeFiles/pwm_led_fade.dir/Users/ycc-yfb/pico/pico-sdk/lib/cyw43-driver/src/cyw43_ctrl.c.obj
LOAD CMakeFiles/pwm_led_fade.dir/Users/ycc-yfb/pico/pico-sdk/src/rp2_common/pico_cyw43_driver/cybt_shared_bus/cybt_shared_bus.c.obj
LOAD CMakeFiles/pwm_led_fade.dir/Users/ycc-yfb/pico/pico-sdk/src/rp2_common/pico_cyw43_driver/cybt_shared_bus/cybt_shared_bus_driver.c.obj
LOAD CMakeFiles/pwm_led_fade.dir/Users/ycc-yfb/pico/pico-sdk/src/rp2_common/hardware_pio/pio.c.obj
LOAD CMakeFiles/pwm_led_fade.dir/Users/ycc-yfb/pico/pico-sdk/src/rp2_common/hardware_dma/dma.c.obj
LOAD CMakeFiles/pwm_led_fade.dir/Users/ycc-yfb/pico/pico-sdk/src/rp2_common/hardware_exception/exception.c.obj
LOAD CMakeFiles/pwm_led_fade.dir/Users/ycc-yfb/pico/pico-sdk/src/rp2_common/pico_cyw43_driver/cyw43_driver.c.obj
LOAD CMakeFiles/pwm_led_fade.dir/Users/ycc-yfb/pico/pico-sdk/src/rp2_common/pico_async_context/async_context_threadsafe_background.c.obj
LOAD CMakeFiles/pwm_led_fade.dir/Users/ycc-yfb/pico/pico-sdk/src/rp2_common/pico_async_context/async_context_base.c.obj
LOAD /var/folders/g7/lmy6cnzn3ns6pdyr95mp5mp00000gn/T//ccCS7RLb.o
LOAD /Applications/ArmGNUToolchain/13.2.Rel1/arm-none-eabi/bin/../lib/gcc/arm-none-eabi/13.2.1/../../../../arm-none-eabi/lib/thumb/v6-m/nofp/libstdc++.a
LOAD /Applications/ArmGNUToolchain/13.2.Rel1/arm-none-eabi/bin/../lib/gcc/arm-none-eabi/13.2.1/../../../../arm-none-eabi/lib/thumb/v6-m/nofp/libm.a
START GROUP
LOAD /Applications/ArmGNUToolchain/13.2.Rel1/arm-none-eabi/bin/../lib/gcc/arm-none-eabi/13.2.1/thumb/v6-m/nofp/libgcc.a
LOAD /Applications/ArmGNUToolchain/13.2.Rel1/arm-none-eabi/bin/../lib/gcc/arm-none-eabi/13.2.1/../../../../arm-none-eabi/lib/thumb/v6-m/nofp/libc.a
END GROUP
START GROUP
LOAD /Applications/ArmGNUToolchain/13.2.Rel1/arm-none-eabi/bin/../lib/gcc/arm-none-eabi/13.2.1/thumb/v6-m/nofp/libgcc.a
LOAD /Applications/ArmGNUToolchain/13.2.Rel1/arm-none-eabi/bin/../lib/gcc/arm-none-eabi/13.2.1/../../../../arm-none-eabi/lib/thumb/v6-m/nofp/libc.a
LOAD /Applications/ArmGNUToolchain/13.2.Rel1/arm-none-eabi/bin/../lib/gcc/arm-none-eabi/13.2.1/../../../../arm-none-eabi/lib/thumb/v6-m/nofp/libnosys.a
END GROUP
LOAD /Applications/ArmGNUToolchain/13.2.Rel1/arm-none-eabi/bin/../lib/gcc/arm-none-eabi/13.2.1/thumb/v6-m/nofp/crtend.o
LOAD /Applications/ArmGNUToolchain/13.2.Rel1/arm-none-eabi/bin/../lib/gcc/arm-none-eabi/13.2.1/thumb/v6-m/nofp/crtn.o
OUTPUT(pwm_led_fade.elf elf32-littlearm)
LOAD linker stubs

.ARM.attributes
                0x00000000       0x28
 .ARM.attributes
                0x00000000       0x1e /Applications/ArmGNUToolchain/13.2.Rel1/arm-none-eabi/bin/../lib/gcc/arm-none-eabi/13.2.1/thumb/v6-m/nofp/crti.o
 .ARM.attributes
                0x0000001e       0x2c /Applications/ArmGNUToolchain/13.2.Rel1/arm-none-eabi/bin/../lib/gcc/arm-none-eabi/13.2.1/thumb/v6-m/nofp/crtbegin.o
 .ARM.attributes
                0x0000004a       0x2c CMakeFiles/pwm_led_fade.dir/pwm_led_fade.c.obj
 .ARM.attributes
                0x00000076       0x2c CMakeFiles/pwm_led_fade.dir/Users/ycc-yfb/pico/pico-sdk/src/rp2_common/hardware_gpio/gpio.c.obj
 .ARM.attributes
                0x000000a2       0x2c CMakeFiles/pwm_led_fade.dir/Users/ycc-yfb/pico/pico-sdk/src/rp2_common/pico_platform/platform.c.obj
 .ARM.attributes
                0x000000ce       0x2c CMakeFiles/pwm_led_fade.dir/Users/ycc-yfb/pico/pico-sdk/src/rp2_common/hardware_claim/claim.c.obj
 .ARM.attributes
                0x000000fa       0x2c CMakeFiles/pwm_led_fade.dir/Users/ycc-yfb/pico/pico-sdk/src/rp2_common/hardware_sync/sync.c.obj
 .ARM.attributes
                0x00000126       0x2c CMakeFiles/pwm_led_fade.dir/Users/ycc-yfb/pico/pico-sdk/src/rp2_common/hardware_irq/irq.c.obj
 .ARM.attributes
                0x00000152       0x22 CMakeFiles/pwm_led_fade.dir/Users/ycc-yfb/pico/pico-sdk/src/rp2_common/hardware_irq/irq_handler_chain.S.obj
 .ARM.attributes
                0x00000174       0x2c CMakeFiles/pwm_led_fade.dir/Users/ycc-yfb/pico/pico-sdk/src/common/pico_sync/lock_core.c.obj
 .ARM.attributes
                0x000001a0       0x2c CMakeFiles/pwm_led_fade.dir/Users/ycc-yfb/pico/pico-sdk/src/common/pico_sync/mutex.c.obj
 .ARM.attributes
                0x000001cc       0x2c CMakeFiles/pwm_led_fade.dir/Users/ycc-yfb/pico/pico-sdk/src/common/pico_time/time.c.obj
 .ARM.attributes
                0x000001f8       0x2c CMakeFiles/pwm_led_fade.dir/Users/ycc-yfb/pico/pico-sdk/src/rp2_common/hardware_timer/timer.c.obj
 .ARM.attributes
                0x00000224       0x2c CMakeFiles/pwm_led_fade.dir/Users/ycc-yfb/pico/pico-sdk/src/common/pico_util/pheap.c.obj
 .ARM.attributes
                0x00000250       0x2c CMakeFiles/pwm_led_fade.dir/Users/ycc-yfb/pico/pico-sdk/src/rp2_common/hardware_clocks/clocks.c.obj
 .ARM.attributes
                0x0000027c       0x2c CMakeFiles/pwm_led_fade.dir/Users/ycc-yfb/pico/pico-sdk/src/rp2_common/hardware_pll/pll.c.obj
 .ARM.attributes
                0x000002a8       0x2c CMakeFiles/pwm_led_fade.dir/Users/ycc-yfb/pico/pico-sdk/src/rp2_common/hardware_watchdog/watchdog.c.obj
 .ARM.attributes
                0x000002d4       0x2c CMakeFiles/pwm_led_fade.dir/Users/ycc-yfb/pico/pico-sdk/src/rp2_common/hardware_xosc/xosc.c.obj
 .ARM.attributes
                0x00000300       0x2c CMakeFiles/pwm_led_fade.dir/Users/ycc-yfb/pico/pico-sdk/src/rp2_common/pico_runtime/runtime.c.obj
 .ARM.attributes
                0x0000032c       0x2c CMakeFiles/pwm_led_fade.dir/Users/ycc-yfb/pico/pico-sdk/src/rp2_common/pico_printf/printf.c.obj
 .ARM.attributes
                0x00000358       0x22 CMakeFiles/pwm_led_fade.dir/Users/ycc-yfb/pico/pico-sdk/src/rp2_common/pico_bit_ops/bit_ops_aeabi.S.obj
 .ARM.attributes
                0x0000037a       0x2c CMakeFiles/pwm_led_fade.dir/Users/ycc-yfb/pico/pico-sdk/src/rp2_common/pico_bootrom/bootrom.c.obj
 .ARM.attributes
                0x000003a6       0x22 CMakeFiles/pwm_led_fade.dir/Users/ycc-yfb/pico/pico-sdk/src/rp2_common/pico_divider/divider.S.obj
 .ARM.attributes
                0x000003c8       0x22 CMakeFiles/pwm_led_fade.dir/Users/ycc-yfb/pico/pico-sdk/src/rp2_common/pico_double/double_aeabi.S.obj
 .ARM.attributes
                0x000003ea       0x2c CMakeFiles/pwm_led_fade.dir/Users/ycc-yfb/pico/pico-sdk/src/rp2_common/pico_double/double_init_rom.c.obj
 .ARM.attributes
                0x00000416       0x22 CMakeFiles/pwm_led_fade.dir/Users/ycc-yfb/pico/pico-sdk/src/rp2_common/pico_double/double_v1_rom_shim.S.obj
 .ARM.attributes
                0x00000438       0x22 CMakeFiles/pwm_led_fade.dir/Users/ycc-yfb/pico/pico-sdk/src/rp2_common/pico_float/float_aeabi.S.obj
 .ARM.attributes
                0x0000045a       0x2c CMakeFiles/pwm_led_fade.dir/Users/ycc-yfb/pico/pico-sdk/src/rp2_common/pico_float/float_init_rom.c.obj
 .ARM.attributes
                0x00000486       0x22 CMakeFiles/pwm_led_fade.dir/Users/ycc-yfb/pico/pico-sdk/src/rp2_common/pico_mem_ops/mem_ops_aeabi.S.obj
 .ARM.attributes
                0x000004a8       0x22 CMakeFiles/pwm_led_fade.dir/Users/ycc-yfb/pico/pico-sdk/src/rp2_common/pico_standard_link/crt0.S.obj
 .ARM.attributes
                0x000004ca       0x2c CMakeFiles/pwm_led_fade.dir/Users/ycc-yfb/pico/pico-sdk/src/rp2_common/pico_standard_link/binary_info.c.obj
 .ARM.attributes
                0x000004f6       0x2c CMakeFiles/pwm_led_fade.dir/Users/ycc-yfb/pico/pico-sdk/src/rp2_common/pico_stdio/stdio.c.obj
 .ARM.attributes
                0x00000522       0x2c CMakeFiles/pwm_led_fade.dir/Users/ycc-yfb/pico/pico-sdk/src/rp2_common/pico_unique_id/unique_id.c.obj
 .ARM.attributes
                0x0000054e       0x2c CMakeFiles/pwm_led_fade.dir/Users/ycc-yfb/pico/pico-sdk/src/rp2_common/hardware_flash/flash.c.obj
 .ARM.attributes
                0x0000057a       0x22 /var/folders/g7/lmy6cnzn3ns6pdyr95mp5mp00000gn/T//ccCS7RLb.o
 .ARM.attributes
                0x0000059c       0x1e /Applications/ArmGNUToolchain/13.2.Rel1/arm-none-eabi/bin/../lib/gcc/arm-none-eabi/13.2.1/thumb/v6-m/nofp/libgcc.a(_dvmd_tls.o)
 .ARM.attributes
                0x000005ba       0x2c /Applications/ArmGNUToolchain/13.2.Rel1/arm-none-eabi/bin/../lib/gcc/arm-none-eabi/13.2.1/../../../../arm-none-eabi/lib/thumb/v6-m/nofp/libc.a(libc_a-strlen-stub.o)
 .ARM.attributes
                0x000005e6       0x2c /Applications/ArmGNUToolchain/13.2.Rel1/arm-none-eabi/bin/../lib/gcc/arm-none-eabi/13.2.1/thumb/v6-m/nofp/crtend.o

.comment        0x00000000       0x44
 .comment       0x00000000       0x44 CMakeFiles/pwm_led_fade.dir/pwm_led_fade.c.obj
                                 0x45 (size before relaxing)
 .comment       0x00000044       0x45 CMakeFiles/pwm_led_fade.dir/Users/ycc-yfb/pico/pico-sdk/src/rp2_common/hardware_gpio/gpio.c.obj
 .comment       0x00000044       0x45 CMakeFiles/pwm_led_fade.dir/Users/ycc-yfb/pico/pico-sdk/src/rp2_common/pico_platform/platform.c.obj
 .comment       0x00000044       0x45 CMakeFiles/pwm_led_fade.dir/Users/ycc-yfb/pico/pico-sdk/src/rp2_common/hardware_claim/claim.c.obj
 .comment       0x00000044       0x45 CMakeFiles/pwm_led_fade.dir/Users/ycc-yfb/pico/pico-sdk/src/rp2_common/hardware_sync/sync.c.obj
 .comment       0x00000044       0x45 CMakeFiles/pwm_led_fade.dir/Users/ycc-yfb/pico/pico-sdk/src/rp2_common/hardware_irq/irq.c.obj
 .comment       0x00000044       0x45 CMakeFiles/pwm_led_fade.dir/Users/ycc-yfb/pico/pico-sdk/src/common/pico_sync/lock_core.c.obj
 .comment       0x00000044       0x45 CMakeFiles/pwm_led_fade.dir/Users/ycc-yfb/pico/pico-sdk/src/common/pico_sync/mutex.c.obj
 .comment       0x00000044       0x45 CMakeFiles/pwm_led_fade.dir/Users/ycc-yfb/pico/pico-sdk/src/common/pico_time/time.c.obj
 .comment       0x00000044       0x45 CMakeFiles/pwm_led_fade.dir/Users/ycc-yfb/pico/pico-sdk/src/rp2_common/hardware_timer/timer.c.obj
 .comment       0x00000044       0x45 CMakeFiles/pwm_led_fade.dir/Users/ycc-yfb/pico/pico-sdk/src/common/pico_util/pheap.c.obj
 .comment       0x00000044       0x45 CMakeFiles/pwm_led_fade.dir/Users/ycc-yfb/pico/pico-sdk/src/rp2_common/hardware_clocks/clocks.c.obj
 .comment       0x00000044       0x45 CMakeFiles/pwm_led_fade.dir/Users/ycc-yfb/pico/pico-sdk/src/rp2_common/hardware_pll/pll.c.obj
 .comment       0x00000044       0x45 CMakeFiles/pwm_led_fade.dir/Users/ycc-yfb/pico/pico-sdk/src/rp2_common/hardware_watchdog/watchdog.c.obj
 .comment       0x00000044       0x45 CMakeFiles/pwm_led_fade.dir/Users/ycc-yfb/pico/pico-sdk/src/rp2_common/hardware_xosc/xosc.c.obj
 .comment       0x00000044       0x45 CMakeFiles/pwm_led_fade.dir/Users/ycc-yfb/pico/pico-sdk/src/rp2_common/pico_runtime/runtime.c.obj
 .comment       0x00000044       0x45 CMakeFiles/pwm_led_fade.dir/Users/ycc-yfb/pico/pico-sdk/src/rp2_common/pico_printf/printf.c.obj
 .comment       0x00000044       0x45 CMakeFiles/pwm_led_fade.dir/Users/ycc-yfb/pico/pico-sdk/src/rp2_common/pico_bootrom/bootrom.c.obj
 .comment       0x00000044       0x45 CMakeFiles/pwm_led_fade.dir/Users/ycc-yfb/pico/pico-sdk/src/rp2_common/pico_double/double_init_rom.c.obj
 .comment       0x00000044       0x45 CMakeFiles/pwm_led_fade.dir/Users/ycc-yfb/pico/pico-sdk/src/rp2_common/pico_float/float_init_rom.c.obj
 .comment       0x00000044       0x45 CMakeFiles/pwm_led_fade.dir/Users/ycc-yfb/pico/pico-sdk/src/rp2_common/pico_standard_link/binary_info.c.obj
 .comment       0x00000044       0x45 CMakeFiles/pwm_led_fade.dir/Users/ycc-yfb/pico/pico-sdk/src/rp2_common/pico_stdio/stdio.c.obj
 .comment       0x00000044       0x45 CMakeFiles/pwm_led_fade.dir/Users/ycc-yfb/pico/pico-sdk/src/rp2_common/pico_unique_id/unique_id.c.obj
 .comment       0x00000044       0x45 CMakeFiles/pwm_led_fade.dir/Users/ycc-yfb/pico/pico-sdk/src/rp2_common/hardware_flash/flash.c.obj

.debug_line_str
                0x00000000       0xd2
 .debug_line_str
                0x00000000       0xd2 /Applications/ArmGNUToolchain/13.2.Rel1/arm-none-eabi/bin/../lib/gcc/arm-none-eabi/13.2.1/thumb/v6-m/nofp/libgcc.a(_dvmd_tls.o)

.debug_frame    0x00000000       0x28
 .debug_frame   0x00000000       0x28 /Applications/ArmGNUToolchain/13.2.Rel1/arm-none-eabi/bin/../lib/gcc/arm-none-eabi/13.2.1/../../../../arm-none-eabi/lib/thumb/v6-m/nofp/libc.a(libc_a-strlen-stub.o)
